==========================================
Building for hw_emu with FULL ogbn-products dataset
==========================================

WARNING: This will use the full dataset (2.4M nodes, 61.9M edges)
Hardware emulation will be VERY SLOW (potentially hours/days)


Step 1: Building kernel WITHOUT TEST_MODE...
=== Building Kernel XCLBIN for TARGET=hw_emu ===
# Pass COMMON_FLAGS to kernel makefile (-D is supported by standard v++ kernel compiler)
make -C kernel TARGET=hw_emu PLATFORM=xilinx_u50_gen3x16_xdma_5_202210_1 EXTRA_FLAGS="" xclbin
make[1]: Entering directory '/home/sumit.k/ogbn-products/gnn-inference-on-alveo-u50/kernel'
v++ -c -k gnn -t hw_emu --platform xilinx_u50_gen3x16_xdma_5_202210_1 \
                -I../kernel \
                 \
                --report_level 2 \
                --save-temps \
                -o build/gcn_layer_hls.hw_emu.xo gnn_hls.cpp
application-specific initialization failed: Can't find a usable init.tcl in the following directories: 
    /tmp/pabuild/tcl8.6.13/lib/tcl8.6 /usr/lib/tcl8.6 /lib/tcl8.6 /usr/library /library /tcl8.6.13/library /tcl8.6.13/library



This probably means that Tcl wasn't installed properly.

application-specific initialization failed: Can't find a usable init.tcl in the following directories: 
    /tmp/pabuild/tcl8.6.13/lib/tcl8.6 /usr/lib/tcl8.6 /lib/tcl8.6 /usr/library /library /tcl8.6.13/library /tcl8.6.13/library



This probably means that Tcl wasn't installed properly.

Option Map File Used: '/home/Xilinx/2025.1/Vitis/data/vitis/vpp/optMap.xml'

****** v++ v2025.1 (64-bit)
  **** SW Build 6137779 on 2025-05-21-18:10:03
  **** Start of session at: Mon Nov 24 06:33:33 2025
    ** Copyright 1986-2022 Xilinx, Inc. All Rights Reserved.
    ** Copyright 2022-2025 Advanced Micro Devices, Inc. All Rights Reserved.

INFO: [v++ 60-1306] Additional information associated with this v++ compile can be found at:
	Reports: /home/sumit.k/ogbn-products/gnn-inference-on-alveo-u50/kernel/_x/reports/gcn_layer_hls.hw_emu
	Log files: /home/sumit.k/ogbn-products/gnn-inference-on-alveo-u50/kernel/_x/logs/gcn_layer_hls.hw_emu
INFO: [v++ 60-1548] Creating build summary session with primary output /home/sumit.k/ogbn-products/gnn-inference-on-alveo-u50/kernel/build/gcn_layer_hls.hw_emu.xo.compile_summary, at Mon Nov 24 06:33:38 2025
INFO: [v++ 60-1315] Creating rulecheck session with output '/home/sumit.k/ogbn-products/gnn-inference-on-alveo-u50/kernel/_x/reports/gcn_layer_hls.hw_emu/v++_compile_gcn_layer_hls.hw_emu_guidance.html', at Mon Nov 24 06:33:38 2025
INFO: [v++ 60-895]   Target platform: /opt/xilinx/platforms/xilinx_u50_gen3x16_xdma_5_202210_1/xilinx_u50_gen3x16_xdma_5_202210_1.xpfm
INFO: [v++ 60-1578]   This platform contains Xilinx Shell Archive '/opt/xilinx/platforms/xilinx_u50_gen3x16_xdma_5_202210_1/hw/hw.xsa'
INFO: [v++ 74-78] Compiler Version string: 2025.1
INFO: [v++ 60-1302] Platform 'xilinx_u50_gen3x16_xdma_5_202210_1.xpfm' has been explicitly enabled for this release.
INFO: [v++ 60-585] Compiling for hardware emulation target
INFO: [v++ 60-423]   Target device: xilinx_u50_gen3x16_xdma_5_202210_1
INFO: [v++ 60-242] Creating kernel: 'gnn'
