sumit.k@node08:~/gnn-inference-on-alveo-u50$ make kernel TARGET=hw
=== Building Kernel XCLBIN for TARGET=hw ===
make -C kernel TARGET=hw PLATFORM=xilinx_u50_gen3x16_xdma_5_202210_1 xclbin
make[1]: Entering directory '/home/sumit.k/gnn-inference-on-alveo-u50/kernel'
v++ -c -k gnn -t hw --platform xilinx_u50_gen3x16_xdma_5_202210_1 \
	-I../kernel \
	--report_level 2 \
	--save-temps \
	-o build/gcn_layer_hls.hw.xo gnn_hls.cpp
application-specific initialization failed: Can't find a usable init.tcl in the following directories: 
    /tmp/pabuild/tcl8.6.13/lib/tcl8.6 /usr/lib/tcl8.6 /lib/tcl8.6 /usr/library /library /tcl8.6.13/library /tcl8.6.13/library



This probably means that Tcl wasn't installed properly.

application-specific initialization failed: Can't find a usable init.tcl in the following directories: 
    /tmp/pabuild/tcl8.6.13/lib/tcl8.6 /usr/lib/tcl8.6 /lib/tcl8.6 /usr/library /library /tcl8.6.13/library /tcl8.6.13/library



This probably means that Tcl wasn't installed properly.

Option Map File Used: '/home/Xilinx/2025.1/Vitis/data/vitis/vpp/optMap.xml'

****** v++ v2025.1 (64-bit)
  **** SW Build 6137779 on 2025-05-21-18:10:03
  **** Start of session at: Mon Nov 17 22:31:27 2025
    ** Copyright 1986-2022 Xilinx, Inc. All Rights Reserved.
    ** Copyright 2022-2025 Advanced Micro Devices, Inc. All Rights Reserved.

INFO: [v++ 60-1306] Additional information associated with this v++ compile can be found at:
	Reports: /home/sumit.k/gnn-inference-on-alveo-u50/kernel/_x/reports/gcn_layer_hls.hw
	Log files: /home/sumit.k/gnn-inference-on-alveo-u50/kernel/_x/logs/gcn_layer_hls.hw
INFO: [v++ 60-1548] Creating build summary session with primary output /home/sumit.k/gnn-inference-on-alveo-u50/kernel/build/gcn_layer_hls.hw.xo.compile_summary, at Mon Nov 17 22:31:30 2025
INFO: [v++ 60-1315] Creating rulecheck session with output '/home/sumit.k/gnn-inference-on-alveo-u50/kernel/_x/reports/gcn_layer_hls.hw/v++_compile_gcn_layer_hls.hw_guidance.html', at Mon Nov 17 22:31:30 2025
INFO: [v++ 60-895]   Target platform: /opt/xilinx/platforms/xilinx_u50_gen3x16_xdma_5_202210_1/xilinx_u50_gen3x16_xdma_5_202210_1.xpfm
INFO: [v++ 60-1578]   This platform contains Xilinx Shell Archive '/opt/xilinx/platforms/xilinx_u50_gen3x16_xdma_5_202210_1/hw/hw.xsa'
INFO: [v++ 74-78] Compiler Version string: 2025.1
INFO: [v++ 60-1302] Platform 'xilinx_u50_gen3x16_xdma_5_202210_1.xpfm' has been explicitly enabled for this release.
INFO: [v++ 60-585] Compiling for hardware target
INFO: [v++ 60-423]   Target device: xilinx_u50_gen3x16_xdma_5_202210_1
INFO: [v++ 60-242] Creating kernel: 'gnn'
  
===>The following messages were generated while  performing high-level synthesis for kernel: gnn Log file: /home/sumit.k/gnn-inference-on-alveo-u50/kernel/_x/gcn_layer_hls.hw/gnn/vitis_hls.log :
INFO: [v++ 204-61] Pipelining loop 'VITIS_LOOP_16_1'.
INFO: [v++ 200-1470] Pipelining result : Target II = 1, Final II = 1, Depth = 75, loop 'VITIS_LOOP_16_1'
INFO: [v++ 204-61] Pipelining loop 'VITIS_LOOP_20_2'.
INFO: [v++ 200-1470] Pipelining result : Target II = 1, Final II = 1, Depth = 3, loop 'VITIS_LOOP_20_2'
INFO: [v++ 204-61] Pipelining loop 'VITIS_LOOP_24_3'.
INFO: [v++ 200-1470] Pipelining result : Target II = 1, Final II = 1, Depth = 3, loop 'VITIS_LOOP_24_3'
INFO: [v++ 204-61] Pipelining loop 'VITIS_LOOP_29_4'.
INFO: [v++ 200-1470] Pipelining result : Target II = 1, Final II = 1, Depth = 74, loop 'VITIS_LOOP_29_4'
INFO: [v++ 204-61] Pipelining loop 'VITIS_LOOP_56_1_VITIS_LOOP_57_2'.
INFO: [v++ 200-1470] Pipelining result : Target II = 1, Final II = 1, Depth = 5, loop 'VITIS_LOOP_56_1_VITIS_LOOP_57_2'
INFO: [v++ 204-61] Pipelining loop 'VITIS_LOOP_64_3_VITIS_LOOP_65_4'.
INFO: [v++ 200-1470] Pipelining result : Target II = 1, Final II = 1, Depth = 3, loop 'VITIS_LOOP_64_3_VITIS_LOOP_65_4'
INFO: [v++ 204-61] Pipelining loop 'VITIS_LOOP_71_5'.
INFO: [v++ 200-1470] Pipelining result : Target II = 1, Final II = 1, Depth = 3, loop 'VITIS_LOOP_71_5'
INFO: [v++ 204-61] Pipelining loop 'VITIS_LOOP_76_6'.
INFO: [v++ 200-1470] Pipelining result : Target II = 1, Final II = 1, Depth = 3, loop 'VITIS_LOOP_76_6'
INFO: [v++ 204-61] Pipelining loop 'VITIS_LOOP_86_7_VITIS_LOOP_87_8'.
INFO: [v++ 200-1470] Pipelining result : Target II = 1, Final II = 1, Depth = 5, loop 'VITIS_LOOP_86_7_VITIS_LOOP_87_8'
INFO: [v++ 204-61] Pipelining loop 'VITIS_LOOP_97_10'.
WARNING: [v++ 200-885] The II Violation in module 'compute_gcn_Pipeline_VITIS_LOOP_97_10' (loop 'VITIS_LOOP_97_10'): Unable to schedule 'load' operation 32 bit ('feature', /home/sumit.k/gnn-inference-on-alveo-u50/kernel/gnn_hls.cpp:103) on array 'compute_gcn_stream_stream_stream_stream_stream_stream_h_in_buf_9' due to limited memory ports (II = 35). Please consider using a memory core with more ports or partitioning the array 'compute_gcn_stream_stream_stream_stream_stream_stream_h_in_buf_9'.
Resolution: For help on HLS 200-885 see docs.xilinx.com/access/sources/dita/topic?Doc_Version=2025.1%20English&url=ug1448-hls-guidance&resourceid=200-885.html
WARNING: [v++ 200-885] The II Violation in module 'compute_gcn_Pipeline_VITIS_LOOP_97_10' (loop 'VITIS_LOOP_97_10'): Unable to schedule 'load' operation 32 bit ('feature', /home/sumit.k/gnn-inference-on-alveo-u50/kernel/gnn_hls.cpp:103) on array 'compute_gcn_stream_stream_stream_stream_stream_stream_h_in_buf_9' due to limited memory ports (II = 43). Please consider using a memory core with more ports or partitioning the array 'compute_gcn_stream_stream_stream_stream_stream_stream_h_in_buf_9'.
Resolution: For help on HLS 200-885 see docs.xilinx.com/access/sources/dita/topic?Doc_Version=2025.1%20English&url=ug1448-hls-guidance&resourceid=200-885.html
WARNING: [v++ 200-885] The II Violation in module 'compute_gcn_Pipeline_VITIS_LOOP_97_10' (loop 'VITIS_LOOP_97_10'): Unable to schedule 'load' operation 32 bit ('feature', /home/sumit.k/gnn-inference-on-alveo-u50/kernel/gnn_hls.cpp:103) on array 'compute_gcn_stream_stream_stream_stream_stream_stream_h_in_buf_9' due to limited memory ports (II = 44). Please consider using a memory core with more ports or partitioning the array 'compute_gcn_stream_stream_stream_stream_stream_stream_h_in_buf_9'.
Resolution: For help on HLS 200-885 see docs.xilinx.com/access/sources/dita/topic?Doc_Version=2025.1%20English&url=ug1448-hls-guidance&resourceid=200-885.html
INFO: [v++ 200-1470] Pipelining result : Target II = NA, Final II = 45, Depth = 62, loop 'VITIS_LOOP_97_10'
INFO: [v++ 204-61] Pipelining loop 'VITIS_LOOP_110_12_VITIS_LOOP_111_13'.
WARNING: [v++ 200-885] The II Violation in module 'compute_gcn_Pipeline_VITIS_LOOP_110_12_VITIS_LOOP_111_13' (loop 'VITIS_LOOP_110_12_VITIS_LOOP_111_13'): Unable to schedule 'load' operation 32 bit ('compute_gcn_stream_stream_stream_stream_stream_stream_aggregated_features_2184', /home/sumit.k/gnn-inference-on-alveo-u50/kernel/gnn_hls.cpp:110) on array 'compute_gcn_stream_stream_stream_stream_stream_stream_aggregated_features_9' due to limited memory ports (II = 1). Please consider using a memory core with more ports or partitioning the array 'compute_gcn_stream_stream_stream_stream_stream_stream_aggregated_features_9'.
Resolution: For help on HLS 200-885 see docs.xilinx.com/access/sources/dita/topic?Doc_Version=2025.1%20English&url=ug1448-hls-guidance&resourceid=200-885.html
WARNING: [v++ 200-885] The II Violation in module 'compute_gcn_Pipeline_VITIS_LOOP_110_12_VITIS_LOOP_111_13' (loop 'VITIS_LOOP_110_12_VITIS_LOOP_111_13'): Unable to schedule 'load' operation 32 bit ('compute_gcn_stream_stream_stream_stream_stream_stream_aggregated_features_2224', /home/sumit.k/gnn-inference-on-alveo-u50/kernel/gnn_hls.cpp:110) on array 'compute_gcn_stream_stream_stream_stream_stream_stream_aggregated_features_9' due to limited memory ports (II = 2). Please consider using a memory core with more ports or partitioning the array 'compute_gcn_stream_stream_stream_stream_stream_stream_aggregated_features_9'.
Resolution: For help on HLS 200-885 see docs.xilinx.com/access/sources/dita/topic?Doc_Version=2025.1%20English&url=ug1448-hls-guidance&resourceid=200-885.html
WARNING: [v++ 200-885] The II Violation in module 'compute_gcn_Pipeline_VITIS_LOOP_110_12_VITIS_LOOP_111_13' (loop 'VITIS_LOOP_110_12_VITIS_LOOP_111_13'): Unable to schedule 'load' operation 32 bit ('compute_gcn_stream_stream_stream_stream_stream_stream_aggregated_features_2264', /home/sumit.k/gnn-inference-on-alveo-u50/kernel/gnn_hls.cpp:110) on array 'compute_gcn_stream_stream_stream_stream_stream_stream_aggregated_features_9' due to limited memory ports (II = 3). Please consider using a memory core with more ports or partitioning the array 'compute_gcn_stream_stream_stream_stream_stream_stream_aggregated_features_9'.
Resolution: For help on HLS 200-885 see docs.xilinx.com/access/sources/dita/topic?Doc_Version=2025.1%20English&url=ug1448-hls-guidance&resourceid=200-885.html
WARNING: [v++ 200-885] The II Violation in module 'compute_gcn_Pipeline_VITIS_LOOP_110_12_VITIS_LOOP_111_13' (loop 'VITIS_LOOP_110_12_VITIS_LOOP_111_13'): Unable to schedule 'load' operation 32 bit ('compute_gcn_stream_stream_stream_stream_stream_stream_aggregated_features_2304', /home/sumit.k/gnn-inference-on-alveo-u50/kernel/gnn_hls.cpp:110) on array 'compute_gcn_stream_stream_stream_stream_stream_stream_aggregated_features_9' due to limited memory ports (II = 4). Please consider using a memory core with more ports or partitioning the array 'compute_gcn_stream_stream_stream_stream_stream_stream_aggregated_features_9'.
Resolution: For help on HLS 200-885 see docs.xilinx.com/access/sources/dita/topic?Doc_Version=2025.1%20English&url=ug1448-hls-guidance&resourceid=200-885.html
WARNING: [v++ 200-885] The II Violation in module 'compute_gcn_Pipeline_VITIS_LOOP_110_12_VITIS_LOOP_111_13' (loop 'VITIS_LOOP_110_12_VITIS_LOOP_111_13'): Unable to schedule 'load' operation 32 bit ('compute_gcn_stream_stream_stream_stream_stream_stream_aggregated_features_1326', /home/sumit.k/gnn-inference-on-alveo-u50/kernel/gnn_hls.cpp:110) on array 'compute_gcn_stream_stream_stream_stream_stream_stream_aggregated_features_9' due to limited memory ports (II = 35). Please consider using a memory core with more ports or partitioning the array 'compute_gcn_stream_stream_stream_stream_stream_stream_aggregated_features_9'.
Resolution: For help on HLS 200-885 see docs.xilinx.com/access/sources/dita/topic?Doc_Version=2025.1%20English&url=ug1448-hls-guidance&resourceid=200-885.html
WARNING: [v++ 200-885] The II Violation in module 'compute_gcn_Pipeline_VITIS_LOOP_110_12_VITIS_LOOP_111_13' (loop 'VITIS_LOOP_110_12_VITIS_LOOP_111_13'): Unable to schedule 'load' operation 32 bit ('compute_gcn_stream_stream_stream_stream_stream_stream_aggregated_features_1486', /home/sumit.k/gnn-inference-on-alveo-u50/kernel/gnn_hls.cpp:110) on array 'compute_gcn_stream_stream_stream_stream_stream_stream_aggregated_features_9' due to limited memory ports (II = 43). Please consider using a memory core with more ports or partitioning the array 'compute_gcn_stream_stream_stream_stream_stream_stream_aggregated_features_9'.
Resolution: For help on HLS 200-885 see docs.xilinx.com/access/sources/dita/topic?Doc_Version=2025.1%20English&url=ug1448-hls-guidance&resourceid=200-885.html
WARNING: [v++ 200-885] The II Violation in module 'compute_gcn_Pipeline_VITIS_LOOP_110_12_VITIS_LOOP_111_13' (loop 'VITIS_LOOP_110_12_VITIS_LOOP_111_13'): Unable to schedule 'load' operation 32 bit ('compute_gcn_stream_stream_stream_stream_stream_stream_aggregated_features_1506', /home/sumit.k/gnn-inference-on-alveo-u50/kernel/gnn_hls.cpp:110) on array 'compute_gcn_stream_stream_stream_stream_stream_stream_aggregated_features_9' due to limited memory ports (II = 44). Please consider using a memory core with more ports or partitioning the array 'compute_gcn_stream_stream_stream_stream_stream_stream_aggregated_features_9'.
Resolution: For help on HLS 200-885 see docs.xilinx.com/access/sources/dita/topic?Doc_Version=2025.1%20English&url=ug1448-hls-guidance&resourceid=200-885.html
INFO: [v++ 200-1470] Pipelining result : Target II = NA, Final II = 45, Depth = 10042, loop 'VITIS_LOOP_110_12_VITIS_LOOP_111_13'
INFO: [v++ 204-61] Pipelining loop 'VITIS_LOOP_129_1_VITIS_LOOP_130_2'.
INFO: [v++ 200-1470] Pipelining result : Target II = 1, Final II = 1, Depth = 72, loop 'VITIS_LOOP_129_1_VITIS_LOOP_130_2'
INFO: [v++ 200-790] **** Loop Constraint Status: All loop constraints were satisfied.
INFO: [v++ 200-789] **** Estimated Fmax: 341.92 MHz
INFO: [v++ 60-594] Finished kernel compilation
INFO: [v++ 60-244] Generating system estimate report...
INFO: [v++ 60-1092] Generated system estimate report: /home/sumit.k/gnn-inference-on-alveo-u50/kernel/_x/reports/gcn_layer_hls.hw/system_estimate_gcn_layer_hls.hw.xtxt
INFO: [v++ 60-586] Created build/gcn_layer_hls.hw.xo
INFO: [v++ 60-2343] Use the Vitis Unified IDE to visualize and navigate the reports. Run the following command. 
    vitis --analyze /home/sumit.k/gnn-inference-on-alveo-u50/kernel/build/gcn_layer_hls.hw.xo.compile_summary 
INFO: [v++ 60-791] Total elapsed time: 1h 58m 0s
INFO: [v++ 60-1653] Closing dispatch client.
v++ -l -t hw --platform xilinx_u50_gen3x16_xdma_5_202210_1 \
	--config link.cfg \
	-o build/gcn_layer_hls.hw.xclbin build/gcn_layer_hls.hw.xo
application-specific initialization failed: Can't find a usable init.tcl in the following directories: 
    /tmp/pabuild/tcl8.6.13/lib/tcl8.6 /usr/lib/tcl8.6 /lib/tcl8.6 /usr/library /library /tcl8.6.13/library /tcl8.6.13/library



This probably means that Tcl wasn't installed properly.

application-specific initialization failed: Can't find a usable init.tcl in the following directories: 
    /tmp/pabuild/tcl8.6.13/lib/tcl8.6 /usr/lib/tcl8.6 /lib/tcl8.6 /usr/library /library /tcl8.6.13/library /tcl8.6.13/library



This probably means that Tcl wasn't installed properly.

Option Map File Used: '/home/Xilinx/2025.1/Vitis/data/vitis/vpp/optMap.xml'

****** v++ v2025.1 (64-bit)
  **** SW Build 6137779 on 2025-05-21-18:10:03
  **** Start of session at: Tue Nov 18 00:29:30 2025
    ** Copyright 1986-2022 Xilinx, Inc. All Rights Reserved.
    ** Copyright 2022-2025 Advanced Micro Devices, Inc. All Rights Reserved.

ERROR: [v++ 60-2365] Invalid format for 'advanced.param' option: compiler.fallbackDdrRead
INFO: [v++ 60-1662] Stopping dispatch session having empty uuid.
INFO: [v++ 60-1653] Closing dispatch client.
make[1]: *** [Makefile:36: build/gcn_layer_hls.hw.xclbin] Error 1
make[1]: Leaving directory '/home/sumit.k/gnn-inference-on-alveo-u50/kernel'
make: *** [Makefile:54: kernel] Error 2
