# 
# Steps log generated by v++
# This log file contains a collection of steps that describe the kernel compilation flow
# Note: Some steps are tagged as internal, these steps are for debugging purposes and 
#       are not expected to be able to run independently.
# 

# The following environment variables are set when running vitis-run
Environment variables :
------------------------------------------
SHELL=/bin/bash
RDI_APPROOT=/home/Xilinx/2025.1/Vitis
RDI_JAVA_PLATFORM=
LANGUAGE=en_US:en
MAKE_TERMOUT=/dev/pts/9
XIL_SUPPRESS_OVERRIDE_WARNINGS=1
RDI_BINROOT=/home/Xilinx/2025.1/Vitis/bin
XILINX_VIVADO=/home/Xilinx/2025.1/Vivado
RDI_OPT_EXT=.o
RDI_INSTALLVER=Vitis
RDI_INSTALLROOT=/home/Xilinx
RDI_PATCHROOT=
MATLABPATH=/home/Xilinx/2025.1/Vitis/functional_suite/lib/matlab/mex:/home/Xilinx/2025.1/Vitis/functional_suite/varray/matlab:/home/Xilinx/2025.1/Vitis/functional_suite/vfs/matlab:/home/Xilinx/2025.1/Vitis/functional_suite/vfs/matlab/src:/home/Xilinx/2025.1/Vitis/functional_suite/common/matlab:/home/Xilinx/2025.1/Vitis/functional_suite/hil/matlab
XILINX_XRT=/opt/xilinx/xrt
XIL_NO_OVERRIDE=0
ENV=/usr/share/modules/init/profile.sh
RDI_LIBDIR=/home/Xilinx/2025.1/Vitis/lib/lnx64.o/Ubuntu/20:/home/Xilinx/2025.1/Vitis/lib/lnx64.o/Ubuntu:/home/Xilinx/2025.1/Vitis/lib/lnx64.o
PWD=/home/sumit.k/gnn-inference-on-alveo-u50
LOGNAME=sumit.k
_RDI_DONT_SET_XILINX_AS_PATH=True
MODULESHOME=/usr/share/modules
MANPATH=:
RDI_PREPEND_PATH=/home/Xilinx/2025.1/Vitis/bin
XILINX_DSP=
MOTD_SHOWN=pam
HOME=/home/sumit.k
SYNTH_COMMON=/home/Xilinx/2025.1/Vitis/scripts/rt/data
LANG=en_US.UTF-8
PLATFORM_REPO_PATHS=/opt/xilinx/platforms
XILINX_HLS=/home/Xilinx/2025.1/Vitis
RDI_BUILD=yes
RDI_PROG=/home/Xilinx/2025.1/Vitis/bin/unwrapped/lnx64.o/vitis-run
SSH_CONNECTION=172.16.0.10 39096 172.16.0.18 22
RDI_SESSION_INFO=/home/sumit.k/gnn-inference-on-alveo-u50:node08_1763404701_2998926
RT_TCL_PATH=/home/Xilinx/2025.1/Vitis/scripts/rt/base_tcl/tcl
MFLAGS=
XILINX_SDK=/home/Xilinx/2025.1/Vitis
RDI_SHARED_DATA=/home/Xilinx/2025.1/SharedData/data
MODULEPATH_modshare=/etc/environment-modules/modules:1:/usr/share/modules/$MODULE_VERSION/modulefiles:1:/usr/share/modules/modulefiles:1:/usr/share/modules/versions:1
MAKEFLAGS=
PYTHONPATH=/home/Xilinx/2025.1/Vitis/functional_suite/vfs/python:/home/Xilinx/2025.1/Vitis/functional_suite/varray/python:/home/Xilinx/2025.1/Vitis/functional_suite/lib/python:/opt/xilinx/xrt/python
TERM=xterm-256color
USER=sumit.k
LIBRARY_PATH=/usr/lib/x86_64-linux-gnu
MAKE_TERMERR=/dev/pts/9
XILINX_PLANAHEAD=/home/Xilinx/2025.1/Vitis
RDI_BASEROOT=/home/Xilinx/2025.1
RDI_TPS_ROOT=/home/Xilinx/2025.1/Vivado/tps/lnx64
RDI_JAVA_VERSION=21.0.1_12
LOADEDMODULES=
RDI_DATADIR=/home/Xilinx/2025.1/SharedData/data:/home/Xilinx/2025.1/Vitis/data
SHLVL=3
BASH_ENV=/usr/share/modules/init/bash
MAKELEVEL=1
XIL_CHECK_TCL_DEBUG=False
SYSTEMPLATFORM=Ubuntu
LM_LICENSE_FILE=2100@rce.iiit.ac.in
LD_LIBRARY_PATH=/home/Xilinx/2025.1/Vitis/tps/lnx64/java-cef-95.0.4638.69/bin/lib/linux64:/home/Xilinx/2025.1/Vitis/lib/lnx64.o/Ubuntu/20:/home/Xilinx/2025.1/Vitis/lib/lnx64.o/Ubuntu:/home/Xilinx/2025.1/Vitis/lib/lnx64.o:/home/Xilinx/2025.1/Vitis/tps/lnx64/jre21.0.1_12/lib/:/home/Xilinx/2025.1/Vitis/tps/lnx64/jre21.0.1_12/lib//server:/home/Xilinx/2025.1/Vitis/lib/lnx64.o/Ubuntu/20:/home/Xilinx/2025.1/Vitis/lib/lnx64.o/Ubuntu:/home/Xilinx/2025.1/Vitis/lib/lnx64.o:/opt/xilinx/xrt/lib:/opt/xilinx/xrt/lib:
HDIPRELDPATH=/home/Xilinx/2025.1/Vitis/lib/lnx64.o/Ubuntu/20:/home/Xilinx/2025.1/Vitis/lib/lnx64.o/Ubuntu:/home/Xilinx/2025.1/Vitis/lib/lnx64.o:/opt/xilinx/xrt/lib:/opt/xilinx/xrt/lib:
TCMALLOC_LARGE_ALLOC_REPORT_THRESHOLD=4294967296
SSH_CLIENT=172.16.0.10 39096 22
TCL_LIBRARY=/home/Xilinx/2025.1/Vitis/tps/tcl/tcl8.6
LC_ALL=en_US.UTF-8
XDG_DATA_DIRS=/usr/local/share:/usr/share:/var/lib/snapd/desktop
PATH=/home/Xilinx/2025.1/Vivado/tps/lnx64/binutils-2.26/bin:/home/Xilinx/2025.1/Vitis/bin/../gnu/aarch64/lin/aarch64-linux/bin:/home/Xilinx/2025.1/Vitis/bin/../gnu/ppc64le/4.9.3/lnx64/bin:/home/Xilinx/2025.1/Vitis/bin/../gnu/aarch32/lin/gcc-arm-linux-gnueabi/bin:/home/Xilinx/2025.1/Vivado/tps/lnx64/gcc-8.3.0/bin:/home/Xilinx/2025.1/Vivado/gnu/microblaze/lin/bin:/home/Xilinx/2025.1/Vitis/bin:/home/Xilinx/2025.1/Vitis/tps/lnx64/jre21.0.1_12/bin:/home/Xilinx/2025.1/Model_Composer/bin:/home/Xilinx/DocNav:/home/Xilinx/2025.1/Vitis/gnu/microblaze/lin/bin:/home/Xilinx/2025.1/Vitis/gnu/microblaze/linux_toolchain/lin64_le/bin:/home/Xilinx/2025.1/Vitis/gnu/aarch32/lin/gcc-arm-linux-gnueabi/bin:/home/Xilinx/2025.1/Vitis/gnu/aarch32/lin/gcc-arm-none-eabi/bin:/home/Xilinx/2025.1/Vitis/gnu/aarch64/lin/aarch64-linux/bin:/home/Xilinx/2025.1/Vitis/gnu/aarch64/lin/aarch64-none/bin:/home/Xilinx/2025.1/Vitis/gnu/armr5/lin/gcc-arm-none-eabi/bin:/home/Xilinx/2025.1/Vitis/aietools/bin:/home/Xilinx/2025.1/Vitis/gnu/riscv/lin/riscv64-unknown-elf/bin:/home/Xilinx/2025.1/Vitis/functional_suite/hil:/home/Xilinx/2025.1/Vivado/bin:/opt/xilinx/xrt/bin:/home/sumit.k/.local/bin:/home/sumit.k/bin:/usr/local/sbin:/usr/local/bin:/usr/sbin:/usr/bin:/sbin:/bin:/usr/games:/usr/local/games:/snap/bin
RT_LIBPATH=/home/Xilinx/2025.1/Vitis/scripts/rt/data
MODULEPATH=/etc/environment-modules/modules:/usr/share/modules/versions:/usr/share/modules/$MODULE_VERSION/modulefiles:/usr/share/modules/modulefiles
HDI_APPROOT=/home/Xilinx/2025.1/Vitis
RDI_PLATFORM=lnx64
MYVIVADO=
SSH_TTY=/dev/pts/9
ISL_IOSTREAMS_RSA=/home/Xilinx/2025.1/Vitis/tps/isl
XILINX_VITIS=/home/Xilinx/2025.1/Vitis
OLDPWD=/home/Xilinx/2025.1/SharedData/data
MODULES_CMD=/usr/lib/x86_64-linux-gnu/modulecmd.tcl
BASH_FUNC_switchml%%=() {  typeset swfound=1;
 if [ "${MODULES_USE_COMPAT_VERSION:-0}" = '1' ]; then
 typeset swname='main';
 if [ -e /usr/lib/x86_64-linux-gnu/modulecmd.tcl ]; then
 typeset swfound=0;
 unset MODULES_USE_COMPAT_VERSION;
 fi;
 else
 typeset swname='compatibility';
 if [ -e /usr/lib/x86_64-linux-gnu/modulecmd-compat ]; then
 typeset swfound=0;
 MODULES_USE_COMPAT_VERSION=1;
 export MODULES_USE_COMPAT_VERSION;
 fi;
 fi;
 if [ $swfound -eq 0 ]; then
 echo "Switching to Modules $swname version";
 source /usr/share/modules/init/bash;
 else
 echo "Cannot switch to Modules $swname version, command not found";
 return 1;
 fi
}
BASH_FUNC_module%%=() {  _module_raw "$@" 2>&1
}
BASH_FUNC__module_raw%%=() {  unset _mlshdbg;
 if [ "${MODULES_SILENT_SHELL_DEBUG:-0}" = '1' ]; then
 case "$-" in 
 *v*x*)
 set +vx;
 _mlshdbg='vx'
 ;;
 *v*)
 set +v;
 _mlshdbg='v'
 ;;
 *x*)
 set +x;
 _mlshdbg='x'
 ;;
 *)
 _mlshdbg=''
 ;;
 esac;
 fi;
 unset _mlre _mlIFS;
 if [ -n "${IFS+x}" ]; then
 _mlIFS=$IFS;
 fi;
 IFS=' ';
 for _mlv in ${MODULES_RUN_QUARANTINE:-};
 do
 if [ "${_mlv}" = "${_mlv##*[!A-Za-z0-9_]}" -a "${_mlv}" = "${_mlv#[0-9]}" ]; then
 if [ -n "`eval 'echo ${'$_mlv'+x}'`" ]; then
 _mlre="${_mlre:-}${_mlv}_modquar='`eval 'echo ${'$_mlv'}'`' ";
 fi;
 _mlrv="MODULES_RUNENV_${_mlv}";
 _mlre="${_mlre:-}${_mlv}='`eval 'echo ${'$_mlrv':-}'`' ";
 fi;
 done;
 if [ -n "${_mlre:-}" ]; then
 eval `eval ${_mlre}/usr/bin/tclsh8.6 /usr/lib/x86_64-linux-gnu/modulecmd.tcl bash '"$@"'`;
 else
 eval `/usr/bin/tclsh8.6 /usr/lib/x86_64-linux-gnu/modulecmd.tcl bash "$@"`;
 fi;
 _mlstatus=$?;
 if [ -n "${_mlIFS+x}" ]; then
 IFS=$_mlIFS;
 else
 unset IFS;
 fi;
 unset _mlre _mlv _mlrv _mlIFS;
 if [ -n "${_mlshdbg:-}" ]; then
 set -$_mlshdbg;
 fi;
 unset _mlshdbg;
 return $_mlstatus
}
_=/home/Xilinx/2025.1/Vitis/bin/unwrapped/lnx64.o/vitis-run
XILINX_CD_CONNECT_ID=33013
XILINX_CD_SESSION=cb1a703b-d810-4738-bea6-3410360e7aa2


VITIS-RUN command line:
------------------------------------------
/home/Xilinx/2025.1/Vitis/bin/unwrapped/lnx64.o/vitis-run --mode hls --csim --config hls_csim.cfg --work_dir build/hls 

FINAL PROGRAM OPTIONS
--config hls_csim.cfg
--csim
--hls.clock 5
--hls.csim.O true
--hls.csim.clean true
--hls.csim.profile true
--hls.flow_target vitis
--hls.syn.file kernel/gnn_hls.cpp
--hls.syn.top gnn
--hls.tb.file tb/gnn_test.cpp
--mode hls
--part xcvu35p-fsvh2104-2L-e
--work_dir build/hls

PARSED COMMAND LINE OPTIONS
--mode hls 
--csim 
--config hls_csim.cfg 
--work_dir build/hls 

PARSED CONFIG FILE (1) OPTIONS
file: hls_csim.cfg
part xcvu35p-fsvh2104-2L-e 
hls.flow_target vitis 
hls.clock 5 
hls.syn.file kernel/gnn_hls.cpp 
hls.syn.top gnn 
hls.tb.file tb/gnn_test.cpp 
hls.csim.O true 
hls.csim.clean true 
hls.csim.profile true 


==========================================
new:  steps log generated by v++ for new launch 
timestamp: 17 Nov 2025 18:38:26

------------------------------------------
V++ command line :
------------------------------------------
/home/Xilinx/2025.1/Vitis/bin/unwrapped/lnx64.o/v++ -c --mode hls --config hls_csim.cfg --work_dir build/hls 
  Options from -O    : 
  Options from *.ini : 
  Options from Hw Platform : 

==========================================
new:  steps log generated by v++ for new launch 
timestamp: 17 Nov 2025 18:40:07

------------------------------------------
V++ command line :
------------------------------------------
/home/Xilinx/2025.1/Vitis/bin/unwrapped/lnx64.o/v++ -c --mode hls --config hls_csim.cfg --work_dir build/hls 
  Options from -O    : 
  Options from *.ini : 
  Options from Hw Platform : 

==========================================
new:  steps log generated by v++ for new launch 
timestamp: 17 Nov 2025 19:09:09
