  **** HLS Build v2025.1 6135595
INFO: [HLS 200-2005] Using work_dir /home/yashas.b/gnn-inference-on-alveo-u50/build/hls 
INFO: [HLS 200-2006] Changing directory to /home/yashas.b/gnn-inference-on-alveo-u50/build
INFO: [HLS 200-2176] Writing Vitis IDE component file /home/yashas.b/gnn-inference-on-alveo-u50/build/hls/vitis-comp.json
INFO: [HLS 200-10] Creating and opening component '/home/yashas.b/gnn-inference-on-alveo-u50/build/hls'.
INFO: [HLS 200-1505] Using default flow_target 'vivado'
Resolution: For help on HLS 200-1505 see docs.xilinx.com/access/sources/dita/topic?Doc_Version=2025.1%20English&url=ug1448-hls-guidance&resourceid=200-1505.html
INFO: [HLS 200-2174] Applying component config ini file /home/yashas.b/gnn-inference-on-alveo-u50/hls_csim.cfg
WARNING: [HLS 200-1921] Skipping unknown config ini [hls] entry 'csim.profile=true' from /home/yashas.b/gnn-inference-on-alveo-u50/hls_csim.cfg(16)
INFO: [HLS 200-1465] Applying config ini 'syn.file=gnn_hls.cpp' from /home/yashas.b/gnn-inference-on-alveo-u50/hls_csim.cfg(8)
INFO: [HLS 200-10] Adding design file '/home/yashas.b/gnn-inference-on-alveo-u50/gnn_hls.cpp' to the project
INFO: [HLS 200-1465] Applying config ini 'tb.file=gnn_test.cpp' from /home/yashas.b/gnn-inference-on-alveo-u50/hls_csim.cfg(12)
INFO: [HLS 200-10] Adding test bench file '/home/yashas.b/gnn-inference-on-alveo-u50/gnn_test.cpp' to the project
INFO: [HLS 200-1465] Applying config ini 'syn.top=gnn' from /home/yashas.b/gnn-inference-on-alveo-u50/hls_csim.cfg(9)
INFO: [HLS 200-1465] Applying config ini 'flow_target=vitis' from /home/yashas.b/gnn-inference-on-alveo-u50/hls_csim.cfg(4)
INFO: [HLS 200-1505] Using flow_target 'vitis'
Resolution: For help on HLS 200-1505 see docs.xilinx.com/access/sources/dita/topic?Doc_Version=2025.1%20English&url=ug1448-hls-guidance&resourceid=200-1505.html
INFO: [HLS 200-435] Setting 'open_solution -flow_target vitis' configuration: config_interface -m_axi_latency=64
INFO: [HLS 200-435] Setting 'open_solution -flow_target vitis' configuration: config_interface -m_axi_alignment_byte_size=64
INFO: [HLS 200-435] Setting 'open_solution -flow_target vitis' configuration: config_interface -m_axi_max_widen_bitwidth=512
INFO: [HLS 200-435] Setting 'open_solution -flow_target vitis' configuration: config_rtl -register_reset_num=3
INFO: [HLS 200-1465] Applying config ini 'part=xcvu35p-fsvh2104-2L-e' from /home/yashas.b/gnn-inference-on-alveo-u50/hls_csim.cfg(1)
INFO: [HLS 200-1611] Setting target device to 'xcvu35p-fsvh2104-2L-e'
INFO: [HLS 200-1465] Applying config ini 'clock=5' from /home/yashas.b/gnn-inference-on-alveo-u50/hls_csim.cfg(5)
INFO: [SYN 201-201] Setting up clock 'default' with a period of 5ns.
INFO: [HLS 200-1465] Applying config ini 'csim.O=true' from /home/yashas.b/gnn-inference-on-alveo-u50/hls_csim.cfg(14)
INFO: [HLS 200-1907] Replacing 'config_csim -O=1' with 'config_sim -O=1' in current solution file
INFO: [HLS 200-1465] Applying config ini 'csim.clean=true' from /home/yashas.b/gnn-inference-on-alveo-u50/hls_csim.cfg(15)
INFO: [HLS 200-1907] Replacing 'config_csim -O=1' with 'config_sim -O=1' in current solution file
INFO: [HLS 200-2176] Writing Vitis IDE component file /home/yashas.b/gnn-inference-on-alveo-u50/build/hls/vitis-comp.json
INFO: [SIM 211-2] *************** CSIM start ***************
INFO: [SIM 211-4] CSIM will launch CLANG as the compiler.
INFO: [HLS 200-2036] Building optimized C Simulation binaries
make[1]: Entering directory '/home/yashas.b/gnn-inference-on-alveo-u50/build/hls/hls/csim/build'
   Compiling ../../../../../gnn_test.cpp in release mode
make[1]: Leaving directory '/home/yashas.b/gnn-inference-on-alveo-u50/build/hls/hls/csim/build'
../../../../../gnn_test.cpp:25:10: fatal error: '../kernel/gcn_hls.cpp' file not found
#include "../kernel/gcn_hls.cpp" 
         ^~~~~~~~~~~~~~~~~~~~~~~
1 error generated.
make[1]: *** [csim.mk:88: obj/gnn_test.o] Error 1
ERROR: [SIM 211-100] 'csim_design' failed: compilation error(s).
INFO: [SIM 211-3] *************** CSIM finish ***************
ERROR: 4
INFO: [HLS 200-112] Total CPU user time: 3.61 seconds. Total CPU system time: 1.99 seconds. Total elapsed time: 10.78 seconds; peak allocated memory: 458.102 MB.
