  **** HLS Build v2025.1 6135595
INFO: [HLS 200-2005] Using work_dir /home/sumit.k/gnn-inference-on-alveo-u50/build/hls 
INFO: [HLS 200-2006] Changing directory to /home/sumit.k/gnn-inference-on-alveo-u50/build
INFO: [HLS 200-2176] Writing Vitis IDE component file /home/sumit.k/gnn-inference-on-alveo-u50/build/hls/vitis-comp.json
INFO: [HLS 200-10] Creating and opening component '/home/sumit.k/gnn-inference-on-alveo-u50/build/hls'.
INFO: [HLS 200-1505] Using default flow_target 'vivado'
Resolution: For help on HLS 200-1505 see docs.xilinx.com/access/sources/dita/topic?Doc_Version=2025.1%20English&url=ug1448-hls-guidance&resourceid=200-1505.html
INFO: [HLS 200-2174] Applying component config ini file /home/sumit.k/gnn-inference-on-alveo-u50/hls_csim.cfg
WARNING: [HLS 200-1921] Skipping unknown config ini [hls] entry 'csim.profile=true' from /home/sumit.k/gnn-inference-on-alveo-u50/hls_csim.cfg(16)
INFO: [HLS 200-1465] Applying config ini 'syn.file=kernel/gnn_hls.cpp' from /home/sumit.k/gnn-inference-on-alveo-u50/hls_csim.cfg(8)
INFO: [HLS 200-10] Adding design file '/home/sumit.k/gnn-inference-on-alveo-u50/kernel/gnn_hls.cpp' to the project
INFO: [HLS 200-1465] Applying config ini 'tb.file=tb/gnn_test.cpp' from /home/sumit.k/gnn-inference-on-alveo-u50/hls_csim.cfg(12)
INFO: [HLS 200-10] Adding test bench file '/home/sumit.k/gnn-inference-on-alveo-u50/tb/gnn_test.cpp' to the project
INFO: [HLS 200-1465] Applying config ini 'syn.top=gnn' from /home/sumit.k/gnn-inference-on-alveo-u50/hls_csim.cfg(9)
INFO: [HLS 200-1465] Applying config ini 'flow_target=vitis' from /home/sumit.k/gnn-inference-on-alveo-u50/hls_csim.cfg(4)
INFO: [HLS 200-1505] Using flow_target 'vitis'
Resolution: For help on HLS 200-1505 see docs.xilinx.com/access/sources/dita/topic?Doc_Version=2025.1%20English&url=ug1448-hls-guidance&resourceid=200-1505.html
INFO: [HLS 200-435] Setting 'open_solution -flow_target vitis' configuration: config_interface -m_axi_latency=64
INFO: [HLS 200-435] Setting 'open_solution -flow_target vitis' configuration: config_interface -m_axi_alignment_byte_size=64
INFO: [HLS 200-435] Setting 'open_solution -flow_target vitis' configuration: config_interface -m_axi_max_widen_bitwidth=512
INFO: [HLS 200-435] Setting 'open_solution -flow_target vitis' configuration: config_rtl -register_reset_num=3
INFO: [HLS 200-1465] Applying config ini 'part=xcvu35p-fsvh2104-2L-e' from /home/sumit.k/gnn-inference-on-alveo-u50/hls_csim.cfg(1)
INFO: [HLS 200-1611] Setting target device to 'xcvu35p-fsvh2104-2L-e'
INFO: [HLS 200-1465] Applying config ini 'clock=5' from /home/sumit.k/gnn-inference-on-alveo-u50/hls_csim.cfg(5)
INFO: [SYN 201-201] Setting up clock 'default' with a period of 5ns.
INFO: [HLS 200-1465] Applying config ini 'csim.O=true' from /home/sumit.k/gnn-inference-on-alveo-u50/hls_csim.cfg(14)
INFO: [HLS 200-1907] Replacing 'config_csim -O=1' with 'config_sim -O=1' in current solution file
INFO: [HLS 200-1465] Applying config ini 'csim.clean=true' from /home/sumit.k/gnn-inference-on-alveo-u50/hls_csim.cfg(15)
INFO: [HLS 200-1907] Replacing 'config_csim -O=1' with 'config_sim -O=1' in current solution file
INFO: [HLS 200-2176] Writing Vitis IDE component file /home/sumit.k/gnn-inference-on-alveo-u50/build/hls/vitis-comp.json
INFO: [HLS 200-111] Finished File checks and directory preparation: CPU user time: 3.2 seconds. CPU system time: 1.85 seconds. Elapsed time: 8.73 seconds; current allocated memory: 457.066 MB.
INFO: [HLS 200-10] Analyzing design file '../kernel/gnn_hls.cpp' ... 
INFO: [HLS 200-111] Finished Source Code Analysis and Preprocessing: CPU user time: 3.48 seconds. CPU system time: 0.53 seconds. Elapsed time: 4.14 seconds; current allocated memory: 460.164 MB.
INFO: [HLS 200-777] Using interface defaults for 'Vitis' flow target.
INFO: [HLS 200-1995] There were 457 instructions in the design after the 'Compile/Link' phase of compilation. See the Design Size Report for more details (/home/sumit.k/gnn-inference-on-alveo-u50/build/hls/hls/syn/report/csynth_design_size.rpt:2)
INFO: [HLS 200-1995] There were 18,863 instructions in the design after the 'Unroll/Inline (step 1)' phase of compilation. See the Design Size Report for more details (/home/sumit.k/gnn-inference-on-alveo-u50/build/hls/hls/syn/report/csynth_design_size.rpt:2)
INFO: [HLS 200-1995] There were 18,819 instructions in the design after the 'Unroll/Inline (step 2)' phase of compilation. See the Design Size Report for more details (/home/sumit.k/gnn-inference-on-alveo-u50/build/hls/hls/syn/report/csynth_design_size.rpt:2)
INFO: [HLS 200-1995] There were 20,238 instructions in the design after the 'Unroll/Inline (step 3)' phase of compilation. See the Design Size Report for more details (/home/sumit.k/gnn-inference-on-alveo-u50/build/hls/hls/syn/report/csynth_design_size.rpt:2)
INFO: [HLS 200-1995] There were 20,238 instructions in the design after the 'Unroll/Inline (step 4)' phase of compilation. See the Design Size Report for more details (/home/sumit.k/gnn-inference-on-alveo-u50/build/hls/hls/syn/report/csynth_design_size.rpt:2)
WARNING: [HLS 200-1995] There were 106,566 instructions in the design after the 'Array/Struct' phase of compilation. See the Design Size Report for more details (/home/sumit.k/gnn-inference-on-alveo-u50/build/hls/hls/syn/report/csynth_design_size.rpt:2)
INFO: [HLS 200-1995] There were 42,079 instructions in the design after the 'Array/Struct (step 2)' phase of compilation. See the Design Size Report for more details (/home/sumit.k/gnn-inference-on-alveo-u50/build/hls/hls/syn/report/csynth_design_size.rpt:2)
INFO: [HLS 200-1995] There were 42,079 instructions in the design after the 'Array/Struct (step 3)' phase of compilation. See the Design Size Report for more details (/home/sumit.k/gnn-inference-on-alveo-u50/build/hls/hls/syn/report/csynth_design_size.rpt:2)
INFO: [HLS 200-1995] There were 42,079 instructions in the design after the 'Array/Struct (step 4)' phase of compilation. See the Design Size Report for more details (/home/sumit.k/gnn-inference-on-alveo-u50/build/hls/hls/syn/report/csynth_design_size.rpt:2)
INFO: [HLS 200-1995] There were 43,564 instructions in the design after the 'Array/Struct (step 5)' phase of compilation. See the Design Size Report for more details (/home/sumit.k/gnn-inference-on-alveo-u50/build/hls/hls/syn/report/csynth_design_size.rpt:2)
INFO: [HLS 200-1995] There were 43,565 instructions in the design after the 'Performance' phase of compilation. See the Design Size Report for more details (/home/sumit.k/gnn-inference-on-alveo-u50/build/hls/hls/syn/report/csynth_design_size.rpt:2)
INFO: [HLS 200-1995] There were 42,131 instructions in the design after the 'Performance (step 2)' phase of compilation. See the Design Size Report for more details (/home/sumit.k/gnn-inference-on-alveo-u50/build/hls/hls/syn/report/csynth_design_size.rpt:2)
INFO: [HLS 200-1995] There were 42,131 instructions in the design after the 'Performance (step 3)' phase of compilation. See the Design Size Report for more details (/home/sumit.k/gnn-inference-on-alveo-u50/build/hls/hls/syn/report/csynth_design_size.rpt:2)
INFO: [HLS 200-1995] There were 42,129 instructions in the design after the 'Performance (step 4)' phase of compilation. See the Design Size Report for more details (/home/sumit.k/gnn-inference-on-alveo-u50/build/hls/hls/syn/report/csynth_design_size.rpt:2)
INFO: [HLS 200-1995] There were 42,153 instructions in the design after the 'HW Transforms' phase of compilation. See the Design Size Report for more details (/home/sumit.k/gnn-inference-on-alveo-u50/build/hls/hls/syn/report/csynth_design_size.rpt:2)
INFO: [HLS 200-1995] There were 42,241 instructions in the design after the 'HW Transforms (step 2)' phase of compilation. See the Design Size Report for more details (/home/sumit.k/gnn-inference-on-alveo-u50/build/hls/hls/syn/report/csynth_design_size.rpt:2)
INFO: [HLS 214-291] Loop 'VITIS_LOOP_114_14' is marked as complete unroll implied by the pipeline pragma (../kernel/gnn_hls.cpp:114:32)
INFO: [HLS 214-291] Loop 'VITIS_LOOP_101_11' is marked as complete unroll implied by the pipeline pragma (../kernel/gnn_hls.cpp:101:32)
INFO: [HLS 214-186] Unrolling loop 'VITIS_LOOP_114_14' (../kernel/gnn_hls.cpp:114:32) in function 'compute_gcn' completely with a factor of 1433 (../kernel/gnn_hls.cpp:43:0)
WARNING: [HLS 214-189] Pipeline directive for loop 'VITIS_LOOP_114_14' (../kernel/gnn_hls.cpp:114:32) in function 'compute_gcn' has been removed because the loop is unrolled completely (../kernel/gnn_hls.cpp:43:0)
INFO: [HLS 214-186] Unrolling loop 'VITIS_LOOP_101_11' (../kernel/gnn_hls.cpp:101:32) in function 'compute_gcn' completely with a factor of 1433 (../kernel/gnn_hls.cpp:43:0)
WARNING: [HLS 214-189] Pipeline directive for loop 'VITIS_LOOP_101_11' (../kernel/gnn_hls.cpp:101:32) in function 'compute_gcn' has been removed because the loop is unrolled completely (../kernel/gnn_hls.cpp:43:0)
INFO: [HLS 214-248] Applying array_partition to '_ZZL11compute_gcnRN3hls6streamIfLi0EEES2_S2_RNS0_IiLi0EEES4_S2_E19aggregated_features': Cyclic partitioning with factor 16 on dimension 2. (../kernel/gnn_hls.cpp:81:0)
INFO: [HLS 214-248] Applying array_partition to '_ZZL11compute_gcnRN3hls6streamIfLi0EEES2_S2_RNS0_IiLi0EEES4_S2_E5w_buf': Complete partitioning on dimension 2. (../kernel/gnn_hls.cpp:45:0)
INFO: [HLS 214-248] Applying array_partition to '_ZZL11compute_gcnRN3hls6streamIfLi0EEES2_S2_RNS0_IiLi0EEES4_S2_E8h_in_buf': Cyclic partitioning with factor 16 on dimension 2. (../kernel/gnn_hls.cpp:44:0)
INFO: [HLS 214-437] Automatically disabling loop flattening for loop 'VITIS_LOOP_94_9'. (../kernel/gnn_hls.cpp:94:22)
INFO: [HLS 214-115] Multiple burst reads of length 1433 and bit width 512 has been inferred on bundle 'gmem1'. These burst requests might be further partitioned into multiple requests during RTL generation, based on max_read_burst_length or max_write_burst_length settings. (../kernel/gnn_hls.cpp:20:22)
INFO: [HLS 214-115] Multiple burst reads of length 2639 and bit width 128 has been inferred on bundle 'gmem2'. These burst requests might be further partitioned into multiple requests during RTL generation, based on max_read_burst_length or max_write_burst_length settings. (../kernel/gnn_hls.cpp:24:22)
INFO: [HLS 214-115] Multiple burst reads of length 2639 and bit width 128 has been inferred on bundle 'gmem3'. These burst requests might be further partitioned into multiple requests during RTL generation, based on max_read_burst_length or max_write_burst_length settings. (../kernel/gnn_hls.cpp:24:22)
INFO: [HLS 214-115] Multiple burst writes of length 2708 and bit width 512 in loop 'VITIS_LOOP_129_1'(../kernel/gnn_hls.cpp:129:23) has been inferred on bundle 'gmem0'. These burst requests might be further partitioned into multiple requests during RTL generation, based on max_read_burst_length or max_write_burst_length settings. (../kernel/gnn_hls.cpp:129:23)
INFO: [HLS 200-111] Finished Compiling Optimization and Transform: CPU user time: 257.75 seconds. CPU system time: 0.73 seconds. Elapsed time: 263.41 seconds; current allocated memory: 462.980 MB.
INFO: [HLS 200-111] Finished Checking Pragmas: CPU user time: 0 seconds. CPU system time: 0.01 seconds. Elapsed time: 0.01 seconds; current allocated memory: 462.980 MB.
INFO: [HLS 200-10] Starting code transformations ...
INFO: [HLS 200-111] Finished Standard Transforms: CPU user time: 25.85 seconds. CPU system time: 0.09 seconds. Elapsed time: 26.03 seconds; current allocated memory: 527.375 MB.
INFO: [HLS 200-10] Checking synthesizability ...
INFO: [HLS 200-111] Finished Checking Synthesizability: CPU user time: 10.19 seconds. CPU system time: 0.06 seconds. Elapsed time: 10.33 seconds; current allocated memory: 608.488 MB.
WARNING: [HLS 200-805] An internal stream 'w_stream' with default size can result in deadlock. Please consider resizing the stream using the directive 'set_directive_stream' or the 'HLS stream' pragma.
WARNING: [HLS 200-805] An internal stream 'h_out_stream' with default size can result in deadlock. Please consider resizing the stream using the directive 'set_directive_stream' or the 'HLS stream' pragma.
WARNING: [HLS 200-805] An internal stream 'h_in_stream' with default size can result in deadlock. Please consider resizing the stream using the directive 'set_directive_stream' or the 'HLS stream' pragma.
WARNING: [HLS 200-805] An internal stream 'adj_val_stream' with default size can result in deadlock. Please consider resizing the stream using the directive 'set_directive_stream' or the 'HLS stream' pragma.
WARNING: [HLS 200-805] An internal stream 'adj_row_stream' with default size can result in deadlock. Please consider resizing the stream using the directive 'set_directive_stream' or the 'HLS stream' pragma.
WARNING: [HLS 200-805] An internal stream 'adj_col_stream' with default size can result in deadlock. Please consider resizing the stream using the directive 'set_directive_stream' or the 'HLS stream' pragma.
INFO: [XFORM 203-712] Applying dataflow to function 'gnn' (../kernel/gnn_hls.cpp:138:1), detected/extracted 4 process function(s): 
	 'entry_proc'
	 'load_inputs'
	 'compute_gcn'
	 'store_result'.
INFO: [HLS 200-111] Finished Loop, function and other optimizations: CPU user time: 116.67 seconds. CPU system time: 0.1 seconds. Elapsed time: 116.89 seconds; current allocated memory: 716.316 MB.
INFO: [HLS 200-2061] Successfully converted nested loops 'VITIS_LOOP_129_1'(../kernel/gnn_hls.cpp:129:23) and 'VITIS_LOOP_130_2'(../kernel/gnn_hls.cpp:130:27) in function 'store_result' into perfectly nested loops.
INFO: [HLS 200-2061] Successfully converted nested loops 'VITIS_LOOP_56_1'(../kernel/gnn_hls.cpp:56:19) and 'VITIS_LOOP_57_2'(../kernel/gnn_hls.cpp:57:26) in function 'compute_gcn' into perfectly nested loops.
INFO: [HLS 200-2061] Successfully converted nested loops 'VITIS_LOOP_64_3'(../kernel/gnn_hls.cpp:64:22) and 'VITIS_LOOP_65_4'(../kernel/gnn_hls.cpp:65:26) in function 'compute_gcn' into perfectly nested loops.
INFO: [HLS 200-2061] Successfully converted nested loops 'VITIS_LOOP_86_7'(../kernel/gnn_hls.cpp:86:19) and 'VITIS_LOOP_87_8'(../kernel/gnn_hls.cpp:87:26) in function 'compute_gcn' into perfectly nested loops.
INFO: [HLS 200-2061] Successfully converted nested loops 'VITIS_LOOP_110_12'(../kernel/gnn_hls.cpp:110:24) and 'VITIS_LOOP_111_13'(../kernel/gnn_hls.cpp:111:28) in function 'compute_gcn' into perfectly nested loops.
INFO: [XFORM 203-541] Flattening a loop nest 'VITIS_LOOP_129_1' (../kernel/gnn_hls.cpp:129:23) in function 'store_result'.
INFO: [XFORM 203-541] Flattening a loop nest 'VITIS_LOOP_56_1' (../kernel/gnn_hls.cpp:56:19) in function 'compute_gcn'.
INFO: [XFORM 203-541] Flattening a loop nest 'VITIS_LOOP_64_3' (../kernel/gnn_hls.cpp:64:22) in function 'compute_gcn'.
INFO: [XFORM 203-541] Flattening a loop nest 'VITIS_LOOP_86_7' (../kernel/gnn_hls.cpp:86:19) in function 'compute_gcn'.
INFO: [XFORM 203-541] Flattening a loop nest 'VITIS_LOOP_110_12' (../kernel/gnn_hls.cpp:110:24) in function 'compute_gcn'.
INFO: [HLS 200-111] Finished Architecture Synthesis: CPU user time: 77.93 seconds. CPU system time: 0.42 seconds. Elapsed time: 78.46 seconds; current allocated memory: 1.213 GB.
INFO: [HLS 200-10] Starting hardware synthesis ...
INFO: [HLS 200-10] Synthesizing 'gnn' ...
INFO: [HLS 200-10] ----------------------------------------------------------------
INFO: [HLS 200-42] -- Implementing module 'entry_proc' 
INFO: [HLS 200-10] ----------------------------------------------------------------
INFO: [SCHED 204-11] Starting scheduling ...
INFO: [SCHED 204-11] Finished scheduling.
INFO: [HLS 200-111] Finished Scheduling: CPU user time: 223.83 seconds. CPU system time: 0.41 seconds. Elapsed time: 224.29 seconds; current allocated memory: 1.296 GB.
INFO: [BIND 205-100] Starting micro-architecture generation ...
INFO: [BIND 205-101] Performing variable lifetime analysis.
INFO: [BIND 205-101] Exploring resource sharing.
INFO: [BIND 205-101] Binding ...
INFO: [BIND 205-100] Finished micro-architecture generation.
INFO: [HLS 200-111] Finished Binding: CPU user time: 0.01 seconds. CPU system time: 0.01 seconds. Elapsed time: 0.02 seconds; current allocated memory: 1.296 GB.
INFO: [HLS 200-10] ----------------------------------------------------------------
INFO: [HLS 200-42] -- Implementing module 'load_inputs_Pipeline_VITIS_LOOP_16_1' 
INFO: [HLS 200-10] ----------------------------------------------------------------
INFO: [SCHED 204-11] Starting scheduling ...
INFO: [SCHED 204-61] Pipelining loop 'VITIS_LOOP_16_1'.
INFO: [HLS 200-1470] Pipelining result : Target II = 1, Final II = 1, Depth = 74, loop 'VITIS_LOOP_16_1'
INFO: [SCHED 204-11] Finished scheduling.
INFO: [HLS 200-111] Finished Scheduling: CPU user time: 0.04 seconds. CPU system time: 0 seconds. Elapsed time: 0.04 seconds; current allocated memory: 1.296 GB.
INFO: [BIND 205-100] Starting micro-architecture generation ...
INFO: [BIND 205-101] Performing variable lifetime analysis.
INFO: [BIND 205-101] Exploring resource sharing.
INFO: [BIND 205-101] Binding ...
INFO: [BIND 205-100] Finished micro-architecture generation.
INFO: [HLS 200-111] Finished Binding: CPU user time: 0.02 seconds. CPU system time: 0 seconds. Elapsed time: 0.04 seconds; current allocated memory: 1.296 GB.
INFO: [HLS 200-10] ----------------------------------------------------------------
INFO: [HLS 200-42] -- Implementing module 'load_inputs_Pipeline_VITIS_LOOP_20_2' 
INFO: [HLS 200-10] ----------------------------------------------------------------
INFO: [SCHED 204-11] Starting scheduling ...
INFO: [SCHED 204-61] Pipelining loop 'VITIS_LOOP_20_2'.
INFO: [HLS 200-1470] Pipelining result : Target II = 1, Final II = 1, Depth = 3, loop 'VITIS_LOOP_20_2'
INFO: [SCHED 204-11] Finished scheduling.
INFO: [HLS 200-111] Finished Scheduling: CPU user time: 0.04 seconds. CPU system time: 0 seconds. Elapsed time: 0.04 seconds; current allocated memory: 1.296 GB.
INFO: [BIND 205-100] Starting micro-architecture generation ...
INFO: [BIND 205-101] Performing variable lifetime analysis.
INFO: [BIND 205-101] Exploring resource sharing.
INFO: [BIND 205-101] Binding ...
INFO: [BIND 205-100] Finished micro-architecture generation.
INFO: [HLS 200-111] Finished Binding: CPU user time: 0.01 seconds. CPU system time: 0 seconds. Elapsed time: 0.02 seconds; current allocated memory: 1.296 GB.
INFO: [HLS 200-10] ----------------------------------------------------------------
INFO: [HLS 200-42] -- Implementing module 'load_inputs_Pipeline_VITIS_LOOP_24_3' 
INFO: [HLS 200-10] ----------------------------------------------------------------
INFO: [SCHED 204-11] Starting scheduling ...
INFO: [SCHED 204-61] Pipelining loop 'VITIS_LOOP_24_3'.
INFO: [HLS 200-1470] Pipelining result : Target II = 1, Final II = 1, Depth = 3, loop 'VITIS_LOOP_24_3'
INFO: [SCHED 204-11] Finished scheduling.
INFO: [HLS 200-111] Finished Scheduling: CPU user time: 0.04 seconds. CPU system time: 0 seconds. Elapsed time: 0.04 seconds; current allocated memory: 1.296 GB.
INFO: [BIND 205-100] Starting micro-architecture generation ...
INFO: [BIND 205-101] Performing variable lifetime analysis.
INFO: [BIND 205-101] Exploring resource sharing.
INFO: [BIND 205-101] Binding ...
INFO: [BIND 205-100] Finished micro-architecture generation.
INFO: [HLS 200-111] Finished Binding: CPU user time: 0.01 seconds. CPU system time: 0 seconds. Elapsed time: 0.01 seconds; current allocated memory: 1.296 GB.
INFO: [HLS 200-10] ----------------------------------------------------------------
INFO: [HLS 200-42] -- Implementing module 'load_inputs_Pipeline_VITIS_LOOP_29_4' 
INFO: [HLS 200-10] ----------------------------------------------------------------
INFO: [SCHED 204-11] Starting scheduling ...
INFO: [SCHED 204-61] Pipelining loop 'VITIS_LOOP_29_4'.
INFO: [HLS 200-1470] Pipelining result : Target II = 1, Final II = 1, Depth = 74, loop 'VITIS_LOOP_29_4'
INFO: [SCHED 204-11] Finished scheduling.
INFO: [HLS 200-111] Finished Scheduling: CPU user time: 0.03 seconds. CPU system time: 0 seconds. Elapsed time: 0.04 seconds; current allocated memory: 1.296 GB.
INFO: [BIND 205-100] Starting micro-architecture generation ...
INFO: [BIND 205-101] Performing variable lifetime analysis.
INFO: [BIND 205-101] Exploring resource sharing.
INFO: [BIND 205-101] Binding ...
INFO: [BIND 205-100] Finished micro-architecture generation.
INFO: [HLS 200-111] Finished Binding: CPU user time: 0.02 seconds. CPU system time: 0 seconds. Elapsed time: 0.03 seconds; current allocated memory: 1.296 GB.
INFO: [HLS 200-10] ----------------------------------------------------------------
INFO: [HLS 200-42] -- Implementing module 'load_inputs' 
INFO: [HLS 200-10] ----------------------------------------------------------------
INFO: [SCHED 204-11] Starting scheduling ...
INFO: [SCHED 204-11] Finished scheduling.
INFO: [HLS 200-111] Finished Scheduling: CPU user time: 0.03 seconds. CPU system time: 0 seconds. Elapsed time: 0.04 seconds; current allocated memory: 1.296 GB.
INFO: [BIND 205-100] Starting micro-architecture generation ...
INFO: [BIND 205-101] Performing variable lifetime analysis.
INFO: [BIND 205-101] Exploring resource sharing.
INFO: [BIND 205-101] Binding ...
INFO: [BIND 205-100] Finished micro-architecture generation.
INFO: [HLS 200-111] Finished Binding: CPU user time: 0.05 seconds. CPU system time: 0 seconds. Elapsed time: 0.05 seconds; current allocated memory: 1.296 GB.
INFO: [HLS 200-10] ----------------------------------------------------------------
INFO: [HLS 200-42] -- Implementing module 'compute_gcn_Pipeline_VITIS_LOOP_56_1_VITIS_LOOP_57_2' 
INFO: [HLS 200-10] ----------------------------------------------------------------
INFO: [SCHED 204-11] Starting scheduling ...
INFO: [HLS 200-486] Changing DSP latency (root=add_ln59) to 3 in order to utilize available DSP registers.
INFO: [SCHED 204-61] Pipelining loop 'VITIS_LOOP_56_1_VITIS_LOOP_57_2'.
INFO: [HLS 200-1470] Pipelining result : Target II = 1, Final II = 1, Depth = 5, loop 'VITIS_LOOP_56_1_VITIS_LOOP_57_2'
INFO: [SCHED 204-11] Finished scheduling.
INFO: [HLS 200-111] Finished Scheduling: CPU user time: 0.18 seconds. CPU system time: 0 seconds. Elapsed time: 0.2 seconds; current allocated memory: 1.296 GB.
INFO: [BIND 205-100] Starting micro-architecture generation ...
INFO: [BIND 205-101] Performing variable lifetime analysis.
INFO: [BIND 205-101] Exploring resource sharing.
INFO: [BIND 205-101] Binding ...
INFO: [BIND 205-100] Finished micro-architecture generation.
INFO: [HLS 200-111] Finished Binding: CPU user time: 0.02 seconds. CPU system time: 0 seconds. Elapsed time: 0.02 seconds; current allocated memory: 1.296 GB.
INFO: [HLS 200-10] ----------------------------------------------------------------
INFO: [HLS 200-42] -- Implementing module 'compute_gcn_Pipeline_VITIS_LOOP_64_3_VITIS_LOOP_65_4' 
INFO: [HLS 200-10] ----------------------------------------------------------------
INFO: [SCHED 204-11] Starting scheduling ...
INFO: [SCHED 204-61] Pipelining loop 'VITIS_LOOP_64_3_VITIS_LOOP_65_4'.
INFO: [HLS 200-1470] Pipelining result : Target II = 1, Final II = 1, Depth = 2, loop 'VITIS_LOOP_64_3_VITIS_LOOP_65_4'
INFO: [SCHED 204-11] Finished scheduling.
INFO: [HLS 200-111] Finished Scheduling: CPU user time: 0.14 seconds. CPU system time: 0 seconds. Elapsed time: 0.15 seconds; current allocated memory: 1.296 GB.
INFO: [BIND 205-100] Starting micro-architecture generation ...
INFO: [BIND 205-101] Performing variable lifetime analysis.
INFO: [BIND 205-101] Exploring resource sharing.
INFO: [BIND 205-101] Binding ...
INFO: [BIND 205-100] Finished micro-architecture generation.
INFO: [HLS 200-111] Finished Binding: CPU user time: 0.01 seconds. CPU system time: 0 seconds. Elapsed time: 0.02 seconds; current allocated memory: 1.296 GB.
INFO: [HLS 200-10] ----------------------------------------------------------------
INFO: [HLS 200-42] -- Implementing module 'compute_gcn_Pipeline_VITIS_LOOP_71_5' 
INFO: [HLS 200-10] ----------------------------------------------------------------
INFO: [SCHED 204-11] Starting scheduling ...
INFO: [SCHED 204-61] Pipelining loop 'VITIS_LOOP_71_5'.
INFO: [HLS 200-1470] Pipelining result : Target II = 1, Final II = 1, Depth = 2, loop 'VITIS_LOOP_71_5'
INFO: [SCHED 204-11] Finished scheduling.
INFO: [HLS 200-111] Finished Scheduling: CPU user time: 0.05 seconds. CPU system time: 0 seconds. Elapsed time: 0.06 seconds; current allocated memory: 1.296 GB.
INFO: [BIND 205-100] Starting micro-architecture generation ...
INFO: [BIND 205-101] Performing variable lifetime analysis.
INFO: [BIND 205-101] Exploring resource sharing.
INFO: [BIND 205-101] Binding ...
INFO: [BIND 205-100] Finished micro-architecture generation.
INFO: [HLS 200-111] Finished Binding: CPU user time: 0 seconds. CPU system time: 0 seconds. Elapsed time: 0.01 seconds; current allocated memory: 1.296 GB.
INFO: [HLS 200-10] ----------------------------------------------------------------
INFO: [HLS 200-42] -- Implementing module 'compute_gcn_Pipeline_VITIS_LOOP_76_6' 
INFO: [HLS 200-10] ----------------------------------------------------------------
INFO: [SCHED 204-11] Starting scheduling ...
INFO: [SCHED 204-61] Pipelining loop 'VITIS_LOOP_76_6'.
INFO: [HLS 200-1470] Pipelining result : Target II = 1, Final II = 1, Depth = 2, loop 'VITIS_LOOP_76_6'
INFO: [SCHED 204-11] Finished scheduling.
INFO: [HLS 200-111] Finished Scheduling: CPU user time: 0.03 seconds. CPU system time: 0 seconds. Elapsed time: 0.03 seconds; current allocated memory: 1.296 GB.
INFO: [BIND 205-100] Starting micro-architecture generation ...
INFO: [BIND 205-101] Performing variable lifetime analysis.
INFO: [BIND 205-101] Exploring resource sharing.
INFO: [BIND 205-101] Binding ...
INFO: [BIND 205-100] Finished micro-architecture generation.
INFO: [HLS 200-111] Finished Binding: CPU user time: 0 seconds. CPU system time: 0 seconds. Elapsed time: 0.01 seconds; current allocated memory: 1.296 GB.
INFO: [HLS 200-10] ----------------------------------------------------------------
INFO: [HLS 200-42] -- Implementing module 'compute_gcn_Pipeline_VITIS_LOOP_86_7_VITIS_LOOP_87_8' 
INFO: [HLS 200-10] ----------------------------------------------------------------
INFO: [SCHED 204-11] Starting scheduling ...
INFO: [HLS 200-486] Changing DSP latency (root=add_ln89) to 3 in order to utilize available DSP registers.
INFO: [SCHED 204-61] Pipelining loop 'VITIS_LOOP_86_7_VITIS_LOOP_87_8'.
INFO: [HLS 200-1470] Pipelining result : Target II = 1, Final II = 1, Depth = 5, loop 'VITIS_LOOP_86_7_VITIS_LOOP_87_8'
INFO: [SCHED 204-11] Finished scheduling.
INFO: [HLS 200-111] Finished Scheduling: CPU user time: 0.15 seconds. CPU system time: 0 seconds. Elapsed time: 0.15 seconds; current allocated memory: 1.296 GB.
INFO: [BIND 205-100] Starting micro-architecture generation ...
INFO: [BIND 205-101] Performing variable lifetime analysis.
INFO: [BIND 205-101] Exploring resource sharing.
INFO: [BIND 205-101] Binding ...
INFO: [BIND 205-100] Finished micro-architecture generation.
INFO: [HLS 200-111] Finished Binding: CPU user time: 0.01 seconds. CPU system time: 0 seconds. Elapsed time: 0.02 seconds; current allocated memory: 1.296 GB.
INFO: [HLS 200-10] ----------------------------------------------------------------
INFO: [HLS 200-42] -- Implementing module 'compute_gcn_Pipeline_VITIS_LOOP_97_10' 
INFO: [HLS 200-10] ----------------------------------------------------------------
INFO: [SCHED 204-11] Starting scheduling ...
INFO: [SCHED 204-61] Pipelining loop 'VITIS_LOOP_97_10'.
WARNING: [HLS 200-880] The II Violation in module 'compute_gcn_Pipeline_VITIS_LOOP_97_10' (loop 'VITIS_LOOP_97_10'): Unable to enforce a carried dependence constraint (II = 1, distance = 1, offset = 0) between 'store' operation 0 bit ('empty_write_ln104', ../kernel/gnn_hls.cpp:104) of variable 'add_i', ../kernel/gnn_hls.cpp:104 on local variable 'empty' and 'load' operation 32 bit ('p_load', ../kernel/gnn_hls.cpp:104) on local variable 'empty'.
Resolution: For help on HLS 200-880 see docs.xilinx.com/access/sources/dita/topic?Doc_Version=2025.1%20English&url=ug1448-hls-guidance&resourceid=200-880.html
WARNING: [HLS 200-880] The II Violation in module 'compute_gcn_Pipeline_VITIS_LOOP_97_10' (loop 'VITIS_LOOP_97_10'): Unable to enforce a carried dependence constraint (II = 2, distance = 1, offset = 0) between 'store' operation 0 bit ('empty_write_ln104', ../kernel/gnn_hls.cpp:104) of variable 'add_i', ../kernel/gnn_hls.cpp:104 on local variable 'empty' and 'load' operation 32 bit ('p_load', ../kernel/gnn_hls.cpp:104) on local variable 'empty'.
Resolution: For help on HLS 200-880 see docs.xilinx.com/access/sources/dita/topic?Doc_Version=2025.1%20English&url=ug1448-hls-guidance&resourceid=200-880.html
WARNING: [HLS 200-880] The II Violation in module 'compute_gcn_Pipeline_VITIS_LOOP_97_10' (loop 'VITIS_LOOP_97_10'): Unable to enforce a carried dependence constraint (II = 3, distance = 1, offset = 0) between 'store' operation 0 bit ('empty_write_ln104', ../kernel/gnn_hls.cpp:104) of variable 'add_i', ../kernel/gnn_hls.cpp:104 on local variable 'empty' and 'load' operation 32 bit ('p_load', ../kernel/gnn_hls.cpp:104) on local variable 'empty'.
Resolution: For help on HLS 200-880 see docs.xilinx.com/access/sources/dita/topic?Doc_Version=2025.1%20English&url=ug1448-hls-guidance&resourceid=200-880.html
WARNING: [HLS 200-885] The II Violation in module 'compute_gcn_Pipeline_VITIS_LOOP_97_10' (loop 'VITIS_LOOP_97_10'): Unable to schedule 'load' operation 32 bit ('feature', ../kernel/gnn_hls.cpp:103) on array 'compute_gcn_stream_stream_stream_stream_stream_stream_h_in_buf_9' due to limited memory ports (II = 4). Please consider using a memory core with more ports or partitioning the array 'compute_gcn_stream_stream_stream_stream_stream_stream_h_in_buf_9'.
Resolution: For help on HLS 200-885 see docs.xilinx.com/access/sources/dita/topic?Doc_Version=2025.1%20English&url=ug1448-hls-guidance&resourceid=200-885.html
WARNING: [HLS 200-885] The II Violation in module 'compute_gcn_Pipeline_VITIS_LOOP_97_10' (loop 'VITIS_LOOP_97_10'): Unable to schedule 'load' operation 32 bit ('feature', ../kernel/gnn_hls.cpp:103) on array 'compute_gcn_stream_stream_stream_stream_stream_stream_h_in_buf_9' due to limited memory ports (II = 35). Please consider using a memory core with more ports or partitioning the array 'compute_gcn_stream_stream_stream_stream_stream_stream_h_in_buf_9'.
Resolution: For help on HLS 200-885 see docs.xilinx.com/access/sources/dita/topic?Doc_Version=2025.1%20English&url=ug1448-hls-guidance&resourceid=200-885.html
WARNING: [HLS 200-885] The II Violation in module 'compute_gcn_Pipeline_VITIS_LOOP_97_10' (loop 'VITIS_LOOP_97_10'): Unable to schedule 'load' operation 32 bit ('feature', ../kernel/gnn_hls.cpp:103) on array 'compute_gcn_stream_stream_stream_stream_stream_stream_h_in_buf_9' due to limited memory ports (II = 43). Please consider using a memory core with more ports or partitioning the array 'compute_gcn_stream_stream_stream_stream_stream_stream_h_in_buf_9'.
Resolution: For help on HLS 200-885 see docs.xilinx.com/access/sources/dita/topic?Doc_Version=2025.1%20English&url=ug1448-hls-guidance&resourceid=200-885.html
WARNING: [HLS 200-885] The II Violation in module 'compute_gcn_Pipeline_VITIS_LOOP_97_10' (loop 'VITIS_LOOP_97_10'): Unable to schedule 'load' operation 32 bit ('feature', ../kernel/gnn_hls.cpp:103) on array 'compute_gcn_stream_stream_stream_stream_stream_stream_h_in_buf_9' due to limited memory ports (II = 44). Please consider using a memory core with more ports or partitioning the array 'compute_gcn_stream_stream_stream_stream_stream_stream_h_in_buf_9'.
Resolution: For help on HLS 200-885 see docs.xilinx.com/access/sources/dita/topic?Doc_Version=2025.1%20English&url=ug1448-hls-guidance&resourceid=200-885.html
INFO: [HLS 200-1470] Pipelining result : Target II = NA, Final II = 45, Depth = 57, loop 'VITIS_LOOP_97_10'
INFO: [SCHED 204-11] Finished scheduling.
INFO: [HLS 200-111] Finished Scheduling: CPU user time: 111.85 seconds. CPU system time: 0.08 seconds. Elapsed time: 111.94 seconds; current allocated memory: 1.372 GB.
INFO: [BIND 205-100] Starting micro-architecture generation ...
INFO: [BIND 205-101] Performing variable lifetime analysis.
INFO: [BIND 205-101] Exploring resource sharing.
INFO: [BIND 205-101] Binding ...
INFO: [BIND 205-100] Finished micro-architecture generation.
INFO: [HLS 200-111] Finished Binding: CPU user time: 8.11 seconds. CPU system time: 0.05 seconds. Elapsed time: 8.66 seconds; current allocated memory: 1.372 GB.
INFO: [HLS 200-10] ----------------------------------------------------------------
INFO: [HLS 200-42] -- Implementing module 'compute_gcn_Outline_VITIS_LOOP_94_9' 
INFO: [HLS 200-10] ----------------------------------------------------------------
INFO: [SCHED 204-11] Starting scheduling ...
INFO: [SCHED 204-11] Finished scheduling.
INFO: [HLS 200-111] Finished Scheduling: CPU user time: 14.7 seconds. CPU system time: 0.09 seconds. Elapsed time: 15.59 seconds; current allocated memory: 1.457 GB.
INFO: [BIND 205-100] Starting micro-architecture generation ...
INFO: [BIND 205-101] Performing variable lifetime analysis.
INFO: [BIND 205-101] Exploring resource sharing.
INFO: [BIND 205-101] Binding ...
INFO: [BIND 205-100] Finished micro-architecture generation.
INFO: [HLS 200-111] Finished Binding: CPU user time: 2.98 seconds. CPU system time: 0.03 seconds. Elapsed time: 3.23 seconds; current allocated memory: 1.457 GB.
INFO: [HLS 200-10] ----------------------------------------------------------------
INFO: [HLS 200-42] -- Implementing module 'compute_gcn_Pipeline_VITIS_LOOP_110_12_VITIS_LOOP_111_13' 
INFO: [HLS 200-10] ----------------------------------------------------------------
INFO: [SCHED 204-11] Starting scheduling ...
INFO: [SCHED 204-61] Pipelining loop 'VITIS_LOOP_110_12_VITIS_LOOP_111_13'.
WARNING: [HLS 200-885] The II Violation in module 'compute_gcn_Pipeline_VITIS_LOOP_110_12_VITIS_LOOP_111_13' (loop 'VITIS_LOOP_110_12_VITIS_LOOP_111_13'): Unable to schedule 'load' operation 32 bit ('compute_gcn_stream_stream_stream_stream_stream_stream_aggregated_features_2184', ../kernel/gnn_hls.cpp:110) on array 'compute_gcn_stream_stream_stream_stream_stream_stream_aggregated_features_9' due to limited memory ports (II = 1). Please consider using a memory core with more ports or partitioning the array 'compute_gcn_stream_stream_stream_stream_stream_stream_aggregated_features_9'.
Resolution: For help on HLS 200-885 see docs.xilinx.com/access/sources/dita/topic?Doc_Version=2025.1%20English&url=ug1448-hls-guidance&resourceid=200-885.html
WARNING: [HLS 200-885] The II Violation in module 'compute_gcn_Pipeline_VITIS_LOOP_110_12_VITIS_LOOP_111_13' (loop 'VITIS_LOOP_110_12_VITIS_LOOP_111_13'): Unable to schedule 'load' operation 32 bit ('compute_gcn_stream_stream_stream_stream_stream_stream_aggregated_features_2224', ../kernel/gnn_hls.cpp:110) on array 'compute_gcn_stream_stream_stream_stream_stream_stream_aggregated_features_9' due to limited memory ports (II = 2). Please consider using a memory core with more ports or partitioning the array 'compute_gcn_stream_stream_stream_stream_stream_stream_aggregated_features_9'.
Resolution: For help on HLS 200-885 see docs.xilinx.com/access/sources/dita/topic?Doc_Version=2025.1%20English&url=ug1448-hls-guidance&resourceid=200-885.html
WARNING: [HLS 200-885] The II Violation in module 'compute_gcn_Pipeline_VITIS_LOOP_110_12_VITIS_LOOP_111_13' (loop 'VITIS_LOOP_110_12_VITIS_LOOP_111_13'): Unable to schedule 'load' operation 32 bit ('compute_gcn_stream_stream_stream_stream_stream_stream_aggregated_features_2264', ../kernel/gnn_hls.cpp:110) on array 'compute_gcn_stream_stream_stream_stream_stream_stream_aggregated_features_9' due to limited memory ports (II = 3). Please consider using a memory core with more ports or partitioning the array 'compute_gcn_stream_stream_stream_stream_stream_stream_aggregated_features_9'.
Resolution: For help on HLS 200-885 see docs.xilinx.com/access/sources/dita/topic?Doc_Version=2025.1%20English&url=ug1448-hls-guidance&resourceid=200-885.html
WARNING: [HLS 200-885] The II Violation in module 'compute_gcn_Pipeline_VITIS_LOOP_110_12_VITIS_LOOP_111_13' (loop 'VITIS_LOOP_110_12_VITIS_LOOP_111_13'): Unable to schedule 'load' operation 32 bit ('compute_gcn_stream_stream_stream_stream_stream_stream_aggregated_features_2304', ../kernel/gnn_hls.cpp:110) on array 'compute_gcn_stream_stream_stream_stream_stream_stream_aggregated_features_9' due to limited memory ports (II = 4). Please consider using a memory core with more ports or partitioning the array 'compute_gcn_stream_stream_stream_stream_stream_stream_aggregated_features_9'.
Resolution: For help on HLS 200-885 see docs.xilinx.com/access/sources/dita/topic?Doc_Version=2025.1%20English&url=ug1448-hls-guidance&resourceid=200-885.html
WARNING: [HLS 200-885] The II Violation in module 'compute_gcn_Pipeline_VITIS_LOOP_110_12_VITIS_LOOP_111_13' (loop 'VITIS_LOOP_110_12_VITIS_LOOP_111_13'): Unable to schedule 'load' operation 32 bit ('compute_gcn_stream_stream_stream_stream_stream_stream_aggregated_features_1326', ../kernel/gnn_hls.cpp:110) on array 'compute_gcn_stream_stream_stream_stream_stream_stream_aggregated_features_9' due to limited memory ports (II = 35). Please consider using a memory core with more ports or partitioning the array 'compute_gcn_stream_stream_stream_stream_stream_stream_aggregated_features_9'.
Resolution: For help on HLS 200-885 see docs.xilinx.com/access/sources/dita/topic?Doc_Version=2025.1%20English&url=ug1448-hls-guidance&resourceid=200-885.html
WARNING: [HLS 200-885] The II Violation in module 'compute_gcn_Pipeline_VITIS_LOOP_110_12_VITIS_LOOP_111_13' (loop 'VITIS_LOOP_110_12_VITIS_LOOP_111_13'): Unable to schedule 'load' operation 32 bit ('compute_gcn_stream_stream_stream_stream_stream_stream_aggregated_features_1486', ../kernel/gnn_hls.cpp:110) on array 'compute_gcn_stream_stream_stream_stream_stream_stream_aggregated_features_9' due to limited memory ports (II = 43). Please consider using a memory core with more ports or partitioning the array 'compute_gcn_stream_stream_stream_stream_stream_stream_aggregated_features_9'.
Resolution: For help on HLS 200-885 see docs.xilinx.com/access/sources/dita/topic?Doc_Version=2025.1%20English&url=ug1448-hls-guidance&resourceid=200-885.html
WARNING: [HLS 200-885] The II Violation in module 'compute_gcn_Pipeline_VITIS_LOOP_110_12_VITIS_LOOP_111_13' (loop 'VITIS_LOOP_110_12_VITIS_LOOP_111_13'): Unable to schedule 'load' operation 32 bit ('compute_gcn_stream_stream_stream_stream_stream_stream_aggregated_features_1506', ../kernel/gnn_hls.cpp:110) on array 'compute_gcn_stream_stream_stream_stream_stream_stream_aggregated_features_9' due to limited memory ports (II = 44). Please consider using a memory core with more ports or partitioning the array 'compute_gcn_stream_stream_stream_stream_stream_stream_aggregated_features_9'.
Resolution: For help on HLS 200-885 see docs.xilinx.com/access/sources/dita/topic?Doc_Version=2025.1%20English&url=ug1448-hls-guidance&resourceid=200-885.html
INFO: [HLS 200-1470] Pipelining result : Target II = NA, Final II = 45, Depth = 7177, loop 'VITIS_LOOP_110_12_VITIS_LOOP_111_13'
INFO: [SCHED 204-11] Finished scheduling.
INFO: [HLS 200-111] Finished Scheduling: CPU user time: 261.71 seconds. CPU system time: 0.43 seconds. Elapsed time: 262.52 seconds; current allocated memory: 1.744 GB.
INFO: [BIND 205-100] Starting micro-architecture generation ...
INFO: [BIND 205-101] Performing variable lifetime analysis.
INFO: [BIND 205-101] Exploring resource sharing.
INFO: [BIND 205-101] Binding ...
