  **** HLS Build v2025.1 6135595
INFO: [HLS 200-2005] Using work_dir /home/sumit.k/gnn-inference-on-alveo-u50/build/hls 
INFO: [HLS 200-2006] Changing directory to /home/sumit.k/gnn-inference-on-alveo-u50/build
INFO: [HLS 200-2176] Writing Vitis IDE component file /home/sumit.k/gnn-inference-on-alveo-u50/build/hls/vitis-comp.json
INFO: [HLS 200-10] Creating and opening component '/home/sumit.k/gnn-inference-on-alveo-u50/build/hls'.
INFO: [HLS 200-1505] Using default flow_target 'vivado'
Resolution: For help on HLS 200-1505 see docs.xilinx.com/access/sources/dita/topic?Doc_Version=2025.1%20English&url=ug1448-hls-guidance&resourceid=200-1505.html
INFO: [HLS 200-2174] Applying component config ini file /home/sumit.k/gnn-inference-on-alveo-u50/hls_csim.cfg
WARNING: [HLS 200-1921] Skipping unknown config ini [hls] entry 'csim.profile=true' from /home/sumit.k/gnn-inference-on-alveo-u50/hls_csim.cfg(16)
INFO: [HLS 200-1465] Applying config ini 'syn.file=kernel/gnn_hls.cpp' from /home/sumit.k/gnn-inference-on-alveo-u50/hls_csim.cfg(8)
INFO: [HLS 200-10] Adding design file '/home/sumit.k/gnn-inference-on-alveo-u50/kernel/gnn_hls.cpp' to the project
INFO: [HLS 200-1465] Applying config ini 'tb.file=tb/gnn_test.cpp' from /home/sumit.k/gnn-inference-on-alveo-u50/hls_csim.cfg(12)
INFO: [HLS 200-10] Adding test bench file '/home/sumit.k/gnn-inference-on-alveo-u50/tb/gnn_test.cpp' to the project
INFO: [HLS 200-1465] Applying config ini 'syn.top=gnn' from /home/sumit.k/gnn-inference-on-alveo-u50/hls_csim.cfg(9)
INFO: [HLS 200-1465] Applying config ini 'flow_target=vitis' from /home/sumit.k/gnn-inference-on-alveo-u50/hls_csim.cfg(4)
INFO: [HLS 200-1505] Using flow_target 'vitis'
Resolution: For help on HLS 200-1505 see docs.xilinx.com/access/sources/dita/topic?Doc_Version=2025.1%20English&url=ug1448-hls-guidance&resourceid=200-1505.html
INFO: [HLS 200-435] Setting 'open_solution -flow_target vitis' configuration: config_interface -m_axi_latency=64
INFO: [HLS 200-435] Setting 'open_solution -flow_target vitis' configuration: config_interface -m_axi_alignment_byte_size=64
INFO: [HLS 200-435] Setting 'open_solution -flow_target vitis' configuration: config_interface -m_axi_max_widen_bitwidth=512
INFO: [HLS 200-435] Setting 'open_solution -flow_target vitis' configuration: config_rtl -register_reset_num=3
INFO: [HLS 200-1465] Applying config ini 'part=xcvu35p-fsvh2104-2L-e' from /home/sumit.k/gnn-inference-on-alveo-u50/hls_csim.cfg(1)
INFO: [HLS 200-1611] Setting target device to 'xcvu35p-fsvh2104-2L-e'
INFO: [HLS 200-1465] Applying config ini 'clock=5' from /home/sumit.k/gnn-inference-on-alveo-u50/hls_csim.cfg(5)
INFO: [SYN 201-201] Setting up clock 'default' with a period of 5ns.
INFO: [HLS 200-1465] Applying config ini 'csim.O=true' from /home/sumit.k/gnn-inference-on-alveo-u50/hls_csim.cfg(14)
INFO: [HLS 200-1907] Replacing 'config_csim -O=1' with 'config_sim -O=1' in current solution file
INFO: [HLS 200-1465] Applying config ini 'csim.clean=true' from /home/sumit.k/gnn-inference-on-alveo-u50/hls_csim.cfg(15)
INFO: [HLS 200-1907] Replacing 'config_csim -O=1' with 'config_sim -O=1' in current solution file
INFO: [HLS 200-2176] Writing Vitis IDE component file /home/sumit.k/gnn-inference-on-alveo-u50/build/hls/vitis-comp.json
INFO: [SIM 211-2] *************** CSIM start ***************
INFO: [SIM 211-4] CSIM will launch CLANG as the compiler.
INFO: [HLS 200-2036] Building optimized C Simulation binaries
make[1]: Entering directory '/home/sumit.k/gnn-inference-on-alveo-u50/build/hls/hls/csim/build'
   Compiling ../../../../../tb/gnn_test.cpp in release mode
   Compiling ../../../../../kernel/gnn_hls.cpp in release mode
   Generating csim.exe
make[1]: Leaving directory '/home/sumit.k/gnn-inference-on-alveo-u50/build/hls/hls/csim/build'
../../../../../tb/gnn_test.cpp:10:32: warning: '/*' within block comment [-Wcomment]
 * 2. Loads data from data/cora/*.bin files (or generates synthetic if not found).
                               ^
1 warning generated.
Info: Starting HLS C-Simulation Testbench...
Info: TB attempting to load data from data/cora...
Info: TB attempting to load data from ../data/cora...
Info: TB attempting to load data from ../../data/cora...
Info: TB failed to load data from any path, falling back to synthetic data...
Info: TB generating synthetic data...
Info: TB synthetic data generated.
Info: TB computing golden result...
Info: TB golden result computed.
Info: Calling HLS kernel function 'gnn'...
Info: HLS kernel function finished.
TEST PASSED
INFO [HLS SIM]: The maximum depth reached by any hls::stream() instance in the design is 3880564
INFO: [SIM 211-1] CSim done with 0 errors.
INFO: [SIM 211-3] *************** CSIM finish ***************
INFO: [HLS 200-112] Total CPU user time: 9.76 seconds. Total CPU system time: 2.15 seconds. Total elapsed time: 15.61 seconds; peak allocated memory: 458.047 MB.
INFO: [vitis-run 60-791] Total elapsed time: 0h 0m 20s
