Fri Oct 31 14:32:04 2025: Running xcd server. This server was built by gradle.
Fri Oct 31 14:32:04 2025: Server was asked to start on port: '37519'
Fri Oct 31 14:32:04 2025: Server is using token UUID: 'c981c23b-b47c-4e74-9920-9404aa54cc9a'
Fri Oct 31 14:32:04 2025: SESSION_MGR: creating session with session uuid: '6d04a3e9-ade5-4ab9-8d63-1f78fcd2ec76' and name 'default'
Fri Oct 31 14:32:04 2025: Attempting to start server on port '37519'
Fri Oct 31 14:32:04 2025: XCD main fifo: created main fifo '/tmp/xcdmainc981c23b-b47c-4e74-9920-9404aa54cc9a', fd read = 13
Fri Oct 31 14:32:04 2025: Running Dispatch Server
Fri Oct 31 14:32:04 2025: Version 2.2.0
Fri Oct 31 14:32:05 2025: Dispatch Server: Accepted socket connection from client
Fri Oct 31 14:32:05 2025: Starting Socket connection
Fri Oct 31 14:32:05 2025: EXCHANGE_TOKEN received, server token: c981c23b-b47c-4e74-9920-9404aa54cc9a, passed token: c981c23b-b47c-4e74-9920-9404aa54cc9a
Fri Oct 31 14:32:06 2025: DISPATCH_HANDLER: Adding handler from function makeHandler in library libxv_system_diagram
Fri Oct 31 14:32:06 2025: SESSION_MGR: creating session with session uuid: 'adad6a99-1fd6-44b1-8f6e-7649f187d221' and name 'vitis-run_compile_hls'
Fri Oct 31 14:32:06 2025: KERNEL_SVC: creating session with uuid: 'adad6a99-1fd6-44b1-8f6e-7649f187d221' and name 'vitis-run_compile_hls'
Fri Oct 31 14:32:06 2025: GUIDANCE_SMGR: creating guidance session with uuid: 'adad6a99-1fd6-44b1-8f6e-7649f187d221' and name 'vitis-run_compile_hls'
Fri Oct 31 14:32:06 2025: SYSTEM_DIAGRAM: creating session with uuid: 'adad6a99-1fd6-44b1-8f6e-7649f187d221' and name 'vitis-run_compile_hls'
Fri Oct 31 14:32:13 2025: SESSION_MGR: closing session for UUID 'adad6a99-1fd6-44b1-8f6e-7649f187d221' with name 'vitis-run_compile_hls'
Fri Oct 31 14:32:13 2025: KERNEL_SVC: closing session for UUID 'adad6a99-1fd6-44b1-8f6e-7649f187d221' with name 'vitis-run_compile_hls'
Fri Oct 31 14:32:13 2025: GUIDANCE_SMGR: closing session for UUID 'adad6a99-1fd6-44b1-8f6e-7649f187d221' with name 'vitis-run_compile_hls'
Fri Oct 31 14:32:13 2025: SYSTEM_DIAGRAM: closing session for UUID 'adad6a99-1fd6-44b1-8f6e-7649f187d221' with name 'vitis-run_compile_hls'
Fri Oct 31 14:32:13 2025: STOP_SERVER received, server token: c981c23b-b47c-4e74-9920-9404aa54cc9a, passed token: c981c23b-b47c-4e74-9920-9404aa54cc9a
Fri Oct 31 14:32:13 2025: Socket received request to stop server.
Fri Oct 31 14:32:13 2025: Dispatch Server: do_await_stop
Fri Oct 31 14:32:13 2025: Dispatch Server: stopping mainFifo_
Fri Oct 31 14:32:13 2025: XCD main fifo: Stopping
Fri Oct 31 14:32:13 2025: XCD main fifo: do_read error code: Operation canceled
Fri Oct 31 14:32:13 2025: XCD main fifo: bytes_transferred: 0
Fri Oct 31 14:32:13 2025: SERVER: destructor for server bound to port 37519
Fri Oct 31 14:32:13 2025: XCD main fifo: Good unlink of /tmp/xcdmainc981c23b-b47c-4e74-9920-9404aa54cc9a
Fri Oct 31 14:32:13 2025: Server exiting with status 0.
Fri Oct 31 14:32:13 2025: Closing log file.
Fri Oct 31 14:34:34 2025: Running xcd server. This server was built by gradle.
Fri Oct 31 14:34:34 2025: Server was asked to start on port: '39383'
Fri Oct 31 14:34:34 2025: Server is using token UUID: 'b7645b6a-e912-4468-a467-8783dd238ff8'
Fri Oct 31 14:34:34 2025: SESSION_MGR: creating session with session uuid: '6d04a3e9-ade5-4ab9-8d63-1f78fcd2ec76' and name 'default'
Fri Oct 31 14:34:34 2025: Attempting to start server on port '39383'
Fri Oct 31 14:34:34 2025: XCD main fifo: created main fifo '/tmp/xcdmainb7645b6a-e912-4468-a467-8783dd238ff8', fd read = 13
Fri Oct 31 14:34:34 2025: Running Dispatch Server
Fri Oct 31 14:34:34 2025: Version 2.2.0
Fri Oct 31 14:34:35 2025: Dispatch Server: Accepted socket connection from client
Fri Oct 31 14:34:35 2025: Starting Socket connection
Fri Oct 31 14:34:35 2025: EXCHANGE_TOKEN received, server token: b7645b6a-e912-4468-a467-8783dd238ff8, passed token: b7645b6a-e912-4468-a467-8783dd238ff8
Fri Oct 31 14:34:35 2025: DISPATCH_HANDLER: Adding handler from function makeHandler in library libxv_system_diagram
Fri Oct 31 14:34:35 2025: SESSION_MGR: creating session with session uuid: '295eeb1e-850f-4874-8b6f-132bcc93ac98' and name 'vitis-run_compile_hls'
Fri Oct 31 14:34:35 2025: KERNEL_SVC: creating session with uuid: '295eeb1e-850f-4874-8b6f-132bcc93ac98' and name 'vitis-run_compile_hls'
Fri Oct 31 14:34:35 2025: GUIDANCE_SMGR: creating guidance session with uuid: '295eeb1e-850f-4874-8b6f-132bcc93ac98' and name 'vitis-run_compile_hls'
Fri Oct 31 14:34:35 2025: SYSTEM_DIAGRAM: creating session with uuid: '295eeb1e-850f-4874-8b6f-132bcc93ac98' and name 'vitis-run_compile_hls'
Fri Oct 31 14:34:44 2025: Dispatch Server: Accepted socket connection from client
Fri Oct 31 14:34:44 2025: Starting Socket connection
Fri Oct 31 14:34:48 2025: SESSION_MGR: closing session for UUID '295eeb1e-850f-4874-8b6f-132bcc93ac98' with name 'vitis-run_compile_hls'
Fri Oct 31 14:34:48 2025: KERNEL_SVC: closing session for UUID '295eeb1e-850f-4874-8b6f-132bcc93ac98' with name 'vitis-run_compile_hls'
Fri Oct 31 14:34:48 2025: GUIDANCE_SMGR: closing session for UUID '295eeb1e-850f-4874-8b6f-132bcc93ac98' with name 'vitis-run_compile_hls'
Fri Oct 31 14:34:48 2025: SYSTEM_DIAGRAM: closing session for UUID '295eeb1e-850f-4874-8b6f-132bcc93ac98' with name 'vitis-run_compile_hls'
Fri Oct 31 14:34:48 2025: STOP_SERVER received, server token: b7645b6a-e912-4468-a467-8783dd238ff8, passed token: b7645b6a-e912-4468-a467-8783dd238ff8
Fri Oct 31 14:34:48 2025: Socket received request to stop server.
Fri Oct 31 14:34:48 2025: Dispatch Server: do_await_stop
Fri Oct 31 14:34:48 2025: Dispatch Server: stopping mainFifo_
Fri Oct 31 14:34:48 2025: XCD main fifo: Stopping
Fri Oct 31 14:34:48 2025: XCD main fifo: do_read error code: Operation canceled
Fri Oct 31 14:34:48 2025: XCD main fifo: bytes_transferred: 0
Fri Oct 31 14:34:48 2025: SERVER: destructor for server bound to port 39383
Fri Oct 31 14:34:48 2025: XCD main fifo: Good unlink of /tmp/xcdmainb7645b6a-e912-4468-a467-8783dd238ff8
Fri Oct 31 14:34:48 2025: Server exiting with status 0.
Fri Oct 31 14:34:48 2025: Closing log file.
Fri Oct 31 14:36:16 2025: Running xcd server. This server was built by gradle.
Fri Oct 31 14:36:16 2025: Server was asked to start on port: '43655'
Fri Oct 31 14:36:16 2025: Server is using token UUID: '7cb33960-20de-444e-9c48-46ecf1099334'
Fri Oct 31 14:36:16 2025: SESSION_MGR: creating session with session uuid: '6d04a3e9-ade5-4ab9-8d63-1f78fcd2ec76' and name 'default'
Fri Oct 31 14:36:16 2025: Attempting to start server on port '43655'
Fri Oct 31 14:36:16 2025: XCD main fifo: created main fifo '/tmp/xcdmain7cb33960-20de-444e-9c48-46ecf1099334', fd read = 13
Fri Oct 31 14:36:16 2025: Running Dispatch Server
Fri Oct 31 14:36:16 2025: Version 2.2.0
Fri Oct 31 14:36:17 2025: Dispatch Server: Accepted socket connection from client
Fri Oct 31 14:36:17 2025: Starting Socket connection
Fri Oct 31 14:36:17 2025: EXCHANGE_TOKEN received, server token: 7cb33960-20de-444e-9c48-46ecf1099334, passed token: 7cb33960-20de-444e-9c48-46ecf1099334
Fri Oct 31 14:36:17 2025: DISPATCH_HANDLER: Adding handler from function makeHandler in library libxv_system_diagram
Fri Oct 31 14:36:17 2025: SESSION_MGR: creating session with session uuid: '2065a591-8687-4591-8e08-4a3b57d50641' and name 'vitis-run_compile_hls'
Fri Oct 31 14:36:17 2025: KERNEL_SVC: creating session with uuid: '2065a591-8687-4591-8e08-4a3b57d50641' and name 'vitis-run_compile_hls'
Fri Oct 31 14:36:17 2025: GUIDANCE_SMGR: creating guidance session with uuid: '2065a591-8687-4591-8e08-4a3b57d50641' and name 'vitis-run_compile_hls'
Fri Oct 31 14:36:17 2025: SYSTEM_DIAGRAM: creating session with uuid: '2065a591-8687-4591-8e08-4a3b57d50641' and name 'vitis-run_compile_hls'
Fri Oct 31 14:36:26 2025: Dispatch Server: Accepted socket connection from client
Fri Oct 31 14:36:26 2025: Starting Socket connection
Fri Oct 31 14:36:27 2025: SESSION_MGR: closing session for UUID '2065a591-8687-4591-8e08-4a3b57d50641' with name 'vitis-run_compile_hls'
Fri Oct 31 14:36:27 2025: KERNEL_SVC: closing session for UUID '2065a591-8687-4591-8e08-4a3b57d50641' with name 'vitis-run_compile_hls'
Fri Oct 31 14:36:27 2025: GUIDANCE_SMGR: closing session for UUID '2065a591-8687-4591-8e08-4a3b57d50641' with name 'vitis-run_compile_hls'
Fri Oct 31 14:36:27 2025: SYSTEM_DIAGRAM: closing session for UUID '2065a591-8687-4591-8e08-4a3b57d50641' with name 'vitis-run_compile_hls'
Fri Oct 31 14:36:27 2025: STOP_SERVER received, server token: 7cb33960-20de-444e-9c48-46ecf1099334, passed token: 7cb33960-20de-444e-9c48-46ecf1099334
Fri Oct 31 14:36:27 2025: Socket received request to stop server.
Fri Oct 31 14:36:27 2025: Dispatch Server: do_await_stop
Fri Oct 31 14:36:27 2025: Dispatch Server: stopping mainFifo_
Fri Oct 31 14:36:27 2025: XCD main fifo: Stopping
Fri Oct 31 14:36:27 2025: XCD main fifo: do_read error code: Operation canceled
Fri Oct 31 14:36:27 2025: XCD main fifo: bytes_transferred: 0
Fri Oct 31 14:36:27 2025: SERVER: destructor for server bound to port 43655
Fri Oct 31 14:36:27 2025: XCD main fifo: Good unlink of /tmp/xcdmain7cb33960-20de-444e-9c48-46ecf1099334
Fri Oct 31 14:36:27 2025: Server exiting with status 0.
Fri Oct 31 14:36:27 2025: Closing log file.
Fri Oct 31 14:37:50 2025: Running xcd server. This server was built by gradle.
Fri Oct 31 14:37:50 2025: Server was asked to start on port: '44147'
Fri Oct 31 14:37:50 2025: Server is using token UUID: '33bf83f2-151e-461e-9e1f-fb82d54dada9'
Fri Oct 31 14:37:50 2025: SESSION_MGR: creating session with session uuid: '6d04a3e9-ade5-4ab9-8d63-1f78fcd2ec76' and name 'default'
Fri Oct 31 14:37:50 2025: Attempting to start server on port '44147'
Fri Oct 31 14:37:50 2025: XCD main fifo: created main fifo '/tmp/xcdmain33bf83f2-151e-461e-9e1f-fb82d54dada9', fd read = 13
Fri Oct 31 14:37:50 2025: Running Dispatch Server
Fri Oct 31 14:37:50 2025: Version 2.2.0
Fri Oct 31 14:37:51 2025: Dispatch Server: Accepted socket connection from client
Fri Oct 31 14:37:51 2025: Starting Socket connection
Fri Oct 31 14:37:51 2025: EXCHANGE_TOKEN received, server token: 33bf83f2-151e-461e-9e1f-fb82d54dada9, passed token: 33bf83f2-151e-461e-9e1f-fb82d54dada9
Fri Oct 31 14:37:51 2025: DISPATCH_HANDLER: Adding handler from function makeHandler in library libxv_system_diagram
Fri Oct 31 14:37:51 2025: SESSION_MGR: creating session with session uuid: '6ce97bc8-ac39-4f36-9b59-ffcc4140991b' and name 'vitis-run_compile_hls'
Fri Oct 31 14:37:51 2025: KERNEL_SVC: creating session with uuid: '6ce97bc8-ac39-4f36-9b59-ffcc4140991b' and name 'vitis-run_compile_hls'
Fri Oct 31 14:37:51 2025: GUIDANCE_SMGR: creating guidance session with uuid: '6ce97bc8-ac39-4f36-9b59-ffcc4140991b' and name 'vitis-run_compile_hls'
Fri Oct 31 14:37:51 2025: SYSTEM_DIAGRAM: creating session with uuid: '6ce97bc8-ac39-4f36-9b59-ffcc4140991b' and name 'vitis-run_compile_hls'
Fri Oct 31 14:38:00 2025: Dispatch Server: Accepted socket connection from client
Fri Oct 31 14:38:00 2025: Starting Socket connection
Fri Oct 31 14:38:02 2025: SESSION_MGR: closing session for UUID '6ce97bc8-ac39-4f36-9b59-ffcc4140991b' with name 'vitis-run_compile_hls'
Fri Oct 31 14:38:02 2025: KERNEL_SVC: closing session for UUID '6ce97bc8-ac39-4f36-9b59-ffcc4140991b' with name 'vitis-run_compile_hls'
Fri Oct 31 14:38:02 2025: GUIDANCE_SMGR: closing session for UUID '6ce97bc8-ac39-4f36-9b59-ffcc4140991b' with name 'vitis-run_compile_hls'
Fri Oct 31 14:38:02 2025: SYSTEM_DIAGRAM: closing session for UUID '6ce97bc8-ac39-4f36-9b59-ffcc4140991b' with name 'vitis-run_compile_hls'
Fri Oct 31 14:38:02 2025: STOP_SERVER received, server token: 33bf83f2-151e-461e-9e1f-fb82d54dada9, passed token: 33bf83f2-151e-461e-9e1f-fb82d54dada9
Fri Oct 31 14:38:02 2025: Socket received request to stop server.
Fri Oct 31 14:38:02 2025: Dispatch Server: do_await_stop
Fri Oct 31 14:38:02 2025: Dispatch Server: stopping mainFifo_
Fri Oct 31 14:38:02 2025: XCD main fifo: Stopping
Fri Oct 31 14:38:02 2025: XCD main fifo: do_read error code: Operation canceled
Fri Oct 31 14:38:02 2025: XCD main fifo: bytes_transferred: 0
Fri Oct 31 14:38:02 2025: SERVER: destructor for server bound to port 44147
Fri Oct 31 14:38:02 2025: XCD main fifo: Good unlink of /tmp/xcdmain33bf83f2-151e-461e-9e1f-fb82d54dada9
Fri Oct 31 14:38:02 2025: Server exiting with status 0.
Fri Oct 31 14:38:02 2025: Closing log file.
Fri Oct 31 14:38:42 2025: Running xcd server. This server was built by gradle.
Fri Oct 31 14:38:42 2025: Server was asked to start on port: '34495'
Fri Oct 31 14:38:42 2025: Server is using token UUID: '166f71a5-6584-43d2-995f-1bc5df6dc2cb'
Fri Oct 31 14:38:42 2025: SESSION_MGR: creating session with session uuid: '6d04a3e9-ade5-4ab9-8d63-1f78fcd2ec76' and name 'default'
Fri Oct 31 14:38:42 2025: Attempting to start server on port '34495'
Fri Oct 31 14:38:42 2025: XCD main fifo: created main fifo '/tmp/xcdmain166f71a5-6584-43d2-995f-1bc5df6dc2cb', fd read = 13
Fri Oct 31 14:38:42 2025: Running Dispatch Server
Fri Oct 31 14:38:42 2025: Version 2.2.0
Fri Oct 31 14:38:43 2025: Dispatch Server: Accepted socket connection from client
Fri Oct 31 14:38:43 2025: Starting Socket connection
Fri Oct 31 14:38:43 2025: EXCHANGE_TOKEN received, server token: 166f71a5-6584-43d2-995f-1bc5df6dc2cb, passed token: 166f71a5-6584-43d2-995f-1bc5df6dc2cb
Fri Oct 31 14:38:44 2025: DISPATCH_HANDLER: Adding handler from function makeHandler in library libxv_system_diagram
Fri Oct 31 14:38:44 2025: SESSION_MGR: creating session with session uuid: '0010925b-18f7-4fe3-8e2f-920d25f3f752' and name 'vitis-run_compile_hls'
Fri Oct 31 14:38:44 2025: KERNEL_SVC: creating session with uuid: '0010925b-18f7-4fe3-8e2f-920d25f3f752' and name 'vitis-run_compile_hls'
Fri Oct 31 14:38:44 2025: GUIDANCE_SMGR: creating guidance session with uuid: '0010925b-18f7-4fe3-8e2f-920d25f3f752' and name 'vitis-run_compile_hls'
Fri Oct 31 14:38:44 2025: SYSTEM_DIAGRAM: creating session with uuid: '0010925b-18f7-4fe3-8e2f-920d25f3f752' and name 'vitis-run_compile_hls'
Fri Oct 31 14:38:49 2025: Dispatch Server: Accepted socket connection from client
Fri Oct 31 14:38:49 2025: Starting Socket connection
Fri Oct 31 14:38:50 2025: SESSION_MGR: closing session for UUID '0010925b-18f7-4fe3-8e2f-920d25f3f752' with name 'vitis-run_compile_hls'
Fri Oct 31 14:38:50 2025: KERNEL_SVC: closing session for UUID '0010925b-18f7-4fe3-8e2f-920d25f3f752' with name 'vitis-run_compile_hls'
Fri Oct 31 14:38:50 2025: GUIDANCE_SMGR: closing session for UUID '0010925b-18f7-4fe3-8e2f-920d25f3f752' with name 'vitis-run_compile_hls'
Fri Oct 31 14:38:50 2025: SYSTEM_DIAGRAM: closing session for UUID '0010925b-18f7-4fe3-8e2f-920d25f3f752' with name 'vitis-run_compile_hls'
Fri Oct 31 14:38:50 2025: STOP_SERVER received, server token: 166f71a5-6584-43d2-995f-1bc5df6dc2cb, passed token: 166f71a5-6584-43d2-995f-1bc5df6dc2cb
Fri Oct 31 14:38:50 2025: Socket received request to stop server.
Fri Oct 31 14:38:50 2025: Dispatch Server: do_await_stop
Fri Oct 31 14:38:50 2025: Dispatch Server: stopping mainFifo_
Fri Oct 31 14:38:50 2025: XCD main fifo: Stopping
Fri Oct 31 14:38:50 2025: XCD main fifo: do_read error code: Operation canceled
Fri Oct 31 14:38:50 2025: XCD main fifo: bytes_transferred: 0
Fri Oct 31 14:38:50 2025: SERVER: destructor for server bound to port 34495
Fri Oct 31 14:38:50 2025: XCD main fifo: Good unlink of /tmp/xcdmain166f71a5-6584-43d2-995f-1bc5df6dc2cb
Fri Oct 31 14:38:50 2025: Server exiting with status 0.
Fri Oct 31 14:38:50 2025: Closing log file.
Fri Oct 31 14:39:40 2025: Running xcd server. This server was built by gradle.
Fri Oct 31 14:39:40 2025: Server was asked to start on port: '43479'
Fri Oct 31 14:39:40 2025: Server is using token UUID: 'ee3fcd6c-eebc-466f-888d-e08795cefc9b'
Fri Oct 31 14:39:40 2025: SESSION_MGR: creating session with session uuid: '6d04a3e9-ade5-4ab9-8d63-1f78fcd2ec76' and name 'default'
Fri Oct 31 14:39:40 2025: Attempting to start server on port '43479'
Fri Oct 31 14:39:40 2025: XCD main fifo: created main fifo '/tmp/xcdmainee3fcd6c-eebc-466f-888d-e08795cefc9b', fd read = 13
Fri Oct 31 14:39:40 2025: Running Dispatch Server
Fri Oct 31 14:39:40 2025: Version 2.2.0
Fri Oct 31 14:39:41 2025: Dispatch Server: Accepted socket connection from client
Fri Oct 31 14:39:41 2025: Starting Socket connection
Fri Oct 31 14:39:41 2025: EXCHANGE_TOKEN received, server token: ee3fcd6c-eebc-466f-888d-e08795cefc9b, passed token: ee3fcd6c-eebc-466f-888d-e08795cefc9b
Fri Oct 31 14:39:41 2025: DISPATCH_HANDLER: Adding handler from function makeHandler in library libxv_system_diagram
Fri Oct 31 14:39:41 2025: SESSION_MGR: creating session with session uuid: '544a2660-ce4a-4ba6-9b8f-b6b458babe4f' and name 'vitis-run_compile_hls'
Fri Oct 31 14:39:41 2025: KERNEL_SVC: creating session with uuid: '544a2660-ce4a-4ba6-9b8f-b6b458babe4f' and name 'vitis-run_compile_hls'
Fri Oct 31 14:39:41 2025: GUIDANCE_SMGR: creating guidance session with uuid: '544a2660-ce4a-4ba6-9b8f-b6b458babe4f' and name 'vitis-run_compile_hls'
Fri Oct 31 14:39:41 2025: SYSTEM_DIAGRAM: creating session with uuid: '544a2660-ce4a-4ba6-9b8f-b6b458babe4f' and name 'vitis-run_compile_hls'
Fri Oct 31 14:39:50 2025: Dispatch Server: Accepted socket connection from client
Fri Oct 31 14:39:50 2025: Starting Socket connection
Fri Oct 31 14:39:57 2025: SESSION_MGR: closing session for UUID '544a2660-ce4a-4ba6-9b8f-b6b458babe4f' with name 'vitis-run_compile_hls'
Fri Oct 31 14:39:57 2025: KERNEL_SVC: closing session for UUID '544a2660-ce4a-4ba6-9b8f-b6b458babe4f' with name 'vitis-run_compile_hls'
Fri Oct 31 14:39:57 2025: GUIDANCE_SMGR: closing session for UUID '544a2660-ce4a-4ba6-9b8f-b6b458babe4f' with name 'vitis-run_compile_hls'
Fri Oct 31 14:39:57 2025: SYSTEM_DIAGRAM: closing session for UUID '544a2660-ce4a-4ba6-9b8f-b6b458babe4f' with name 'vitis-run_compile_hls'
Fri Oct 31 14:39:57 2025: STOP_SERVER received, server token: ee3fcd6c-eebc-466f-888d-e08795cefc9b, passed token: ee3fcd6c-eebc-466f-888d-e08795cefc9b
Fri Oct 31 14:39:57 2025: Socket received request to stop server.
Fri Oct 31 14:39:57 2025: Dispatch Server: do_await_stop
Fri Oct 31 14:39:57 2025: Dispatch Server: stopping mainFifo_
Fri Oct 31 14:39:57 2025: XCD main fifo: Stopping
Fri Oct 31 14:39:57 2025: XCD main fifo: do_read error code: Operation canceled
Fri Oct 31 14:39:57 2025: XCD main fifo: bytes_transferred: 0
Fri Oct 31 14:39:57 2025: SERVER: destructor for server bound to port 43479
Fri Oct 31 14:39:57 2025: XCD main fifo: Good unlink of /tmp/xcdmainee3fcd6c-eebc-466f-888d-e08795cefc9b
Fri Oct 31 14:39:57 2025: Server exiting with status 0.
Fri Oct 31 14:39:57 2025: Closing log file.
Fri Oct 31 14:56:25 2025: Running xcd server. This server was built by gradle.
Fri Oct 31 14:56:25 2025: Server was asked to start on port: '33215'
Fri Oct 31 14:56:25 2025: Server is using token UUID: 'e3e5dea3-7f08-492e-99ce-953a020f727c'
Fri Oct 31 14:56:25 2025: SESSION_MGR: creating session with session uuid: '6d04a3e9-ade5-4ab9-8d63-1f78fcd2ec76' and name 'default'
Fri Oct 31 14:56:25 2025: Attempting to start server on port '33215'
Fri Oct 31 14:56:25 2025: XCD main fifo: created main fifo '/tmp/xcdmaine3e5dea3-7f08-492e-99ce-953a020f727c', fd read = 13
Fri Oct 31 14:56:25 2025: Running Dispatch Server
Fri Oct 31 14:56:25 2025: Version 2.2.0
Fri Oct 31 14:56:26 2025: Dispatch Server: Accepted socket connection from client
Fri Oct 31 14:56:26 2025: Starting Socket connection
Fri Oct 31 14:56:26 2025: EXCHANGE_TOKEN received, server token: e3e5dea3-7f08-492e-99ce-953a020f727c, passed token: e3e5dea3-7f08-492e-99ce-953a020f727c
Fri Oct 31 14:56:27 2025: DISPATCH_HANDLER: Adding handler from function makeHandler in library libxv_system_diagram
Fri Oct 31 14:56:27 2025: SESSION_MGR: creating session with session uuid: '1412d0c1-de84-4dbe-a1b5-c2bcd04f8f5b' and name 'vitis-run_compile_hls'
Fri Oct 31 14:56:27 2025: KERNEL_SVC: creating session with uuid: '1412d0c1-de84-4dbe-a1b5-c2bcd04f8f5b' and name 'vitis-run_compile_hls'
Fri Oct 31 14:56:27 2025: GUIDANCE_SMGR: creating guidance session with uuid: '1412d0c1-de84-4dbe-a1b5-c2bcd04f8f5b' and name 'vitis-run_compile_hls'
Fri Oct 31 14:56:27 2025: SYSTEM_DIAGRAM: creating session with uuid: '1412d0c1-de84-4dbe-a1b5-c2bcd04f8f5b' and name 'vitis-run_compile_hls'
Fri Oct 31 14:56:36 2025: Dispatch Server: Accepted socket connection from client
Fri Oct 31 14:56:36 2025: Starting Socket connection
Fri Oct 31 14:56:41 2025: SESSION_MGR: closing session for UUID '1412d0c1-de84-4dbe-a1b5-c2bcd04f8f5b' with name 'vitis-run_compile_hls'
Fri Oct 31 14:56:41 2025: KERNEL_SVC: closing session for UUID '1412d0c1-de84-4dbe-a1b5-c2bcd04f8f5b' with name 'vitis-run_compile_hls'
Fri Oct 31 14:56:41 2025: GUIDANCE_SMGR: closing session for UUID '1412d0c1-de84-4dbe-a1b5-c2bcd04f8f5b' with name 'vitis-run_compile_hls'
Fri Oct 31 14:56:41 2025: SYSTEM_DIAGRAM: closing session for UUID '1412d0c1-de84-4dbe-a1b5-c2bcd04f8f5b' with name 'vitis-run_compile_hls'
Fri Oct 31 14:56:41 2025: STOP_SERVER received, server token: e3e5dea3-7f08-492e-99ce-953a020f727c, passed token: e3e5dea3-7f08-492e-99ce-953a020f727c
Fri Oct 31 14:56:41 2025: Socket received request to stop server.
Fri Oct 31 14:56:41 2025: Dispatch Server: do_await_stop
Fri Oct 31 14:56:41 2025: Dispatch Server: stopping mainFifo_
Fri Oct 31 14:56:41 2025: XCD main fifo: Stopping
Fri Oct 31 14:56:41 2025: XCD main fifo: do_read error code: Operation canceled
Fri Oct 31 14:56:41 2025: XCD main fifo: bytes_transferred: 0
Fri Oct 31 14:56:41 2025: SERVER: destructor for server bound to port 33215
Fri Oct 31 14:56:41 2025: XCD main fifo: Good unlink of /tmp/xcdmaine3e5dea3-7f08-492e-99ce-953a020f727c
Fri Oct 31 14:56:41 2025: Server exiting with status 0.
Fri Oct 31 14:56:41 2025: Closing log file.
Sat Nov  1 00:22:12 2025: Running xcd server. This server was built by gradle.
Sat Nov  1 00:22:12 2025: Server was asked to start on port: '37497'
Sat Nov  1 00:22:12 2025: Server is using token UUID: 'df1e4044-8c70-4dc1-b906-1b3af2150e1d'
Sat Nov  1 00:22:12 2025: SESSION_MGR: creating session with session uuid: '6d04a3e9-ade5-4ab9-8d63-1f78fcd2ec76' and name 'default'
Sat Nov  1 00:22:12 2025: Attempting to start server on port '37497'
Sat Nov  1 00:22:12 2025: XCD main fifo: created main fifo '/tmp/xcdmaindf1e4044-8c70-4dc1-b906-1b3af2150e1d', fd read = 13
Sat Nov  1 00:22:12 2025: Running Dispatch Server
Sat Nov  1 00:22:12 2025: Version 2.2.0
Sat Nov  1 00:22:13 2025: Dispatch Server: Accepted socket connection from client
Sat Nov  1 00:22:13 2025: Starting Socket connection
Sat Nov  1 00:22:13 2025: EXCHANGE_TOKEN received, server token: df1e4044-8c70-4dc1-b906-1b3af2150e1d, passed token: df1e4044-8c70-4dc1-b906-1b3af2150e1d
Sat Nov  1 00:22:13 2025: DISPATCH_HANDLER: Adding handler from function makeHandler in library libxv_system_diagram
Sat Nov  1 00:22:13 2025: SESSION_MGR: creating session with session uuid: 'cb4efc90-f31e-4e13-8706-976540da76b8' and name 'vitis-run_compile_hls'
Sat Nov  1 00:22:13 2025: KERNEL_SVC: creating session with uuid: 'cb4efc90-f31e-4e13-8706-976540da76b8' and name 'vitis-run_compile_hls'
Sat Nov  1 00:22:13 2025: GUIDANCE_SMGR: creating guidance session with uuid: 'cb4efc90-f31e-4e13-8706-976540da76b8' and name 'vitis-run_compile_hls'
Sat Nov  1 00:22:13 2025: SYSTEM_DIAGRAM: creating session with uuid: 'cb4efc90-f31e-4e13-8706-976540da76b8' and name 'vitis-run_compile_hls'
Sat Nov  1 00:22:21 2025: Dispatch Server: Accepted socket connection from client
Sat Nov  1 00:22:21 2025: Starting Socket connection
Sat Nov  1 00:22:29 2025: SESSION_MGR: closing session for UUID 'cb4efc90-f31e-4e13-8706-976540da76b8' with name 'vitis-run_compile_hls'
Sat Nov  1 00:22:29 2025: KERNEL_SVC: closing session for UUID 'cb4efc90-f31e-4e13-8706-976540da76b8' with name 'vitis-run_compile_hls'
Sat Nov  1 00:22:29 2025: GUIDANCE_SMGR: closing session for UUID 'cb4efc90-f31e-4e13-8706-976540da76b8' with name 'vitis-run_compile_hls'
Sat Nov  1 00:22:29 2025: SYSTEM_DIAGRAM: closing session for UUID 'cb4efc90-f31e-4e13-8706-976540da76b8' with name 'vitis-run_compile_hls'
Sat Nov  1 00:22:29 2025: STOP_SERVER received, server token: df1e4044-8c70-4dc1-b906-1b3af2150e1d, passed token: df1e4044-8c70-4dc1-b906-1b3af2150e1d
Sat Nov  1 00:22:29 2025: Socket received request to stop server.
Sat Nov  1 00:22:29 2025: Dispatch Server: do_await_stop
Sat Nov  1 00:22:29 2025: Dispatch Server: stopping mainFifo_
Sat Nov  1 00:22:29 2025: XCD main fifo: Stopping
Sat Nov  1 00:22:29 2025: XCD main fifo: do_read error code: Operation canceled
Sat Nov  1 00:22:29 2025: XCD main fifo: bytes_transferred: 0
Sat Nov  1 00:22:29 2025: SERVER: destructor for server bound to port 37497
Sat Nov  1 00:22:29 2025: XCD main fifo: Good unlink of /tmp/xcdmaindf1e4044-8c70-4dc1-b906-1b3af2150e1d
Sat Nov  1 00:22:29 2025: Server exiting with status 0.
Sat Nov  1 00:22:29 2025: Closing log file.
Sat Nov  1 00:22:58 2025: Running xcd server. This server was built by gradle.
Sat Nov  1 00:22:58 2025: Server was asked to start on port: '36055'
Sat Nov  1 00:22:58 2025: Server is using token UUID: 'e17bf6b1-04a4-4761-bd93-2563dcd7b534'
Sat Nov  1 00:22:58 2025: SESSION_MGR: creating session with session uuid: '6d04a3e9-ade5-4ab9-8d63-1f78fcd2ec76' and name 'default'
Sat Nov  1 00:22:58 2025: Attempting to start server on port '36055'
Sat Nov  1 00:22:58 2025: XCD main fifo: created main fifo '/tmp/xcdmaine17bf6b1-04a4-4761-bd93-2563dcd7b534', fd read = 13
Sat Nov  1 00:22:58 2025: Running Dispatch Server
Sat Nov  1 00:22:58 2025: Version 2.2.0
Sat Nov  1 00:22:59 2025: Dispatch Server: Accepted socket connection from client
Sat Nov  1 00:22:59 2025: Starting Socket connection
Sat Nov  1 00:22:59 2025: EXCHANGE_TOKEN received, server token: e17bf6b1-04a4-4761-bd93-2563dcd7b534, passed token: e17bf6b1-04a4-4761-bd93-2563dcd7b534
Sat Nov  1 00:22:59 2025: DISPATCH_HANDLER: Adding handler from function makeHandler in library libxv_system_diagram
Sat Nov  1 00:22:59 2025: SESSION_MGR: creating session with session uuid: 'c3f4b677-f7aa-4ab4-b2df-67d4c55df9b7' and name 'v++_compile_hls'
Sat Nov  1 00:22:59 2025: KERNEL_SVC: creating session with uuid: 'c3f4b677-f7aa-4ab4-b2df-67d4c55df9b7' and name 'v++_compile_hls'
Sat Nov  1 00:22:59 2025: GUIDANCE_SMGR: creating guidance session with uuid: 'c3f4b677-f7aa-4ab4-b2df-67d4c55df9b7' and name 'v++_compile_hls'
Sat Nov  1 00:22:59 2025: SYSTEM_DIAGRAM: creating session with uuid: 'c3f4b677-f7aa-4ab4-b2df-67d4c55df9b7' and name 'v++_compile_hls'
Sat Nov  1 00:23:05 2025: Dispatch Server: Accepted socket connection from client
Sat Nov  1 00:23:05 2025: Starting Socket connection
Sat Nov  1 00:23:11 2025: SESSION_MGR: closing session for UUID 'c3f4b677-f7aa-4ab4-b2df-67d4c55df9b7' with name 'v++_compile_hls'
Sat Nov  1 00:23:11 2025: KERNEL_SVC: closing session for UUID 'c3f4b677-f7aa-4ab4-b2df-67d4c55df9b7' with name 'v++_compile_hls'
Sat Nov  1 00:23:11 2025: GUIDANCE_SMGR: closing session for UUID 'c3f4b677-f7aa-4ab4-b2df-67d4c55df9b7' with name 'v++_compile_hls'
Sat Nov  1 00:23:12 2025: SYSTEM_DIAGRAM: closing session for UUID 'c3f4b677-f7aa-4ab4-b2df-67d4c55df9b7' with name 'v++_compile_hls'
Sat Nov  1 00:23:12 2025: STOP_SERVER received, server token: e17bf6b1-04a4-4761-bd93-2563dcd7b534, passed token: e17bf6b1-04a4-4761-bd93-2563dcd7b534
Sat Nov  1 00:23:12 2025: Socket received request to stop server.
Sat Nov  1 00:23:12 2025: Dispatch Server: do_await_stop
Sat Nov  1 00:23:12 2025: Dispatch Server: stopping mainFifo_
Sat Nov  1 00:23:12 2025: XCD main fifo: Stopping
Sat Nov  1 00:23:12 2025: XCD main fifo: do_read error code: Operation canceled
Sat Nov  1 00:23:12 2025: XCD main fifo: bytes_transferred: 0
Sat Nov  1 00:23:12 2025: SERVER: destructor for server bound to port 36055
Sat Nov  1 00:23:12 2025: XCD main fifo: Good unlink of /tmp/xcdmaine17bf6b1-04a4-4761-bd93-2563dcd7b534
Sat Nov  1 00:23:12 2025: Server exiting with status 0.
Sat Nov  1 00:23:12 2025: Closing log file.
Sat Nov  1 00:26:08 2025: Running xcd server. This server was built by gradle.
Sat Nov  1 00:26:08 2025: Server was asked to start on port: '33897'
Sat Nov  1 00:26:08 2025: Server is using token UUID: '2354065c-7e4f-4a50-bd12-9e2c231688da'
Sat Nov  1 00:26:08 2025: SESSION_MGR: creating session with session uuid: '6d04a3e9-ade5-4ab9-8d63-1f78fcd2ec76' and name 'default'
Sat Nov  1 00:26:08 2025: Attempting to start server on port '33897'
Sat Nov  1 00:26:08 2025: XCD main fifo: created main fifo '/tmp/xcdmain2354065c-7e4f-4a50-bd12-9e2c231688da', fd read = 13
Sat Nov  1 00:26:08 2025: Running Dispatch Server
Sat Nov  1 00:26:08 2025: Version 2.2.0
Sat Nov  1 00:26:09 2025: Dispatch Server: Accepted socket connection from client
Sat Nov  1 00:26:09 2025: Starting Socket connection
Sat Nov  1 00:26:09 2025: EXCHANGE_TOKEN received, server token: 2354065c-7e4f-4a50-bd12-9e2c231688da, passed token: 2354065c-7e4f-4a50-bd12-9e2c231688da
Sat Nov  1 00:26:21 2025: Running xcd server. This server was built by gradle.
Sat Nov  1 00:26:21 2025: Server was asked to start on port: '35055'
Sat Nov  1 00:26:21 2025: Server is using token UUID: 'bc6bc98c-d5a3-4cb8-b0e7-229701f1c7a6'
Sat Nov  1 00:26:21 2025: SESSION_MGR: creating session with session uuid: '6d04a3e9-ade5-4ab9-8d63-1f78fcd2ec76' and name 'default'
Sat Nov  1 00:26:21 2025: Attempting to start server on port '35055'
Sat Nov  1 00:26:21 2025: XCD main fifo: created main fifo '/tmp/xcdmainbc6bc98c-d5a3-4cb8-b0e7-229701f1c7a6', fd read = 13
Sat Nov  1 00:26:21 2025: Running Dispatch Server
Sat Nov  1 00:26:21 2025: Version 2.2.0
Sat Nov  1 00:26:22 2025: Dispatch Server: Accepted socket connection from client
Sat Nov  1 00:26:22 2025: Starting Socket connection
Sat Nov  1 00:26:22 2025: EXCHANGE_TOKEN received, server token: bc6bc98c-d5a3-4cb8-b0e7-229701f1c7a6, passed token: bc6bc98c-d5a3-4cb8-b0e7-229701f1c7a6
Sat Nov  1 00:26:23 2025: DISPATCH_HANDLER: Adding handler from function makeHandler in library libxv_system_diagram
Sat Nov  1 00:26:23 2025: SESSION_MGR: creating session with session uuid: '1eab124e-189a-4010-b8b3-f5da1f359e31' and name 'v++_compile_hls'
Sat Nov  1 00:26:23 2025: KERNEL_SVC: creating session with uuid: '1eab124e-189a-4010-b8b3-f5da1f359e31' and name 'v++_compile_hls'
Sat Nov  1 00:26:23 2025: GUIDANCE_SMGR: creating guidance session with uuid: '1eab124e-189a-4010-b8b3-f5da1f359e31' and name 'v++_compile_hls'
Sat Nov  1 00:26:23 2025: SYSTEM_DIAGRAM: creating session with uuid: '1eab124e-189a-4010-b8b3-f5da1f359e31' and name 'v++_compile_hls'
Sat Nov  1 00:26:32 2025: Dispatch Server: Accepted socket connection from client
Sat Nov  1 00:26:32 2025: Starting Socket connection
Sat Nov  1 00:26:39 2025: SESSION_MGR: closing session for UUID '1eab124e-189a-4010-b8b3-f5da1f359e31' with name 'v++_compile_hls'
Sat Nov  1 00:26:39 2025: KERNEL_SVC: closing session for UUID '1eab124e-189a-4010-b8b3-f5da1f359e31' with name 'v++_compile_hls'
Sat Nov  1 00:26:39 2025: GUIDANCE_SMGR: closing session for UUID '1eab124e-189a-4010-b8b3-f5da1f359e31' with name 'v++_compile_hls'
Sat Nov  1 00:26:39 2025: SYSTEM_DIAGRAM: closing session for UUID '1eab124e-189a-4010-b8b3-f5da1f359e31' with name 'v++_compile_hls'
Sat Nov  1 00:26:39 2025: STOP_SERVER received, server token: bc6bc98c-d5a3-4cb8-b0e7-229701f1c7a6, passed token: bc6bc98c-d5a3-4cb8-b0e7-229701f1c7a6
Sat Nov  1 00:26:39 2025: Socket received request to stop server.
Sat Nov  1 00:26:39 2025: Dispatch Server: do_await_stop
Sat Nov  1 00:26:39 2025: Dispatch Server: stopping mainFifo_
Sat Nov  1 00:26:39 2025: XCD main fifo: Stopping
Sat Nov  1 00:26:39 2025: XCD main fifo: do_read error code: Operation canceled
Sat Nov  1 00:26:39 2025: XCD main fifo: bytes_transferred: 0
Sat Nov  1 00:26:39 2025: SERVER: destructor for server bound to port 35055
Sat Nov  1 00:26:39 2025: XCD main fifo: Good unlink of /tmp/xcdmainbc6bc98c-d5a3-4cb8-b0e7-229701f1c7a6
Sat Nov  1 00:26:39 2025: Server exiting with status 0.
Sat Nov  1 00:26:39 2025: Closing log file.
Sat Nov  1 00:26:43 2025: Running xcd server. This server was built by gradle.
Sat Nov  1 00:26:43 2025: Server was asked to start on port: '37531'
Sat Nov  1 00:26:43 2025: Server is using token UUID: '6f5512c5-ff26-4335-9056-662e73a2a4ff'
Sat Nov  1 00:26:43 2025: SESSION_MGR: creating session with session uuid: '6d04a3e9-ade5-4ab9-8d63-1f78fcd2ec76' and name 'default'
Sat Nov  1 00:26:43 2025: Attempting to start server on port '37531'
Sat Nov  1 00:26:43 2025: XCD main fifo: created main fifo '/tmp/xcdmain6f5512c5-ff26-4335-9056-662e73a2a4ff', fd read = 13
Sat Nov  1 00:26:43 2025: Running Dispatch Server
Sat Nov  1 00:26:43 2025: Version 2.2.0
Sat Nov  1 00:26:44 2025: Dispatch Server: Accepted socket connection from client
Sat Nov  1 00:26:44 2025: Starting Socket connection
Sat Nov  1 00:26:44 2025: EXCHANGE_TOKEN received, server token: 6f5512c5-ff26-4335-9056-662e73a2a4ff, passed token: 6f5512c5-ff26-4335-9056-662e73a2a4ff
Sat Nov  1 00:26:45 2025: DISPATCH_HANDLER: Adding handler from function makeHandler in library libxv_system_diagram
Sat Nov  1 00:26:45 2025: SESSION_MGR: creating session with session uuid: 'a80bac2c-d9ba-49de-8caa-32fffd815e69' and name 'v++_compile_hls'
Sat Nov  1 00:26:45 2025: KERNEL_SVC: creating session with uuid: 'a80bac2c-d9ba-49de-8caa-32fffd815e69' and name 'v++_compile_hls'
Sat Nov  1 00:26:45 2025: GUIDANCE_SMGR: creating guidance session with uuid: 'a80bac2c-d9ba-49de-8caa-32fffd815e69' and name 'v++_compile_hls'
Sat Nov  1 00:26:45 2025: SYSTEM_DIAGRAM: creating session with uuid: 'a80bac2c-d9ba-49de-8caa-32fffd815e69' and name 'v++_compile_hls'
Sat Nov  1 00:26:50 2025: Dispatch Server: Accepted socket connection from client
Sat Nov  1 00:26:50 2025: Starting Socket connection
Sat Nov  1 00:26:57 2025: SESSION_MGR: closing session for UUID 'a80bac2c-d9ba-49de-8caa-32fffd815e69' with name 'v++_compile_hls'
Sat Nov  1 00:26:57 2025: KERNEL_SVC: closing session for UUID 'a80bac2c-d9ba-49de-8caa-32fffd815e69' with name 'v++_compile_hls'
Sat Nov  1 00:26:57 2025: GUIDANCE_SMGR: closing session for UUID 'a80bac2c-d9ba-49de-8caa-32fffd815e69' with name 'v++_compile_hls'
Sat Nov  1 00:26:57 2025: SYSTEM_DIAGRAM: closing session for UUID 'a80bac2c-d9ba-49de-8caa-32fffd815e69' with name 'v++_compile_hls'
Sat Nov  1 00:26:57 2025: STOP_SERVER received, server token: 6f5512c5-ff26-4335-9056-662e73a2a4ff, passed token: 6f5512c5-ff26-4335-9056-662e73a2a4ff
Sat Nov  1 00:26:57 2025: Socket received request to stop server.
Sat Nov  1 00:26:57 2025: Dispatch Server: do_await_stop
Sat Nov  1 00:26:57 2025: Dispatch Server: stopping mainFifo_
Sat Nov  1 00:26:57 2025: XCD main fifo: Stopping
Sat Nov  1 00:26:57 2025: XCD main fifo: do_read error code: Operation canceled
Sat Nov  1 00:26:57 2025: XCD main fifo: bytes_transferred: 0
Sat Nov  1 00:26:57 2025: SERVER: destructor for server bound to port 37531
Sat Nov  1 00:26:57 2025: XCD main fifo: Good unlink of /tmp/xcdmain6f5512c5-ff26-4335-9056-662e73a2a4ff
Sat Nov  1 00:26:57 2025: Server exiting with status 0.
Sat Nov  1 00:26:57 2025: Closing log file.
Sat Nov  1 00:27:02 2025: Running xcd server. This server was built by gradle.
Sat Nov  1 00:27:02 2025: Server was asked to start on port: '35075'
Sat Nov  1 00:27:02 2025: Server is using token UUID: '7e618667-4ef7-4d55-a21c-c0bede4dfd8e'
Sat Nov  1 00:27:02 2025: SESSION_MGR: creating session with session uuid: '6d04a3e9-ade5-4ab9-8d63-1f78fcd2ec76' and name 'default'
Sat Nov  1 00:27:02 2025: Attempting to start server on port '35075'
Sat Nov  1 00:27:02 2025: XCD main fifo: created main fifo '/tmp/xcdmain7e618667-4ef7-4d55-a21c-c0bede4dfd8e', fd read = 13
Sat Nov  1 00:27:02 2025: Running Dispatch Server
Sat Nov  1 00:27:02 2025: Version 2.2.0
Sat Nov  1 00:27:02 2025: Dispatch Server: Accepted socket connection from client
Sat Nov  1 00:27:02 2025: Starting Socket connection
Sat Nov  1 00:27:02 2025: EXCHANGE_TOKEN received, server token: 7e618667-4ef7-4d55-a21c-c0bede4dfd8e, passed token: 7e618667-4ef7-4d55-a21c-c0bede4dfd8e
Sat Nov  1 00:27:03 2025: DISPATCH_HANDLER: Adding handler from function makeHandler in library libxv_system_diagram
Sat Nov  1 00:27:03 2025: SESSION_MGR: creating session with session uuid: '4b1f4874-9875-400b-90f3-ee19c9492c3b' and name 'vitis-run_compile_hls'
Sat Nov  1 00:27:03 2025: KERNEL_SVC: creating session with uuid: '4b1f4874-9875-400b-90f3-ee19c9492c3b' and name 'vitis-run_compile_hls'
Sat Nov  1 00:27:03 2025: GUIDANCE_SMGR: creating guidance session with uuid: '4b1f4874-9875-400b-90f3-ee19c9492c3b' and name 'vitis-run_compile_hls'
Sat Nov  1 00:27:03 2025: SYSTEM_DIAGRAM: creating session with uuid: '4b1f4874-9875-400b-90f3-ee19c9492c3b' and name 'vitis-run_compile_hls'
Sat Nov  1 00:27:08 2025: Dispatch Server: Accepted socket connection from client
Sat Nov  1 00:27:08 2025: Starting Socket connection
Sat Nov  1 00:27:16 2025: SESSION_MGR: closing session for UUID '4b1f4874-9875-400b-90f3-ee19c9492c3b' with name 'vitis-run_compile_hls'
Sat Nov  1 00:27:16 2025: KERNEL_SVC: closing session for UUID '4b1f4874-9875-400b-90f3-ee19c9492c3b' with name 'vitis-run_compile_hls'
Sat Nov  1 00:27:16 2025: GUIDANCE_SMGR: closing session for UUID '4b1f4874-9875-400b-90f3-ee19c9492c3b' with name 'vitis-run_compile_hls'
Sat Nov  1 00:27:16 2025: SYSTEM_DIAGRAM: closing session for UUID '4b1f4874-9875-400b-90f3-ee19c9492c3b' with name 'vitis-run_compile_hls'
Sat Nov  1 00:27:16 2025: STOP_SERVER received, server token: 7e618667-4ef7-4d55-a21c-c0bede4dfd8e, passed token: 7e618667-4ef7-4d55-a21c-c0bede4dfd8e
Sat Nov  1 00:27:16 2025: Socket received request to stop server.
Sat Nov  1 00:27:16 2025: Dispatch Server: do_await_stop
Sat Nov  1 00:27:16 2025: Dispatch Server: stopping mainFifo_
Sat Nov  1 00:27:16 2025: XCD main fifo: Stopping
Sat Nov  1 00:27:16 2025: XCD main fifo: do_read error code: Operation canceled
Sat Nov  1 00:27:16 2025: XCD main fifo: bytes_transferred: 0
Sat Nov  1 00:27:16 2025: SERVER: destructor for server bound to port 35075
Sat Nov  1 00:27:16 2025: XCD main fifo: Good unlink of /tmp/xcdmain7e618667-4ef7-4d55-a21c-c0bede4dfd8e
Sat Nov  1 00:27:16 2025: Server exiting with status 0.
Sat Nov  1 00:27:16 2025: Closing log file.
