sumit.k@node08:~/gnn-inference-on-alveo-u50$ make cosim
=== HLS Synthesis ===
v++ -c --mode hls --config hls_csim.cfg --work_dir build/hls
application-specific initialization failed: Can't find a usable init.tcl in the following directories: 
    /tmp/pabuild/tcl8.6.13/lib/tcl8.6 /usr/lib/tcl8.6 /lib/tcl8.6 /usr/library /library /tcl8.6.13/library /tcl8.6.13/library



This probably means that Tcl wasn't installed properly.

application-specific initialization failed: Can't find a usable init.tcl in the following directories: 
    /tmp/pabuild/tcl8.6.13/lib/tcl8.6 /usr/lib/tcl8.6 /lib/tcl8.6 /usr/library /library /tcl8.6.13/library /tcl8.6.13/library



This probably means that Tcl wasn't installed properly.


****** v++ v2025.1 (64-bit)
  **** SW Build 6137779 on 2025-05-21-18:10:03
  **** Start of session at: Tue Nov 18 09:55:11 2025
    ** Copyright 1986-2022 Xilinx, Inc. All Rights Reserved.
    ** Copyright 2022-2025 Advanced Micro Devices, Inc. All Rights Reserved.

  **** HLS Build v2025.1 6135595
INFO: [HLS 200-2005] Using work_dir /home/sumit.k/gnn-inference-on-alveo-u50/build/hls 
INFO: [HLS 200-2006] Changing directory to /home/sumit.k/gnn-inference-on-alveo-u50/build
INFO: [HLS 200-2176] Writing Vitis IDE component file /home/sumit.k/gnn-inference-on-alveo-u50/build/hls/vitis-comp.json
INFO: [HLS 200-10] Creating and opening component '/home/sumit.k/gnn-inference-on-alveo-u50/build/hls'.
INFO: [HLS 200-1505] Using default flow_target 'vivado'
Resolution: For help on HLS 200-1505 see docs.xilinx.com/access/sources/dita/topic?Doc_Version=2025.1%20English&url=ug1448-hls-guidance&resourceid=200-1505.html
INFO: [HLS 200-2174] Applying component config ini file /home/sumit.k/gnn-inference-on-alveo-u50/hls_csim.cfg
WARNING: [HLS 200-1921] Skipping unknown config ini [hls] entry 'csim.profile=true' from /home/sumit.k/gnn-inference-on-alveo-u50/hls_csim.cfg(16)
INFO: [HLS 200-1465] Applying config ini 'syn.file=kernel/gnn_hls.cpp' from /home/sumit.k/gnn-inference-on-alveo-u50/hls_csim.cfg(8)
INFO: [HLS 200-10] Adding design file '/home/sumit.k/gnn-inference-on-alveo-u50/kernel/gnn_hls.cpp' to the project
INFO: [HLS 200-1465] Applying config ini 'tb.file=tb/gnn_test.cpp' from /home/sumit.k/gnn-inference-on-alveo-u50/hls_csim.cfg(12)
INFO: [HLS 200-10] Adding test bench file '/home/sumit.k/gnn-inference-on-alveo-u50/tb/gnn_test.cpp' to the project
INFO: [HLS 200-1465] Applying config ini 'syn.top=gnn' from /home/sumit.k/gnn-inference-on-alveo-u50/hls_csim.cfg(9)
INFO: [HLS 200-1465] Applying config ini 'flow_target=vitis' from /home/sumit.k/gnn-inference-on-alveo-u50/hls_csim.cfg(4)
INFO: [HLS 200-1505] Using flow_target 'vitis'
Resolution: For help on HLS 200-1505 see docs.xilinx.com/access/sources/dita/topic?Doc_Version=2025.1%20English&url=ug1448-hls-guidance&resourceid=200-1505.html
INFO: [HLS 200-435] Setting 'open_solution -flow_target vitis' configuration: config_interface -m_axi_latency=64
INFO: [HLS 200-435] Setting 'open_solution -flow_target vitis' configuration: config_interface -m_axi_alignment_byte_size=64
INFO: [HLS 200-435] Setting 'open_solution -flow_target vitis' configuration: config_interface -m_axi_max_widen_bitwidth=512
INFO: [HLS 200-435] Setting 'open_solution -flow_target vitis' configuration: config_rtl -register_reset_num=3
INFO: [HLS 200-1465] Applying config ini 'part=xcvu35p-fsvh2104-2L-e' from /home/sumit.k/gnn-inference-on-alveo-u50/hls_csim.cfg(1)
INFO: [HLS 200-1611] Setting target device to 'xcvu35p-fsvh2104-2L-e'
INFO: [HLS 200-1465] Applying config ini 'clock=5' from /home/sumit.k/gnn-inference-on-alveo-u50/hls_csim.cfg(5)
INFO: [SYN 201-201] Setting up clock 'default' with a period of 5ns.
INFO: [HLS 200-1465] Applying config ini 'csim.O=true' from /home/sumit.k/gnn-inference-on-alveo-u50/hls_csim.cfg(14)
INFO: [HLS 200-1907] Replacing 'config_csim -O=1' with 'config_sim -O=1' in current solution file
INFO: [HLS 200-1465] Applying config ini 'csim.clean=true' from /home/sumit.k/gnn-inference-on-alveo-u50/hls_csim.cfg(15)
INFO: [HLS 200-1907] Replacing 'config_csim -O=1' with 'config_sim -O=1' in current solution file
INFO: [HLS 200-2176] Writing Vitis IDE component file /home/sumit.k/gnn-inference-on-alveo-u50/build/hls/vitis-comp.json
INFO: [HLS 200-111] Finished File checks and directory preparation: CPU user time: 3.2 seconds. CPU system time: 1.85 seconds. Elapsed time: 8.73 seconds; current allocated memory: 457.066 MB.
INFO: [HLS 200-10] Analyzing design file '../kernel/gnn_hls.cpp' ... 
INFO: [HLS 200-111] Finished Source Code Analysis and Preprocessing: CPU user time: 3.48 seconds. CPU system time: 0.53 seconds. Elapsed time: 4.14 seconds; current allocated memory: 460.164 MB.
INFO: [HLS 200-777] Using interface defaults for 'Vitis' flow target.
INFO: [HLS 200-1995] There were 457 instructions in the design after the 'Compile/Link' phase of compilation. See the Design Size Report for more details (/home/sumit.k/gnn-inference-on-alveo-u50/build/hls/hls/syn/report/csynth_design_size.rpt:2)
INFO: [HLS 200-1995] There were 18,863 instructions in the design after the 'Unroll/Inline (step 1)' phase of compilation. See the Design Size Report for more details (/home/sumit.k/gnn-inference-on-alveo-u50/build/hls/hls/syn/report/csynth_design_size.rpt:2)
INFO: [HLS 200-1995] There were 18,819 instructions in the design after the 'Unroll/Inline (step 2)' phase of compilation. See the Design Size Report for more details (/home/sumit.k/gnn-inference-on-alveo-u50/build/hls/hls/syn/report/csynth_design_size.rpt:2)
INFO: [HLS 200-1995] There were 20,238 instructions in the design after the 'Unroll/Inline (step 3)' phase of compilation. See the Design Size Report for more details (/home/sumit.k/gnn-inference-on-alveo-u50/build/hls/hls/syn/report/csynth_design_size.rpt:2)
INFO: [HLS 200-1995] There were 20,238 instructions in the design after the 'Unroll/Inline (step 4)' phase of compilation. See the Design Size Report for more details (/home/sumit.k/gnn-inference-on-alveo-u50/build/hls/hls/syn/report/csynth_design_size.rpt:2)
WARNING: [HLS 200-1995] There were 106,566 instructions in the design after the 'Array/Struct' phase of compilation. See the Design Size Report for more details (/home/sumit.k/gnn-inference-on-alveo-u50/build/hls/hls/syn/report/csynth_design_size.rpt:2)
INFO: [HLS 200-1995] There were 42,079 instructions in the design after the 'Array/Struct (step 2)' phase of compilation. See the Design Size Report for more details (/home/sumit.k/gnn-inference-on-alveo-u50/build/hls/hls/syn/report/csynth_design_size.rpt:2)
INFO: [HLS 200-1995] There were 42,079 instructions in the design after the 'Array/Struct (step 3)' phase of compilation. See the Design Size Report for more details (/home/sumit.k/gnn-inference-on-alveo-u50/build/hls/hls/syn/report/csynth_design_size.rpt:2)
INFO: [HLS 200-1995] There were 42,079 instructions in the design after the 'Array/Struct (step 4)' phase of compilation. See the Design Size Report for more details (/home/sumit.k/gnn-inference-on-alveo-u50/build/hls/hls/syn/report/csynth_design_size.rpt:2)
INFO: [HLS 200-1995] There were 43,564 instructions in the design after the 'Array/Struct (step 5)' phase of compilation. See the Design Size Report for more details (/home/sumit.k/gnn-inference-on-alveo-u50/build/hls/hls/syn/report/csynth_design_size.rpt:2)
INFO: [HLS 200-1995] There were 43,565 instructions in the design after the 'Performance' phase of compilation. See the Design Size Report for more details (/home/sumit.k/gnn-inference-on-alveo-u50/build/hls/hls/syn/report/csynth_design_size.rpt:2)
INFO: [HLS 200-1995] There were 42,131 instructions in the design after the 'Performance (step 2)' phase of compilation. See the Design Size Report for more details (/home/sumit.k/gnn-inference-on-alveo-u50/build/hls/hls/syn/report/csynth_design_size.rpt:2)
INFO: [HLS 200-1995] There were 42,131 instructions in the design after the 'Performance (step 3)' phase of compilation. See the Design Size Report for more details (/home/sumit.k/gnn-inference-on-alveo-u50/build/hls/hls/syn/report/csynth_design_size.rpt:2)
INFO: [HLS 200-1995] There were 42,129 instructions in the design after the 'Performance (step 4)' phase of compilation. See the Design Size Report for more details (/home/sumit.k/gnn-inference-on-alveo-u50/build/hls/hls/syn/report/csynth_design_size.rpt:2)
INFO: [HLS 200-1995] There were 42,153 instructions in the design after the 'HW Transforms' phase of compilation. See the Design Size Report for more details (/home/sumit.k/gnn-inference-on-alveo-u50/build/hls/hls/syn/report/csynth_design_size.rpt:2)
INFO: [HLS 200-1995] There were 42,241 instructions in the design after the 'HW Transforms (step 2)' phase of compilation. See the Design Size Report for more details (/home/sumit.k/gnn-inference-on-alveo-u50/build/hls/hls/syn/report/csynth_design_size.rpt:2)
INFO: [HLS 214-291] Loop 'VITIS_LOOP_114_14' is marked as complete unroll implied by the pipeline pragma (../kernel/gnn_hls.cpp:114:32)
INFO: [HLS 214-291] Loop 'VITIS_LOOP_101_11' is marked as complete unroll implied by the pipeline pragma (../kernel/gnn_hls.cpp:101:32)
INFO: [HLS 214-186] Unrolling loop 'VITIS_LOOP_114_14' (../kernel/gnn_hls.cpp:114:32) in function 'compute_gcn' completely with a factor of 1433 (../kernel/gnn_hls.cpp:43:0)
WARNING: [HLS 214-189] Pipeline directive for loop 'VITIS_LOOP_114_14' (../kernel/gnn_hls.cpp:114:32) in function 'compute_gcn' has been removed because the loop is unrolled completely (../kernel/gnn_hls.cpp:43:0)
INFO: [HLS 214-186] Unrolling loop 'VITIS_LOOP_101_11' (../kernel/gnn_hls.cpp:101:32) in function 'compute_gcn' completely with a factor of 1433 (../kernel/gnn_hls.cpp:43:0)
WARNING: [HLS 214-189] Pipeline directive for loop 'VITIS_LOOP_101_11' (../kernel/gnn_hls.cpp:101:32) in function 'compute_gcn' has been removed because the loop is unrolled completely (../kernel/gnn_hls.cpp:43:0)
INFO: [HLS 214-248] Applying array_partition to '_ZZL11compute_gcnRN3hls6streamIfLi0EEES2_S2_RNS0_IiLi0EEES4_S2_E19aggregated_features': Cyclic partitioning with factor 16 on dimension 2. (../kernel/gnn_hls.cpp:81:0)
INFO: [HLS 214-248] Applying array_partition to '_ZZL11compute_gcnRN3hls6streamIfLi0EEES2_S2_RNS0_IiLi0EEES4_S2_E5w_buf': Complete partitioning on dimension 2. (../kernel/gnn_hls.cpp:45:0)
INFO: [HLS 214-248] Applying array_partition to '_ZZL11compute_gcnRN3hls6streamIfLi0EEES2_S2_RNS0_IiLi0EEES4_S2_E8h_in_buf': Cyclic partitioning with factor 16 on dimension 2. (../kernel/gnn_hls.cpp:44:0)
INFO: [HLS 214-437] Automatically disabling loop flattening for loop 'VITIS_LOOP_94_9'. (../kernel/gnn_hls.cpp:94:22)
INFO: [HLS 214-115] Multiple burst reads of length 1433 and bit width 512 has been inferred on bundle 'gmem1'. These burst requests might be further partitioned into multiple requests during RTL generation, based on max_read_burst_length or max_write_burst_length settings. (../kernel/gnn_hls.cpp:20:22)
INFO: [HLS 214-115] Multiple burst reads of length 2639 and bit width 128 has been inferred on bundle 'gmem2'. These burst requests might be further partitioned into multiple requests during RTL generation, based on max_read_burst_length or max_write_burst_length settings. (../kernel/gnn_hls.cpp:24:22)
INFO: [HLS 214-115] Multiple burst reads of length 2639 and bit width 128 has been inferred on bundle 'gmem3'. These burst requests might be further partitioned into multiple requests during RTL generation, based on max_read_burst_length or max_write_burst_length settings. (../kernel/gnn_hls.cpp:24:22)
INFO: [HLS 214-115] Multiple burst writes of length 2708 and bit width 512 in loop 'VITIS_LOOP_129_1'(../kernel/gnn_hls.cpp:129:23) has been inferred on bundle 'gmem0'. These burst requests might be further partitioned into multiple requests during RTL generation, based on max_read_burst_length or max_write_burst_length settings. (../kernel/gnn_hls.cpp:129:23)
INFO: [HLS 200-111] Finished Compiling Optimization and Transform: CPU user time: 257.75 seconds. CPU system time: 0.73 seconds. Elapsed time: 263.41 seconds; current allocated memory: 462.980 MB.
INFO: [HLS 200-111] Finished Checking Pragmas: CPU user time: 0 seconds. CPU system time: 0.01 seconds. Elapsed time: 0.01 seconds; current allocated memory: 462.980 MB.
INFO: [HLS 200-10] Starting code transformations ...
INFO: [HLS 200-111] Finished Standard Transforms: CPU user time: 25.85 seconds. CPU system time: 0.09 seconds. Elapsed time: 26.03 seconds; current allocated memory: 527.375 MB.
INFO: [HLS 200-10] Checking synthesizability ...
INFO: [HLS 200-111] Finished Checking Synthesizability: CPU user time: 10.19 seconds. CPU system time: 0.06 seconds. Elapsed time: 10.33 seconds; current allocated memory: 608.488 MB.
WARNING: [HLS 200-805] An internal stream 'w_stream' with default size can result in deadlock. Please consider resizing the stream using the directive 'set_directive_stream' or the 'HLS stream' pragma.
WARNING: [HLS 200-805] An internal stream 'h_out_stream' with default size can result in deadlock. Please consider resizing the stream using the directive 'set_directive_stream' or the 'HLS stream' pragma.
WARNING: [HLS 200-805] An internal stream 'h_in_stream' with default size can result in deadlock. Please consider resizing the stream using the directive 'set_directive_stream' or the 'HLS stream' pragma.
WARNING: [HLS 200-805] An internal stream 'adj_val_stream' with default size can result in deadlock. Please consider resizing the stream using the directive 'set_directive_stream' or the 'HLS stream' pragma.
WARNING: [HLS 200-805] An internal stream 'adj_row_stream' with default size can result in deadlock. Please consider resizing the stream using the directive 'set_directive_stream' or the 'HLS stream' pragma.
WARNING: [HLS 200-805] An internal stream 'adj_col_stream' with default size can result in deadlock. Please consider resizing the stream using the directive 'set_directive_stream' or the 'HLS stream' pragma.
INFO: [XFORM 203-712] Applying dataflow to function 'gnn' (../kernel/gnn_hls.cpp:138:1), detected/extracted 4 process function(s): 
	 'entry_proc'
	 'load_inputs'
	 'compute_gcn'
	 'store_result'.
INFO: [HLS 200-111] Finished Loop, function and other optimizations: CPU user time: 116.67 seconds. CPU system time: 0.1 seconds. Elapsed time: 116.89 seconds; current allocated memory: 716.316 MB.
INFO: [HLS 200-2061] Successfully converted nested loops 'VITIS_LOOP_129_1'(../kernel/gnn_hls.cpp:129:23) and 'VITIS_LOOP_130_2'(../kernel/gnn_hls.cpp:130:27) in function 'store_result' into perfectly nested loops.
INFO: [HLS 200-2061] Successfully converted nested loops 'VITIS_LOOP_56_1'(../kernel/gnn_hls.cpp:56:19) and 'VITIS_LOOP_57_2'(../kernel/gnn_hls.cpp:57:26) in function 'compute_gcn' into perfectly nested loops.
INFO: [HLS 200-2061] Successfully converted nested loops 'VITIS_LOOP_64_3'(../kernel/gnn_hls.cpp:64:22) and 'VITIS_LOOP_65_4'(../kernel/gnn_hls.cpp:65:26) in function 'compute_gcn' into perfectly nested loops.
INFO: [HLS 200-2061] Successfully converted nested loops 'VITIS_LOOP_86_7'(../kernel/gnn_hls.cpp:86:19) and 'VITIS_LOOP_87_8'(../kernel/gnn_hls.cpp:87:26) in function 'compute_gcn' into perfectly nested loops.
INFO: [HLS 200-2061] Successfully converted nested loops 'VITIS_LOOP_110_12'(../kernel/gnn_hls.cpp:110:24) and 'VITIS_LOOP_111_13'(../kernel/gnn_hls.cpp:111:28) in function 'compute_gcn' into perfectly nested loops.
INFO: [XFORM 203-541] Flattening a loop nest 'VITIS_LOOP_129_1' (../kernel/gnn_hls.cpp:129:23) in function 'store_result'.
INFO: [XFORM 203-541] Flattening a loop nest 'VITIS_LOOP_56_1' (../kernel/gnn_hls.cpp:56:19) in function 'compute_gcn'.
INFO: [XFORM 203-541] Flattening a loop nest 'VITIS_LOOP_64_3' (../kernel/gnn_hls.cpp:64:22) in function 'compute_gcn'.
INFO: [XFORM 203-541] Flattening a loop nest 'VITIS_LOOP_86_7' (../kernel/gnn_hls.cpp:86:19) in function 'compute_gcn'.
INFO: [XFORM 203-541] Flattening a loop nest 'VITIS_LOOP_110_12' (../kernel/gnn_hls.cpp:110:24) in function 'compute_gcn'.
INFO: [HLS 200-111] Finished Architecture Synthesis: CPU user time: 77.93 seconds. CPU system time: 0.42 seconds. Elapsed time: 78.46 seconds; current allocated memory: 1.213 GB.
INFO: [HLS 200-10] Starting hardware synthesis ...
INFO: [HLS 200-10] Synthesizing 'gnn' ...
INFO: [HLS 200-10] ----------------------------------------------------------------
INFO: [HLS 200-42] -- Implementing module 'entry_proc' 
INFO: [HLS 200-10] ----------------------------------------------------------------
INFO: [SCHED 204-11] Starting scheduling ...
INFO: [SCHED 204-11] Finished scheduling.
INFO: [HLS 200-111] Finished Scheduling: CPU user time: 223.83 seconds. CPU system time: 0.41 seconds. Elapsed time: 224.29 seconds; current allocated memory: 1.296 GB.
INFO: [BIND 205-100] Starting micro-architecture generation ...
INFO: [BIND 205-101] Performing variable lifetime analysis.
INFO: [BIND 205-101] Exploring resource sharing.
INFO: [BIND 205-101] Binding ...
INFO: [BIND 205-100] Finished micro-architecture generation.
INFO: [HLS 200-111] Finished Binding: CPU user time: 0.01 seconds. CPU system time: 0.01 seconds. Elapsed time: 0.02 seconds; current allocated memory: 1.296 GB.
INFO: [HLS 200-10] ----------------------------------------------------------------
INFO: [HLS 200-42] -- Implementing module 'load_inputs_Pipeline_VITIS_LOOP_16_1' 
INFO: [HLS 200-10] ----------------------------------------------------------------
INFO: [SCHED 204-11] Starting scheduling ...
INFO: [SCHED 204-61] Pipelining loop 'VITIS_LOOP_16_1'.
INFO: [HLS 200-1470] Pipelining result : Target II = 1, Final II = 1, Depth = 74, loop 'VITIS_LOOP_16_1'
INFO: [SCHED 204-11] Finished scheduling.
INFO: [HLS 200-111] Finished Scheduling: CPU user time: 0.04 seconds. CPU system time: 0 seconds. Elapsed time: 0.04 seconds; current allocated memory: 1.296 GB.
INFO: [BIND 205-100] Starting micro-architecture generation ...
INFO: [BIND 205-101] Performing variable lifetime analysis.
INFO: [BIND 205-101] Exploring resource sharing.
INFO: [BIND 205-101] Binding ...
INFO: [BIND 205-100] Finished micro-architecture generation.
INFO: [HLS 200-111] Finished Binding: CPU user time: 0.02 seconds. CPU system time: 0 seconds. Elapsed time: 0.04 seconds; current allocated memory: 1.296 GB.
INFO: [HLS 200-10] ----------------------------------------------------------------
INFO: [HLS 200-42] -- Implementing module 'load_inputs_Pipeline_VITIS_LOOP_20_2' 
INFO: [HLS 200-10] ----------------------------------------------------------------
INFO: [SCHED 204-11] Starting scheduling ...
INFO: [SCHED 204-61] Pipelining loop 'VITIS_LOOP_20_2'.
INFO: [HLS 200-1470] Pipelining result : Target II = 1, Final II = 1, Depth = 3, loop 'VITIS_LOOP_20_2'
INFO: [SCHED 204-11] Finished scheduling.
INFO: [HLS 200-111] Finished Scheduling: CPU user time: 0.04 seconds. CPU system time: 0 seconds. Elapsed time: 0.04 seconds; current allocated memory: 1.296 GB.
INFO: [BIND 205-100] Starting micro-architecture generation ...
INFO: [BIND 205-101] Performing variable lifetime analysis.
INFO: [BIND 205-101] Exploring resource sharing.
INFO: [BIND 205-101] Binding ...
INFO: [BIND 205-100] Finished micro-architecture generation.
INFO: [HLS 200-111] Finished Binding: CPU user time: 0.01 seconds. CPU system time: 0 seconds. Elapsed time: 0.02 seconds; current allocated memory: 1.296 GB.
INFO: [HLS 200-10] ----------------------------------------------------------------
INFO: [HLS 200-42] -- Implementing module 'load_inputs_Pipeline_VITIS_LOOP_24_3' 
INFO: [HLS 200-10] ----------------------------------------------------------------
INFO: [SCHED 204-11] Starting scheduling ...
INFO: [SCHED 204-61] Pipelining loop 'VITIS_LOOP_24_3'.
INFO: [HLS 200-1470] Pipelining result : Target II = 1, Final II = 1, Depth = 3, loop 'VITIS_LOOP_24_3'
INFO: [SCHED 204-11] Finished scheduling.
INFO: [HLS 200-111] Finished Scheduling: CPU user time: 0.04 seconds. CPU system time: 0 seconds. Elapsed time: 0.04 seconds; current allocated memory: 1.296 GB.
INFO: [BIND 205-100] Starting micro-architecture generation ...
INFO: [BIND 205-101] Performing variable lifetime analysis.
INFO: [BIND 205-101] Exploring resource sharing.
INFO: [BIND 205-101] Binding ...
INFO: [BIND 205-100] Finished micro-architecture generation.
INFO: [HLS 200-111] Finished Binding: CPU user time: 0.01 seconds. CPU system time: 0 seconds. Elapsed time: 0.01 seconds; current allocated memory: 1.296 GB.
INFO: [HLS 200-10] ----------------------------------------------------------------
INFO: [HLS 200-42] -- Implementing module 'load_inputs_Pipeline_VITIS_LOOP_29_4' 
INFO: [HLS 200-10] ----------------------------------------------------------------
INFO: [SCHED 204-11] Starting scheduling ...
INFO: [SCHED 204-61] Pipelining loop 'VITIS_LOOP_29_4'.
INFO: [HLS 200-1470] Pipelining result : Target II = 1, Final II = 1, Depth = 74, loop 'VITIS_LOOP_29_4'
INFO: [SCHED 204-11] Finished scheduling.
INFO: [HLS 200-111] Finished Scheduling: CPU user time: 0.03 seconds. CPU system time: 0 seconds. Elapsed time: 0.04 seconds; current allocated memory: 1.296 GB.
INFO: [BIND 205-100] Starting micro-architecture generation ...
INFO: [BIND 205-101] Performing variable lifetime analysis.
INFO: [BIND 205-101] Exploring resource sharing.
INFO: [BIND 205-101] Binding ...
INFO: [BIND 205-100] Finished micro-architecture generation.
INFO: [HLS 200-111] Finished Binding: CPU user time: 0.02 seconds. CPU system time: 0 seconds. Elapsed time: 0.03 seconds; current allocated memory: 1.296 GB.
INFO: [HLS 200-10] ----------------------------------------------------------------
INFO: [HLS 200-42] -- Implementing module 'load_inputs' 
INFO: [HLS 200-10] ----------------------------------------------------------------
INFO: [SCHED 204-11] Starting scheduling ...
INFO: [SCHED 204-11] Finished scheduling.
INFO: [HLS 200-111] Finished Scheduling: CPU user time: 0.03 seconds. CPU system time: 0 seconds. Elapsed time: 0.04 seconds; current allocated memory: 1.296 GB.
INFO: [BIND 205-100] Starting micro-architecture generation ...
INFO: [BIND 205-101] Performing variable lifetime analysis.
INFO: [BIND 205-101] Exploring resource sharing.
INFO: [BIND 205-101] Binding ...
INFO: [BIND 205-100] Finished micro-architecture generation.
INFO: [HLS 200-111] Finished Binding: CPU user time: 0.05 seconds. CPU system time: 0 seconds. Elapsed time: 0.05 seconds; current allocated memory: 1.296 GB.
INFO: [HLS 200-10] ----------------------------------------------------------------
INFO: [HLS 200-42] -- Implementing module 'compute_gcn_Pipeline_VITIS_LOOP_56_1_VITIS_LOOP_57_2' 
INFO: [HLS 200-10] ----------------------------------------------------------------
INFO: [SCHED 204-11] Starting scheduling ...
INFO: [HLS 200-486] Changing DSP latency (root=add_ln59) to 3 in order to utilize available DSP registers.
INFO: [SCHED 204-61] Pipelining loop 'VITIS_LOOP_56_1_VITIS_LOOP_57_2'.
INFO: [HLS 200-1470] Pipelining result : Target II = 1, Final II = 1, Depth = 5, loop 'VITIS_LOOP_56_1_VITIS_LOOP_57_2'
INFO: [SCHED 204-11] Finished scheduling.
INFO: [HLS 200-111] Finished Scheduling: CPU user time: 0.18 seconds. CPU system time: 0 seconds. Elapsed time: 0.2 seconds; current allocated memory: 1.296 GB.
INFO: [BIND 205-100] Starting micro-architecture generation ...
INFO: [BIND 205-101] Performing variable lifetime analysis.
INFO: [BIND 205-101] Exploring resource sharing.
INFO: [BIND 205-101] Binding ...
INFO: [BIND 205-100] Finished micro-architecture generation.
INFO: [HLS 200-111] Finished Binding: CPU user time: 0.02 seconds. CPU system time: 0 seconds. Elapsed time: 0.02 seconds; current allocated memory: 1.296 GB.
INFO: [HLS 200-10] ----------------------------------------------------------------
INFO: [HLS 200-42] -- Implementing module 'compute_gcn_Pipeline_VITIS_LOOP_64_3_VITIS_LOOP_65_4' 
INFO: [HLS 200-10] ----------------------------------------------------------------
INFO: [SCHED 204-11] Starting scheduling ...
INFO: [SCHED 204-61] Pipelining loop 'VITIS_LOOP_64_3_VITIS_LOOP_65_4'.
INFO: [HLS 200-1470] Pipelining result : Target II = 1, Final II = 1, Depth = 2, loop 'VITIS_LOOP_64_3_VITIS_LOOP_65_4'
INFO: [SCHED 204-11] Finished scheduling.
INFO: [HLS 200-111] Finished Scheduling: CPU user time: 0.14 seconds. CPU system time: 0 seconds. Elapsed time: 0.15 seconds; current allocated memory: 1.296 GB.
INFO: [BIND 205-100] Starting micro-architecture generation ...
INFO: [BIND 205-101] Performing variable lifetime analysis.
INFO: [BIND 205-101] Exploring resource sharing.
INFO: [BIND 205-101] Binding ...
INFO: [BIND 205-100] Finished micro-architecture generation.
INFO: [HLS 200-111] Finished Binding: CPU user time: 0.01 seconds. CPU system time: 0 seconds. Elapsed time: 0.02 seconds; current allocated memory: 1.296 GB.
INFO: [HLS 200-10] ----------------------------------------------------------------
INFO: [HLS 200-42] -- Implementing module 'compute_gcn_Pipeline_VITIS_LOOP_71_5' 
INFO: [HLS 200-10] ----------------------------------------------------------------
INFO: [SCHED 204-11] Starting scheduling ...
INFO: [SCHED 204-61] Pipelining loop 'VITIS_LOOP_71_5'.
INFO: [HLS 200-1470] Pipelining result : Target II = 1, Final II = 1, Depth = 2, loop 'VITIS_LOOP_71_5'
INFO: [SCHED 204-11] Finished scheduling.
INFO: [HLS 200-111] Finished Scheduling: CPU user time: 0.05 seconds. CPU system time: 0 seconds. Elapsed time: 0.06 seconds; current allocated memory: 1.296 GB.
INFO: [BIND 205-100] Starting micro-architecture generation ...
INFO: [BIND 205-101] Performing variable lifetime analysis.
INFO: [BIND 205-101] Exploring resource sharing.
INFO: [BIND 205-101] Binding ...
INFO: [BIND 205-100] Finished micro-architecture generation.
INFO: [HLS 200-111] Finished Binding: CPU user time: 0 seconds. CPU system time: 0 seconds. Elapsed time: 0.01 seconds; current allocated memory: 1.296 GB.
INFO: [HLS 200-10] ----------------------------------------------------------------
INFO: [HLS 200-42] -- Implementing module 'compute_gcn_Pipeline_VITIS_LOOP_76_6' 
INFO: [HLS 200-10] ----------------------------------------------------------------
INFO: [SCHED 204-11] Starting scheduling ...
INFO: [SCHED 204-61] Pipelining loop 'VITIS_LOOP_76_6'.
INFO: [HLS 200-1470] Pipelining result : Target II = 1, Final II = 1, Depth = 2, loop 'VITIS_LOOP_76_6'
INFO: [SCHED 204-11] Finished scheduling.
INFO: [HLS 200-111] Finished Scheduling: CPU user time: 0.03 seconds. CPU system time: 0 seconds. Elapsed time: 0.03 seconds; current allocated memory: 1.296 GB.
INFO: [BIND 205-100] Starting micro-architecture generation ...
INFO: [BIND 205-101] Performing variable lifetime analysis.
INFO: [BIND 205-101] Exploring resource sharing.
INFO: [BIND 205-101] Binding ...
INFO: [BIND 205-100] Finished micro-architecture generation.
INFO: [HLS 200-111] Finished Binding: CPU user time: 0 seconds. CPU system time: 0 seconds. Elapsed time: 0.01 seconds; current allocated memory: 1.296 GB.
INFO: [HLS 200-10] ----------------------------------------------------------------
INFO: [HLS 200-42] -- Implementing module 'compute_gcn_Pipeline_VITIS_LOOP_86_7_VITIS_LOOP_87_8' 
INFO: [HLS 200-10] ----------------------------------------------------------------
INFO: [SCHED 204-11] Starting scheduling ...
INFO: [HLS 200-486] Changing DSP latency (root=add_ln89) to 3 in order to utilize available DSP registers.
INFO: [SCHED 204-61] Pipelining loop 'VITIS_LOOP_86_7_VITIS_LOOP_87_8'.
INFO: [HLS 200-1470] Pipelining result : Target II = 1, Final II = 1, Depth = 5, loop 'VITIS_LOOP_86_7_VITIS_LOOP_87_8'
INFO: [SCHED 204-11] Finished scheduling.
INFO: [HLS 200-111] Finished Scheduling: CPU user time: 0.15 seconds. CPU system time: 0 seconds. Elapsed time: 0.15 seconds; current allocated memory: 1.296 GB.
INFO: [BIND 205-100] Starting micro-architecture generation ...
INFO: [BIND 205-101] Performing variable lifetime analysis.
INFO: [BIND 205-101] Exploring resource sharing.
INFO: [BIND 205-101] Binding ...
INFO: [BIND 205-100] Finished micro-architecture generation.
INFO: [HLS 200-111] Finished Binding: CPU user time: 0.01 seconds. CPU system time: 0 seconds. Elapsed time: 0.02 seconds; current allocated memory: 1.296 GB.
INFO: [HLS 200-10] ----------------------------------------------------------------
INFO: [HLS 200-42] -- Implementing module 'compute_gcn_Pipeline_VITIS_LOOP_97_10' 
INFO: [HLS 200-10] ----------------------------------------------------------------
INFO: [SCHED 204-11] Starting scheduling ...
INFO: [SCHED 204-61] Pipelining loop 'VITIS_LOOP_97_10'.
WARNING: [HLS 200-880] The II Violation in module 'compute_gcn_Pipeline_VITIS_LOOP_97_10' (loop 'VITIS_LOOP_97_10'): Unable to enforce a carried dependence constraint (II = 1, distance = 1, offset = 0) between 'store' operation 0 bit ('empty_write_ln104', ../kernel/gnn_hls.cpp:104) of variable 'add_i', ../kernel/gnn_hls.cpp:104 on local variable 'empty' and 'load' operation 32 bit ('p_load', ../kernel/gnn_hls.cpp:104) on local variable 'empty'.
Resolution: For help on HLS 200-880 see docs.xilinx.com/access/sources/dita/topic?Doc_Version=2025.1%20English&url=ug1448-hls-guidance&resourceid=200-880.html
WARNING: [HLS 200-880] The II Violation in module 'compute_gcn_Pipeline_VITIS_LOOP_97_10' (loop 'VITIS_LOOP_97_10'): Unable to enforce a carried dependence constraint (II = 2, distance = 1, offset = 0) between 'store' operation 0 bit ('empty_write_ln104', ../kernel/gnn_hls.cpp:104) of variable 'add_i', ../kernel/gnn_hls.cpp:104 on local variable 'empty' and 'load' operation 32 bit ('p_load', ../kernel/gnn_hls.cpp:104) on local variable 'empty'.
Resolution: For help on HLS 200-880 see docs.xilinx.com/access/sources/dita/topic?Doc_Version=2025.1%20English&url=ug1448-hls-guidance&resourceid=200-880.html
WARNING: [HLS 200-880] The II Violation in module 'compute_gcn_Pipeline_VITIS_LOOP_97_10' (loop 'VITIS_LOOP_97_10'): Unable to enforce a carried dependence constraint (II = 3, distance = 1, offset = 0) between 'store' operation 0 bit ('empty_write_ln104', ../kernel/gnn_hls.cpp:104) of variable 'add_i', ../kernel/gnn_hls.cpp:104 on local variable 'empty' and 'load' operation 32 bit ('p_load', ../kernel/gnn_hls.cpp:104) on local variable 'empty'.
Resolution: For help on HLS 200-880 see docs.xilinx.com/access/sources/dita/topic?Doc_Version=2025.1%20English&url=ug1448-hls-guidance&resourceid=200-880.html
WARNING: [HLS 200-885] The II Violation in module 'compute_gcn_Pipeline_VITIS_LOOP_97_10' (loop 'VITIS_LOOP_97_10'): Unable to schedule 'load' operation 32 bit ('feature', ../kernel/gnn_hls.cpp:103) on array 'compute_gcn_stream_stream_stream_stream_stream_stream_h_in_buf_9' due to limited memory ports (II = 4). Please consider using a memory core with more ports or partitioning the array 'compute_gcn_stream_stream_stream_stream_stream_stream_h_in_buf_9'.
Resolution: For help on HLS 200-885 see docs.xilinx.com/access/sources/dita/topic?Doc_Version=2025.1%20English&url=ug1448-hls-guidance&resourceid=200-885.html
WARNING: [HLS 200-885] The II Violation in module 'compute_gcn_Pipeline_VITIS_LOOP_97_10' (loop 'VITIS_LOOP_97_10'): Unable to schedule 'load' operation 32 bit ('feature', ../kernel/gnn_hls.cpp:103) on array 'compute_gcn_stream_stream_stream_stream_stream_stream_h_in_buf_9' due to limited memory ports (II = 35). Please consider using a memory core with more ports or partitioning the array 'compute_gcn_stream_stream_stream_stream_stream_stream_h_in_buf_9'.
Resolution: For help on HLS 200-885 see docs.xilinx.com/access/sources/dita/topic?Doc_Version=2025.1%20English&url=ug1448-hls-guidance&resourceid=200-885.html
WARNING: [HLS 200-885] The II Violation in module 'compute_gcn_Pipeline_VITIS_LOOP_97_10' (loop 'VITIS_LOOP_97_10'): Unable to schedule 'load' operation 32 bit ('feature', ../kernel/gnn_hls.cpp:103) on array 'compute_gcn_stream_stream_stream_stream_stream_stream_h_in_buf_9' due to limited memory ports (II = 43). Please consider using a memory core with more ports or partitioning the array 'compute_gcn_stream_stream_stream_stream_stream_stream_h_in_buf_9'.
Resolution: For help on HLS 200-885 see docs.xilinx.com/access/sources/dita/topic?Doc_Version=2025.1%20English&url=ug1448-hls-guidance&resourceid=200-885.html
WARNING: [HLS 200-885] The II Violation in module 'compute_gcn_Pipeline_VITIS_LOOP_97_10' (loop 'VITIS_LOOP_97_10'): Unable to schedule 'load' operation 32 bit ('feature', ../kernel/gnn_hls.cpp:103) on array 'compute_gcn_stream_stream_stream_stream_stream_stream_h_in_buf_9' due to limited memory ports (II = 44). Please consider using a memory core with more ports or partitioning the array 'compute_gcn_stream_stream_stream_stream_stream_stream_h_in_buf_9'.
Resolution: For help on HLS 200-885 see docs.xilinx.com/access/sources/dita/topic?Doc_Version=2025.1%20English&url=ug1448-hls-guidance&resourceid=200-885.html
INFO: [HLS 200-1470] Pipelining result : Target II = NA, Final II = 45, Depth = 57, loop 'VITIS_LOOP_97_10'
INFO: [SCHED 204-11] Finished scheduling.
INFO: [HLS 200-111] Finished Scheduling: CPU user time: 111.85 seconds. CPU system time: 0.08 seconds. Elapsed time: 111.94 seconds; current allocated memory: 1.372 GB.
INFO: [BIND 205-100] Starting micro-architecture generation ...
INFO: [BIND 205-101] Performing variable lifetime analysis.
INFO: [BIND 205-101] Exploring resource sharing.
INFO: [BIND 205-101] Binding ...
INFO: [BIND 205-100] Finished micro-architecture generation.
INFO: [HLS 200-111] Finished Binding: CPU user time: 8.11 seconds. CPU system time: 0.05 seconds. Elapsed time: 8.66 seconds; current allocated memory: 1.372 GB.
INFO: [HLS 200-10] ----------------------------------------------------------------
INFO: [HLS 200-42] -- Implementing module 'compute_gcn_Outline_VITIS_LOOP_94_9' 
INFO: [HLS 200-10] ----------------------------------------------------------------
INFO: [SCHED 204-11] Starting scheduling ...
INFO: [SCHED 204-11] Finished scheduling.
INFO: [HLS 200-111] Finished Scheduling: CPU user time: 14.7 seconds. CPU system time: 0.09 seconds. Elapsed time: 15.59 seconds; current allocated memory: 1.457 GB.
INFO: [BIND 205-100] Starting micro-architecture generation ...
INFO: [BIND 205-101] Performing variable lifetime analysis.
INFO: [BIND 205-101] Exploring resource sharing.
INFO: [BIND 205-101] Binding ...
INFO: [BIND 205-100] Finished micro-architecture generation.
INFO: [HLS 200-111] Finished Binding: CPU user time: 2.98 seconds. CPU system time: 0.03 seconds. Elapsed time: 3.23 seconds; current allocated memory: 1.457 GB.
INFO: [HLS 200-10] ----------------------------------------------------------------
INFO: [HLS 200-42] -- Implementing module 'compute_gcn_Pipeline_VITIS_LOOP_110_12_VITIS_LOOP_111_13' 
INFO: [HLS 200-10] ----------------------------------------------------------------
INFO: [SCHED 204-11] Starting scheduling ...
INFO: [SCHED 204-61] Pipelining loop 'VITIS_LOOP_110_12_VITIS_LOOP_111_13'.
WARNING: [HLS 200-885] The II Violation in module 'compute_gcn_Pipeline_VITIS_LOOP_110_12_VITIS_LOOP_111_13' (loop 'VITIS_LOOP_110_12_VITIS_LOOP_111_13'): Unable to schedule 'load' operation 32 bit ('compute_gcn_stream_stream_stream_stream_stream_stream_aggregated_features_2184', ../kernel/gnn_hls.cpp:110) on array 'compute_gcn_stream_stream_stream_stream_stream_stream_aggregated_features_9' due to limited memory ports (II = 1). Please consider using a memory core with more ports or partitioning the array 'compute_gcn_stream_stream_stream_stream_stream_stream_aggregated_features_9'.
Resolution: For help on HLS 200-885 see docs.xilinx.com/access/sources/dita/topic?Doc_Version=2025.1%20English&url=ug1448-hls-guidance&resourceid=200-885.html
WARNING: [HLS 200-885] The II Violation in module 'compute_gcn_Pipeline_VITIS_LOOP_110_12_VITIS_LOOP_111_13' (loop 'VITIS_LOOP_110_12_VITIS_LOOP_111_13'): Unable to schedule 'load' operation 32 bit ('compute_gcn_stream_stream_stream_stream_stream_stream_aggregated_features_2224', ../kernel/gnn_hls.cpp:110) on array 'compute_gcn_stream_stream_stream_stream_stream_stream_aggregated_features_9' due to limited memory ports (II = 2). Please consider using a memory core with more ports or partitioning the array 'compute_gcn_stream_stream_stream_stream_stream_stream_aggregated_features_9'.
Resolution: For help on HLS 200-885 see docs.xilinx.com/access/sources/dita/topic?Doc_Version=2025.1%20English&url=ug1448-hls-guidance&resourceid=200-885.html
WARNING: [HLS 200-885] The II Violation in module 'compute_gcn_Pipeline_VITIS_LOOP_110_12_VITIS_LOOP_111_13' (loop 'VITIS_LOOP_110_12_VITIS_LOOP_111_13'): Unable to schedule 'load' operation 32 bit ('compute_gcn_stream_stream_stream_stream_stream_stream_aggregated_features_2264', ../kernel/gnn_hls.cpp:110) on array 'compute_gcn_stream_stream_stream_stream_stream_stream_aggregated_features_9' due to limited memory ports (II = 3). Please consider using a memory core with more ports or partitioning the array 'compute_gcn_stream_stream_stream_stream_stream_stream_aggregated_features_9'.
Resolution: For help on HLS 200-885 see docs.xilinx.com/access/sources/dita/topic?Doc_Version=2025.1%20English&url=ug1448-hls-guidance&resourceid=200-885.html
WARNING: [HLS 200-885] The II Violation in module 'compute_gcn_Pipeline_VITIS_LOOP_110_12_VITIS_LOOP_111_13' (loop 'VITIS_LOOP_110_12_VITIS_LOOP_111_13'): Unable to schedule 'load' operation 32 bit ('compute_gcn_stream_stream_stream_stream_stream_stream_aggregated_features_2304', ../kernel/gnn_hls.cpp:110) on array 'compute_gcn_stream_stream_stream_stream_stream_stream_aggregated_features_9' due to limited memory ports (II = 4). Please consider using a memory core with more ports or partitioning the array 'compute_gcn_stream_stream_stream_stream_stream_stream_aggregated_features_9'.
Resolution: For help on HLS 200-885 see docs.xilinx.com/access/sources/dita/topic?Doc_Version=2025.1%20English&url=ug1448-hls-guidance&resourceid=200-885.html
WARNING: [HLS 200-885] The II Violation in module 'compute_gcn_Pipeline_VITIS_LOOP_110_12_VITIS_LOOP_111_13' (loop 'VITIS_LOOP_110_12_VITIS_LOOP_111_13'): Unable to schedule 'load' operation 32 bit ('compute_gcn_stream_stream_stream_stream_stream_stream_aggregated_features_1326', ../kernel/gnn_hls.cpp:110) on array 'compute_gcn_stream_stream_stream_stream_stream_stream_aggregated_features_9' due to limited memory ports (II = 35). Please consider using a memory core with more ports or partitioning the array 'compute_gcn_stream_stream_stream_stream_stream_stream_aggregated_features_9'.
Resolution: For help on HLS 200-885 see docs.xilinx.com/access/sources/dita/topic?Doc_Version=2025.1%20English&url=ug1448-hls-guidance&resourceid=200-885.html
WARNING: [HLS 200-885] The II Violation in module 'compute_gcn_Pipeline_VITIS_LOOP_110_12_VITIS_LOOP_111_13' (loop 'VITIS_LOOP_110_12_VITIS_LOOP_111_13'): Unable to schedule 'load' operation 32 bit ('compute_gcn_stream_stream_stream_stream_stream_stream_aggregated_features_1486', ../kernel/gnn_hls.cpp:110) on array 'compute_gcn_stream_stream_stream_stream_stream_stream_aggregated_features_9' due to limited memory ports (II = 43). Please consider using a memory core with more ports or partitioning the array 'compute_gcn_stream_stream_stream_stream_stream_stream_aggregated_features_9'.
Resolution: For help on HLS 200-885 see docs.xilinx.com/access/sources/dita/topic?Doc_Version=2025.1%20English&url=ug1448-hls-guidance&resourceid=200-885.html
WARNING: [HLS 200-885] The II Violation in module 'compute_gcn_Pipeline_VITIS_LOOP_110_12_VITIS_LOOP_111_13' (loop 'VITIS_LOOP_110_12_VITIS_LOOP_111_13'): Unable to schedule 'load' operation 32 bit ('compute_gcn_stream_stream_stream_stream_stream_stream_aggregated_features_1506', ../kernel/gnn_hls.cpp:110) on array 'compute_gcn_stream_stream_stream_stream_stream_stream_aggregated_features_9' due to limited memory ports (II = 44). Please consider using a memory core with more ports or partitioning the array 'compute_gcn_stream_stream_stream_stream_stream_stream_aggregated_features_9'.
Resolution: For help on HLS 200-885 see docs.xilinx.com/access/sources/dita/topic?Doc_Version=2025.1%20English&url=ug1448-hls-guidance&resourceid=200-885.html
INFO: [HLS 200-1470] Pipelining result : Target II = NA, Final II = 45, Depth = 7177, loop 'VITIS_LOOP_110_12_VITIS_LOOP_111_13'
INFO: [SCHED 204-11] Finished scheduling.
INFO: [HLS 200-111] Finished Scheduling: CPU user time: 261.71 seconds. CPU system time: 0.43 seconds. Elapsed time: 262.52 seconds; current allocated memory: 1.744 GB.
INFO: [BIND 205-100] Starting micro-architecture generation ...
INFO: [BIND 205-101] Performing variable lifetime analysis.
INFO: [BIND 205-101] Exploring resource sharing.
INFO: [BIND 205-101] Binding ...
INFO: [BIND 205-100] Finished micro-architecture generation.
INFO: [HLS 200-111] Finished Binding: CPU user time: 1433.77 seconds. CPU system time: 2.27 seconds. Elapsed time: 1437.26 seconds; current allocated memory: 2.250 GB.
INFO: [HLS 200-10] ----------------------------------------------------------------
INFO: [HLS 200-42] -- Implementing module 'compute_gcn' 
INFO: [HLS 200-10] ----------------------------------------------------------------
INFO: [SCHED 204-11] Starting scheduling ...
INFO: [SCHED 204-11] Finished scheduling.
INFO: [HLS 200-111] Finished Scheduling: CPU user time: 1277.61 seconds. CPU system time: 1.48 seconds. Elapsed time: 1283.63 seconds; current allocated memory: 2.439 GB.
INFO: [BIND 205-100] Starting micro-architecture generation ...
INFO: [BIND 205-101] Performing variable lifetime analysis.
INFO: [BIND 205-101] Exploring resource sharing.
INFO: [BIND 205-101] Binding ...
INFO: [BIND 205-100] Finished micro-architecture generation.
INFO: [HLS 200-111] Finished Binding: CPU user time: 45.41 seconds. CPU system time: 0.21 seconds. Elapsed time: 46.73 seconds; current allocated memory: 2.439 GB.
INFO: [HLS 200-10] ----------------------------------------------------------------
INFO: [HLS 200-42] -- Implementing module 'store_result' 
INFO: [HLS 200-10] ----------------------------------------------------------------
INFO: [SCHED 204-11] Starting scheduling ...
INFO: [SCHED 204-61] Pipelining loop 'VITIS_LOOP_129_1_VITIS_LOOP_130_2'.
INFO: [HLS 200-1470] Pipelining result : Target II = 1, Final II = 1, Depth = 72, loop 'VITIS_LOOP_129_1_VITIS_LOOP_130_2'
INFO: [SCHED 204-11] Finished scheduling.
INFO: [HLS 200-111] Finished Scheduling: CPU user time: 4.3 seconds. CPU system time: 0.2 seconds. Elapsed time: 6.35 seconds; current allocated memory: 2.439 GB.
INFO: [#UNDEF] Rewind delay = 1 for the pipelined loop 'VITIS_LOOP_129_1_VITIS_LOOP_130_2' due to a write-after-read dependence on variable 'j3'.
INFO: [BIND 205-100] Starting micro-architecture generation ...
INFO: [BIND 205-101] Performing variable lifetime analysis.
INFO: [BIND 205-101] Exploring resource sharing.
INFO: [BIND 205-101] Binding ...
INFO: [BIND 205-100] Finished micro-architecture generation.
INFO: [HLS 200-111] Finished Binding: CPU user time: 0.02 seconds. CPU system time: 0 seconds. Elapsed time: 0.03 seconds; current allocated memory: 2.439 GB.
INFO: [HLS 200-10] ----------------------------------------------------------------
INFO: [HLS 200-42] -- Implementing module 'gnn' 
INFO: [HLS 200-10] ----------------------------------------------------------------
INFO: [SCHED 204-11] Starting scheduling ...
INFO: [SCHED 204-11] Finished scheduling.
WARNING: [HLS 200-1020] Increasing the depth of FIFO start_for_store_result_U0 (from entry_proc_U0 to store_result_U0) to 3 to improve performance and/or avoid deadlocks.
INFO: [HLS 200-111] Finished Scheduling: CPU user time: 0.05 seconds. CPU system time: 0 seconds. Elapsed time: 0.06 seconds; current allocated memory: 2.439 GB.
INFO: [BIND 205-100] Starting micro-architecture generation ...
INFO: [BIND 205-101] Performing variable lifetime analysis.
INFO: [BIND 205-101] Exploring resource sharing.
INFO: [BIND 205-101] Binding ...
INFO: [BIND 205-100] Finished micro-architecture generation.
INFO: [HLS 200-111] Finished Binding: CPU user time: 0.85 seconds. CPU system time: 0 seconds. Elapsed time: 0.86 seconds; current allocated memory: 2.439 GB.
INFO: [HLS 200-10] ----------------------------------------------------------------
INFO: [HLS 200-10] -- Generating RTL for module 'entry_proc' 
INFO: [HLS 200-10] ----------------------------------------------------------------
INFO: [RTGEN 206-100] Finished creating RTL model for 'entry_proc'.
INFO: [HLS 200-111] Finished Creating RTL model: CPU user time: 2.15 seconds. CPU system time: 0.01 seconds. Elapsed time: 2.18 seconds; current allocated memory: 2.439 GB.
INFO: [HLS 200-10] ----------------------------------------------------------------
INFO: [HLS 200-10] -- Generating RTL for module 'load_inputs_Pipeline_VITIS_LOOP_16_1' 
INFO: [HLS 200-10] ----------------------------------------------------------------
INFO: [HLS 200-1030] Apply Unified Pipeline Control on module 'load_inputs_Pipeline_VITIS_LOOP_16_1' pipeline 'VITIS_LOOP_16_1' pipeline type 'loop pipeline'
INFO: [RTGEN 206-100] Finished creating RTL model for 'load_inputs_Pipeline_VITIS_LOOP_16_1'.
INFO: [HLS 200-111] Finished Creating RTL model: CPU user time: 0.08 seconds. CPU system time: 0.01 seconds. Elapsed time: 0.1 seconds; current allocated memory: 2.439 GB.
INFO: [HLS 200-10] ----------------------------------------------------------------
INFO: [HLS 200-10] -- Generating RTL for module 'load_inputs_Pipeline_VITIS_LOOP_20_2' 
INFO: [HLS 200-10] ----------------------------------------------------------------
INFO: [HLS 200-1030] Apply Unified Pipeline Control on module 'load_inputs_Pipeline_VITIS_LOOP_20_2' pipeline 'VITIS_LOOP_20_2' pipeline type 'loop pipeline'
WARNING: [RTGEN 206-101] Setting dangling out port 'load_inputs_Pipeline_VITIS_LOOP_20_2/m_axi_gmem1_0_ARVALID' to 0.
WARNING: [RTGEN 206-101] Setting dangling out port 'load_inputs_Pipeline_VITIS_LOOP_20_2/m_axi_gmem1_0_ARADDR' to 0.
WARNING: [RTGEN 206-101] Setting dangling out port 'load_inputs_Pipeline_VITIS_LOOP_20_2/m_axi_gmem1_0_ARID' to 0.
WARNING: [RTGEN 206-101] Setting dangling out port 'load_inputs_Pipeline_VITIS_LOOP_20_2/m_axi_gmem1_0_ARLEN' to 0.
WARNING: [RTGEN 206-101] Setting dangling out port 'load_inputs_Pipeline_VITIS_LOOP_20_2/m_axi_gmem1_0_ARSIZE' to 0.
WARNING: [RTGEN 206-101] Setting dangling out port 'load_inputs_Pipeline_VITIS_LOOP_20_2/m_axi_gmem1_0_ARBURST' to 0.
WARNING: [RTGEN 206-101] Setting dangling out port 'load_inputs_Pipeline_VITIS_LOOP_20_2/m_axi_gmem1_0_ARLOCK' to 0.
WARNING: [RTGEN 206-101] Setting dangling out port 'load_inputs_Pipeline_VITIS_LOOP_20_2/m_axi_gmem1_0_ARCACHE' to 0.
WARNING: [RTGEN 206-101] Setting dangling out port 'load_inputs_Pipeline_VITIS_LOOP_20_2/m_axi_gmem1_0_ARPROT' to 0.
WARNING: [RTGEN 206-101] Setting dangling out port 'load_inputs_Pipeline_VITIS_LOOP_20_2/m_axi_gmem1_0_ARQOS' to 0.
WARNING: [RTGEN 206-101] Setting dangling out port 'load_inputs_Pipeline_VITIS_LOOP_20_2/m_axi_gmem1_0_ARREGION' to 0.
WARNING: [RTGEN 206-101] Setting dangling out port 'load_inputs_Pipeline_VITIS_LOOP_20_2/m_axi_gmem1_0_ARUSER' to 0.
INFO: [RTGEN 206-100] Finished creating RTL model for 'load_inputs_Pipeline_VITIS_LOOP_20_2'.
INFO: [HLS 200-111] Finished Creating RTL model: CPU user time: 0.1 seconds. CPU system time: 0 seconds. Elapsed time: 0.14 seconds; current allocated memory: 2.439 GB.
INFO: [HLS 200-10] ----------------------------------------------------------------
INFO: [HLS 200-10] -- Generating RTL for module 'load_inputs_Pipeline_VITIS_LOOP_24_3' 
INFO: [HLS 200-10] ----------------------------------------------------------------
INFO: [HLS 200-1030] Apply Unified Pipeline Control on module 'load_inputs_Pipeline_VITIS_LOOP_24_3' pipeline 'VITIS_LOOP_24_3' pipeline type 'loop pipeline'
WARNING: [RTGEN 206-101] Setting dangling out port 'load_inputs_Pipeline_VITIS_LOOP_24_3/m_axi_gmem2_0_ARVALID' to 0.
WARNING: [RTGEN 206-101] Setting dangling out port 'load_inputs_Pipeline_VITIS_LOOP_24_3/m_axi_gmem2_0_ARADDR' to 0.
WARNING: [RTGEN 206-101] Setting dangling out port 'load_inputs_Pipeline_VITIS_LOOP_24_3/m_axi_gmem2_0_ARID' to 0.
WARNING: [RTGEN 206-101] Setting dangling out port 'load_inputs_Pipeline_VITIS_LOOP_24_3/m_axi_gmem2_0_ARLEN' to 0.
WARNING: [RTGEN 206-101] Setting dangling out port 'load_inputs_Pipeline_VITIS_LOOP_24_3/m_axi_gmem2_0_ARSIZE' to 0.
WARNING: [RTGEN 206-101] Setting dangling out port 'load_inputs_Pipeline_VITIS_LOOP_24_3/m_axi_gmem2_0_ARBURST' to 0.
WARNING: [RTGEN 206-101] Setting dangling out port 'load_inputs_Pipeline_VITIS_LOOP_24_3/m_axi_gmem2_0_ARLOCK' to 0.
WARNING: [RTGEN 206-101] Setting dangling out port 'load_inputs_Pipeline_VITIS_LOOP_24_3/m_axi_gmem2_0_ARCACHE' to 0.
WARNING: [RTGEN 206-101] Setting dangling out port 'load_inputs_Pipeline_VITIS_LOOP_24_3/m_axi_gmem2_0_ARPROT' to 0.
WARNING: [RTGEN 206-101] Setting dangling out port 'load_inputs_Pipeline_VITIS_LOOP_24_3/m_axi_gmem2_0_ARQOS' to 0.
WARNING: [RTGEN 206-101] Setting dangling out port 'load_inputs_Pipeline_VITIS_LOOP_24_3/m_axi_gmem2_0_ARREGION' to 0.
WARNING: [RTGEN 206-101] Setting dangling out port 'load_inputs_Pipeline_VITIS_LOOP_24_3/m_axi_gmem2_0_ARUSER' to 0.
WARNING: [RTGEN 206-101] Setting dangling out port 'load_inputs_Pipeline_VITIS_LOOP_24_3/m_axi_gmem3_0_ARVALID' to 0.
WARNING: [RTGEN 206-101] Setting dangling out port 'load_inputs_Pipeline_VITIS_LOOP_24_3/m_axi_gmem3_0_ARADDR' to 0.
WARNING: [RTGEN 206-101] Setting dangling out port 'load_inputs_Pipeline_VITIS_LOOP_24_3/m_axi_gmem3_0_ARID' to 0.
WARNING: [RTGEN 206-101] Setting dangling out port 'load_inputs_Pipeline_VITIS_LOOP_24_3/m_axi_gmem3_0_ARLEN' to 0.
WARNING: [RTGEN 206-101] Setting dangling out port 'load_inputs_Pipeline_VITIS_LOOP_24_3/m_axi_gmem3_0_ARSIZE' to 0.
WARNING: [RTGEN 206-101] Setting dangling out port 'load_inputs_Pipeline_VITIS_LOOP_24_3/m_axi_gmem3_0_ARBURST' to 0.
WARNING: [RTGEN 206-101] Setting dangling out port 'load_inputs_Pipeline_VITIS_LOOP_24_3/m_axi_gmem3_0_ARLOCK' to 0.
WARNING: [RTGEN 206-101] Setting dangling out port 'load_inputs_Pipeline_VITIS_LOOP_24_3/m_axi_gmem3_0_ARCACHE' to 0.
WARNING: [RTGEN 206-101] Setting dangling out port 'load_inputs_Pipeline_VITIS_LOOP_24_3/m_axi_gmem3_0_ARPROT' to 0.
WARNING: [RTGEN 206-101] Setting dangling out port 'load_inputs_Pipeline_VITIS_LOOP_24_3/m_axi_gmem3_0_ARQOS' to 0.
WARNING: [RTGEN 206-101] Setting dangling out port 'load_inputs_Pipeline_VITIS_LOOP_24_3/m_axi_gmem3_0_ARREGION' to 0.
WARNING: [RTGEN 206-101] Setting dangling out port 'load_inputs_Pipeline_VITIS_LOOP_24_3/m_axi_gmem3_0_ARUSER' to 0.
INFO: [RTGEN 206-100] Finished creating RTL model for 'load_inputs_Pipeline_VITIS_LOOP_24_3'.
INFO: [HLS 200-111] Finished Creating RTL model: CPU user time: 0.05 seconds. CPU system time: 0 seconds. Elapsed time: 0.07 seconds; current allocated memory: 2.439 GB.
INFO: [HLS 200-10] ----------------------------------------------------------------
INFO: [HLS 200-10] -- Generating RTL for module 'load_inputs_Pipeline_VITIS_LOOP_29_4' 
INFO: [HLS 200-10] ----------------------------------------------------------------
INFO: [HLS 200-1030] Apply Unified Pipeline Control on module 'load_inputs_Pipeline_VITIS_LOOP_29_4' pipeline 'VITIS_LOOP_29_4' pipeline type 'loop pipeline'
INFO: [RTGEN 206-100] Finished creating RTL model for 'load_inputs_Pipeline_VITIS_LOOP_29_4'.
INFO: [HLS 200-111] Finished Creating RTL model: CPU user time: 0.08 seconds. CPU system time: 0.01 seconds. Elapsed time: 0.11 seconds; current allocated memory: 2.439 GB.
INFO: [HLS 200-10] ----------------------------------------------------------------
INFO: [HLS 200-10] -- Generating RTL for module 'load_inputs' 
INFO: [HLS 200-10] ----------------------------------------------------------------
INFO: [RTGEN 206-100] Finished creating RTL model for 'load_inputs'.
INFO: [HLS 200-111] Finished Creating RTL model: CPU user time: 0.1 seconds. CPU system time: 0.01 seconds. Elapsed time: 0.14 seconds; current allocated memory: 2.439 GB.
INFO: [HLS 200-10] ----------------------------------------------------------------
INFO: [HLS 200-10] -- Generating RTL for module 'compute_gcn_Pipeline_VITIS_LOOP_56_1_VITIS_LOOP_57_2' 
INFO: [HLS 200-10] ----------------------------------------------------------------
INFO: [HLS 200-1030] Apply Unified Pipeline Control on module 'compute_gcn_Pipeline_VITIS_LOOP_56_1_VITIS_LOOP_57_2' pipeline 'VITIS_LOOP_56_1_VITIS_LOOP_57_2' pipeline type 'loop pipeline'
INFO: [RTGEN 206-100] Generating core module 'mac_muladd_12ns_7ns_7ns_18_4_1': 1 instance(s).
INFO: [RTGEN 206-100] Finished creating RTL model for 'compute_gcn_Pipeline_VITIS_LOOP_56_1_VITIS_LOOP_57_2'.
INFO: [HLS 200-111] Finished Creating RTL model: CPU user time: 0.11 seconds. CPU system time: 0 seconds. Elapsed time: 0.14 seconds; current allocated memory: 2.439 GB.
INFO: [HLS 200-10] ----------------------------------------------------------------
INFO: [HLS 200-10] -- Generating RTL for module 'compute_gcn_Pipeline_VITIS_LOOP_64_3_VITIS_LOOP_65_4' 
INFO: [HLS 200-10] ----------------------------------------------------------------
INFO: [HLS 200-1030] Apply Unified Pipeline Control on module 'compute_gcn_Pipeline_VITIS_LOOP_64_3_VITIS_LOOP_65_4' pipeline 'VITIS_LOOP_64_3_VITIS_LOOP_65_4' pipeline type 'loop pipeline'
INFO: [RTGEN 206-100] Finished creating RTL model for 'compute_gcn_Pipeline_VITIS_LOOP_64_3_VITIS_LOOP_65_4'.
INFO: [HLS 200-111] Finished Creating RTL model: CPU user time: 0.06 seconds. CPU system time: 0.02 seconds. Elapsed time: 0.12 seconds; current allocated memory: 2.439 GB.
INFO: [HLS 200-10] ----------------------------------------------------------------
INFO: [HLS 200-10] -- Generating RTL for module 'compute_gcn_Pipeline_VITIS_LOOP_71_5' 
INFO: [HLS 200-10] ----------------------------------------------------------------
INFO: [HLS 200-1030] Apply Unified Pipeline Control on module 'compute_gcn_Pipeline_VITIS_LOOP_71_5' pipeline 'VITIS_LOOP_71_5' pipeline type 'loop pipeline'
INFO: [RTGEN 206-100] Finished creating RTL model for 'compute_gcn_Pipeline_VITIS_LOOP_71_5'.
INFO: [HLS 200-111] Finished Creating RTL model: CPU user time: 0.07 seconds. CPU system time: 0 seconds. Elapsed time: 0.09 seconds; current allocated memory: 2.439 GB.
INFO: [HLS 200-10] ----------------------------------------------------------------
INFO: [HLS 200-10] -- Generating RTL for module 'compute_gcn_Pipeline_VITIS_LOOP_76_6' 
INFO: [HLS 200-10] ----------------------------------------------------------------
INFO: [HLS 200-1030] Apply Unified Pipeline Control on module 'compute_gcn_Pipeline_VITIS_LOOP_76_6' pipeline 'VITIS_LOOP_76_6' pipeline type 'loop pipeline'
INFO: [RTGEN 206-100] Finished creating RTL model for 'compute_gcn_Pipeline_VITIS_LOOP_76_6'.
INFO: [HLS 200-111] Finished Creating RTL model: CPU user time: 0.03 seconds. CPU system time: 0.01 seconds. Elapsed time: 0.07 seconds; current allocated memory: 2.439 GB.
INFO: [HLS 200-10] ----------------------------------------------------------------
INFO: [HLS 200-10] -- Generating RTL for module 'compute_gcn_Pipeline_VITIS_LOOP_86_7_VITIS_LOOP_87_8' 
INFO: [HLS 200-10] ----------------------------------------------------------------
INFO: [HLS 200-1030] Apply Unified Pipeline Control on module 'compute_gcn_Pipeline_VITIS_LOOP_86_7_VITIS_LOOP_87_8' pipeline 'VITIS_LOOP_86_7_VITIS_LOOP_87_8' pipeline type 'loop pipeline'
INFO: [RTGEN 206-100] Generating core module 'mac_muladd_12ns_7ns_7ns_18_4_1': 1 instance(s).
INFO: [RTGEN 206-100] Finished creating RTL model for 'compute_gcn_Pipeline_VITIS_LOOP_86_7_VITIS_LOOP_87_8'.
INFO: [HLS 200-111] Finished Creating RTL model: CPU user time: 0.05 seconds. CPU system time: 0 seconds. Elapsed time: 0.06 seconds; current allocated memory: 2.439 GB.
INFO: [HLS 200-10] ----------------------------------------------------------------
INFO: [HLS 200-10] -- Generating RTL for module 'compute_gcn_Pipeline_VITIS_LOOP_97_10' 
INFO: [HLS 200-10] ----------------------------------------------------------------
INFO: [HLS 200-1030] Apply Unified Pipeline Control on module 'compute_gcn_Pipeline_VITIS_LOOP_97_10' pipeline 'VITIS_LOOP_97_10' pipeline type 'loop pipeline'
INFO: [RTGEN 206-104] Estimated max fanout for 'compute_gcn_Pipeline_VITIS_LOOP_97_10' is 45856 from HDL expression: ((ap_loop_exit_ready == 1'b1) & (icmp_ln97_reg_83171 == 1'd0) & (1'b0 == ap_block_pp0_stage11_01001) & (1'b1 == ap_CS_fsm_pp0_stage11))
INFO: [RTGEN 206-100] Generating core module 'fadd_32ns_32ns_32_5_full_dsp_1': 32 instance(s).
INFO: [RTGEN 206-100] Generating core module 'fmul_32ns_32ns_32_4_max_dsp_1': 32 instance(s).
INFO: [RTGEN 206-100] Generating core module 'mul_12ns_8ns_19_1_1': 1 instance(s).
INFO: [RTGEN 206-100] Finished creating RTL model for 'compute_gcn_Pipeline_VITIS_LOOP_97_10'.
INFO: [HLS 200-111] Finished Creating RTL model: CPU user time: 15.47 seconds. CPU system time: 0.07 seconds. Elapsed time: 15.59 seconds; current allocated memory: 2.508 GB.
INFO: [HLS 200-10] ----------------------------------------------------------------
INFO: [HLS 200-10] -- Generating RTL for module 'compute_gcn_Outline_VITIS_LOOP_94_9' 
INFO: [HLS 200-10] ----------------------------------------------------------------
WARNING: [RTGEN 206-101] Setting dangling out port 'compute_gcn_Outline_VITIS_LOOP_94_9/grp_fu_207084_p_opcode' to 0.
WARNING: [RTGEN 206-101] Setting dangling out port 'compute_gcn_Outline_VITIS_LOOP_94_9/grp_fu_207088_p_opcode' to 0.
WARNING: [RTGEN 206-101] Setting dangling out port 'compute_gcn_Outline_VITIS_LOOP_94_9/grp_fu_207092_p_opcode' to 0.
WARNING: [RTGEN 206-101] Setting dangling out port 'compute_gcn_Outline_VITIS_LOOP_94_9/grp_fu_207096_p_opcode' to 0.
WARNING: [RTGEN 206-101] Setting dangling out port 'compute_gcn_Outline_VITIS_LOOP_94_9/grp_fu_207100_p_opcode' to 0.
WARNING: [RTGEN 206-101] Setting dangling out port 'compute_gcn_Outline_VITIS_LOOP_94_9/grp_fu_207104_p_opcode' to 0.
WARNING: [RTGEN 206-101] Setting dangling out port 'compute_gcn_Outline_VITIS_LOOP_94_9/grp_fu_207108_p_opcode' to 0.
WARNING: [RTGEN 206-101] Setting dangling out port 'compute_gcn_Outline_VITIS_LOOP_94_9/grp_fu_207112_p_opcode' to 0.
WARNING: [RTGEN 206-101] Setting dangling out port 'compute_gcn_Outline_VITIS_LOOP_94_9/grp_fu_207116_p_opcode' to 0.
WARNING: [RTGEN 206-101] Setting dangling out port 'compute_gcn_Outline_VITIS_LOOP_94_9/grp_fu_207120_p_opcode' to 0.
WARNING: [RTGEN 206-101] Setting dangling out port 'compute_gcn_Outline_VITIS_LOOP_94_9/grp_fu_207124_p_opcode' to 0.
WARNING: [RTGEN 206-101] Setting dangling out port 'compute_gcn_Outline_VITIS_LOOP_94_9/grp_fu_207128_p_opcode' to 0.
WARNING: [RTGEN 206-101] Setting dangling out port 'compute_gcn_Outline_VITIS_LOOP_94_9/grp_fu_207132_p_opcode' to 0.
WARNING: [RTGEN 206-101] Setting dangling out port 'compute_gcn_Outline_VITIS_LOOP_94_9/grp_fu_207136_p_opcode' to 0.
WARNING: [RTGEN 206-101] Setting dangling out port 'compute_gcn_Outline_VITIS_LOOP_94_9/grp_fu_207140_p_opcode' to 0.
WARNING: [RTGEN 206-101] Setting dangling out port 'compute_gcn_Outline_VITIS_LOOP_94_9/grp_fu_207144_p_opcode' to 0.
WARNING: [RTGEN 206-101] Setting dangling out port 'compute_gcn_Outline_VITIS_LOOP_94_9/grp_fu_207148_p_opcode' to 0.
WARNING: [RTGEN 206-101] Setting dangling out port 'compute_gcn_Outline_VITIS_LOOP_94_9/grp_fu_207152_p_opcode' to 0.
WARNING: [RTGEN 206-101] Setting dangling out port 'compute_gcn_Outline_VITIS_LOOP_94_9/grp_fu_207156_p_opcode' to 0.
WARNING: [RTGEN 206-101] Setting dangling out port 'compute_gcn_Outline_VITIS_LOOP_94_9/grp_fu_207160_p_opcode' to 0.
WARNING: [RTGEN 206-101] Setting dangling out port 'compute_gcn_Outline_VITIS_LOOP_94_9/grp_fu_207164_p_opcode' to 0.
WARNING: [RTGEN 206-101] Setting dangling out port 'compute_gcn_Outline_VITIS_LOOP_94_9/grp_fu_207168_p_opcode' to 0.
WARNING: [RTGEN 206-101] Setting dangling out port 'compute_gcn_Outline_VITIS_LOOP_94_9/grp_fu_207172_p_opcode' to 0.
WARNING: [RTGEN 206-101] Setting dangling out port 'compute_gcn_Outline_VITIS_LOOP_94_9/grp_fu_207176_p_opcode' to 0.
WARNING: [RTGEN 206-101] Setting dangling out port 'compute_gcn_Outline_VITIS_LOOP_94_9/grp_fu_207180_p_opcode' to 0.
WARNING: [RTGEN 206-101] Setting dangling out port 'compute_gcn_Outline_VITIS_LOOP_94_9/grp_fu_207184_p_opcode' to 0.
WARNING: [RTGEN 206-101] Setting dangling out port 'compute_gcn_Outline_VITIS_LOOP_94_9/grp_fu_207188_p_opcode' to 0.
WARNING: [RTGEN 206-101] Setting dangling out port 'compute_gcn_Outline_VITIS_LOOP_94_9/grp_fu_207192_p_opcode' to 0.
WARNING: [RTGEN 206-101] Setting dangling out port 'compute_gcn_Outline_VITIS_LOOP_94_9/grp_fu_207196_p_opcode' to 0.
WARNING: [RTGEN 206-101] Setting dangling out port 'compute_gcn_Outline_VITIS_LOOP_94_9/grp_fu_207200_p_opcode' to 0.
WARNING: [RTGEN 206-101] Setting dangling out port 'compute_gcn_Outline_VITIS_LOOP_94_9/grp_fu_207204_p_opcode' to 0.
WARNING: [RTGEN 206-101] Setting dangling out port 'compute_gcn_Outline_VITIS_LOOP_94_9/grp_fu_207208_p_opcode' to 0.
INFO: [RTGEN 206-100] Generating core module 'fadd_32ns_32ns_32_5_full_dsp_1': 32 instance(s).
INFO: [RTGEN 206-100] Generating core module 'fmul_32ns_32ns_32_4_max_dsp_1': 32 instance(s).
INFO: [RTGEN 206-100] Finished creating RTL model for 'compute_gcn_Outline_VITIS_LOOP_94_9'.
INFO: [HLS 200-111] Finished Creating RTL model: CPU user time: 6.68 seconds. CPU system time: 0.48 seconds. Elapsed time: 8.66 seconds; current allocated memory: 2.772 GB.
INFO: [HLS 200-10] ----------------------------------------------------------------
INFO: [HLS 200-10] -- Generating RTL for module 'compute_gcn_Pipeline_VITIS_LOOP_110_12_VITIS_LOOP_111_13' 
INFO: [HLS 200-10] ----------------------------------------------------------------
INFO: [HLS 200-1030] Apply Unified Pipeline Control on module 'compute_gcn_Pipeline_VITIS_LOOP_110_12_VITIS_LOOP_111_13' pipeline 'VITIS_LOOP_110_12_VITIS_LOOP_111_13' pipeline type 'loop pipeline'
INFO: [RTGEN 206-104] Estimated max fanout for 'compute_gcn_Pipeline_VITIS_LOOP_110_12_VITIS_LOOP_111_13' is 156992 from HDL expression: ((1'b0 == ap_block_pp0_stage4_11001) & (1'b1 == ap_CS_fsm_pp0_stage4))
INFO: [RTGEN 206-100] Generating core module 'fadd_32ns_32ns_32_5_full_dsp_1': 32 instance(s).
INFO: [RTGEN 206-100] Generating core module 'fcmp_32ns_32ns_1_2_no_dsp_1': 1 instance(s).
INFO: [RTGEN 206-100] Generating core module 'fmul_32ns_32ns_32_4_max_dsp_1': 32 instance(s).
INFO: [RTGEN 206-100] Generating core module 'mul_12ns_8ns_18_1_1': 1 instance(s).
INFO: [RTGEN 206-100] Generating core module 'mul_12ns_8ns_19_1_1': 2 instance(s).
INFO: [RTGEN 206-100] Generating core module 'sparsemux_33_4_32_1_1': 1433 instance(s).
INFO: [RTGEN 206-100] Finished creating RTL model for 'compute_gcn_Pipeline_VITIS_LOOP_110_12_VITIS_LOOP_111_13'.
INFO: [HLS 200-111] Finished Creating RTL model: CPU user time: 1788.53 seconds. CPU system time: 2.76 seconds. Elapsed time: 1792.19 seconds; current allocated memory: 3.569 GB.
INFO: [HLS 200-10] ----------------------------------------------------------------
INFO: [HLS 200-10] -- Generating RTL for module 'compute_gcn' 
INFO: [HLS 200-10] ----------------------------------------------------------------
INFO: [SYN 201-210] Renamed object name 'compute_gcn_compute_gcn_stream_stream_stream_stream_stream_stream_h_in_buf_9_RAM_AUTO_1R1W' to 'compute_gcn_compute_gcn_stream_stream_stream_stream_stream_stream_h_in_buf_9_bkb' due to the length limit 80
INFO: [SYN 201-210] Renamed object name 'compute_gcn_compute_gcn_stream_stream_stream_stream_stream_stream_h_in_buf_8_RAM_AUTO_1R1W' to 'compute_gcn_compute_gcn_stream_stream_stream_stream_stream_stream_h_in_buf_8_cud' due to the length limit 80
INFO: [SYN 201-210] Renamed object name 'compute_gcn_compute_gcn_stream_stream_stream_stream_stream_stream_h_in_buf_7_RAM_AUTO_1R1W' to 'compute_gcn_compute_gcn_stream_stream_stream_stream_stream_stream_h_in_buf_7_dEe' due to the length limit 80
INFO: [SYN 201-210] Renamed object name 'compute_gcn_compute_gcn_stream_stream_stream_stream_stream_stream_h_in_buf_6_RAM_AUTO_1R1W' to 'compute_gcn_compute_gcn_stream_stream_stream_stream_stream_stream_h_in_buf_6_eOg' due to the length limit 80
INFO: [SYN 201-210] Renamed object name 'compute_gcn_compute_gcn_stream_stream_stream_stream_stream_stream_h_in_buf_5_RAM_AUTO_1R1W' to 'compute_gcn_compute_gcn_stream_stream_stream_stream_stream_stream_h_in_buf_5_fYi' due to the length limit 80
INFO: [SYN 201-210] Renamed object name 'compute_gcn_compute_gcn_stream_stream_stream_stream_stream_stream_h_in_buf_4_RAM_AUTO_1R1W' to 'compute_gcn_compute_gcn_stream_stream_stream_stream_stream_stream_h_in_buf_4_g8j' due to the length limit 80
INFO: [SYN 201-210] Renamed object name 'compute_gcn_compute_gcn_stream_stream_stream_stream_stream_stream_h_in_buf_3_RAM_AUTO_1R1W' to 'compute_gcn_compute_gcn_stream_stream_stream_stream_stream_stream_h_in_buf_3_hbi' due to the length limit 80
INFO: [SYN 201-210] Renamed object name 'compute_gcn_compute_gcn_stream_stream_stream_stream_stream_stream_h_in_buf_2_RAM_AUTO_1R1W' to 'compute_gcn_compute_gcn_stream_stream_stream_stream_stream_stream_h_in_buf_2_ibs' due to the length limit 80
INFO: [SYN 201-210] Renamed object name 'compute_gcn_compute_gcn_stream_stream_stream_stream_stream_stream_h_in_buf_1_RAM_AUTO_1R1W' to 'compute_gcn_compute_gcn_stream_stream_stream_stream_stream_stream_h_in_buf_1_jbC' due to the length limit 80
INFO: [SYN 201-210] Renamed object name 'compute_gcn_compute_gcn_stream_stream_stream_stream_stream_stream_h_in_buf_RAM_AUTO_1R1W' to 'compute_gcn_compute_gcn_stream_stream_stream_stream_stream_stream_h_in_buf_RAkbM' due to the length limit 80
INFO: [SYN 201-210] Renamed object name 'compute_gcn_p_ZZL11compute_gcnRN3hls6streamIfLi0EEES2_S2_RNS0_IiLi0EEES4_S2_E8h_in_buf_10_RAM_AUTO_1R1W' to 'compute_gcn_p_ZZL11compute_gcnRN3hls6streamIfLi0EEES2_S2_RNS0_IiLi0EEES4_S2_ElbW' due to the length limit 80
INFO: [SYN 201-210] Renamed object name 'compute_gcn_p_ZZL11compute_gcnRN3hls6streamIfLi0EEES2_S2_RNS0_IiLi0EEES4_S2_E8h_in_buf_11_RAM_AUTO_1R1W' to 'compute_gcn_p_ZZL11compute_gcnRN3hls6streamIfLi0EEES2_S2_RNS0_IiLi0EEES4_S2_Emb6' due to the length limit 80
INFO: [SYN 201-210] Renamed object name 'compute_gcn_p_ZZL11compute_gcnRN3hls6streamIfLi0EEES2_S2_RNS0_IiLi0EEES4_S2_E8h_in_buf_12_RAM_AUTO_1R1W' to 'compute_gcn_p_ZZL11compute_gcnRN3hls6streamIfLi0EEES2_S2_RNS0_IiLi0EEES4_S2_Encg' due to the length limit 80
INFO: [SYN 201-210] Renamed object name 'compute_gcn_p_ZZL11compute_gcnRN3hls6streamIfLi0EEES2_S2_RNS0_IiLi0EEES4_S2_E8h_in_buf_13_RAM_AUTO_1R1W' to 'compute_gcn_p_ZZL11compute_gcnRN3hls6streamIfLi0EEES2_S2_RNS0_IiLi0EEES4_S2_Eocq' due to the length limit 80
INFO: [SYN 201-210] Renamed object name 'compute_gcn_p_ZZL11compute_gcnRN3hls6streamIfLi0EEES2_S2_RNS0_IiLi0EEES4_S2_E8h_in_buf_14_RAM_AUTO_1R1W' to 'compute_gcn_p_ZZL11compute_gcnRN3hls6streamIfLi0EEES2_S2_RNS0_IiLi0EEES4_S2_EpcA' due to the length limit 80
INFO: [SYN 201-210] Renamed object name 'compute_gcn_p_ZZL11compute_gcnRN3hls6streamIfLi0EEES2_S2_RNS0_IiLi0EEES4_S2_E8h_in_buf_15_RAM_AUTO_1R1W' to 'compute_gcn_p_ZZL11compute_gcnRN3hls6streamIfLi0EEES2_S2_RNS0_IiLi0EEES4_S2_EqcK' due to the length limit 80
INFO: [SYN 201-210] Renamed object name 'compute_gcn_compute_gcn_stream_stream_stream_stream_stream_stream_float_0_w_buf_9_RAM_AUTO_1R1W' to 'compute_gcn_compute_gcn_stream_stream_stream_stream_stream_stream_float_0_w_brcU' due to the length limit 80
INFO: [SYN 201-210] Renamed object name 'compute_gcn_compute_gcn_stream_stream_stream_stream_stream_stream_float_0_w_buf_8_RAM_AUTO_1R1W' to 'compute_gcn_compute_gcn_stream_stream_stream_stream_stream_stream_float_0_w_bsc4' due to the length limit 80
INFO: [SYN 201-210] Renamed object name 'compute_gcn_compute_gcn_stream_stream_stream_stream_stream_stream_float_0_w_buf_7_RAM_AUTO_1R1W' to 'compute_gcn_compute_gcn_stream_stream_stream_stream_stream_stream_float_0_w_btde' due to the length limit 80
INFO: [SYN 201-210] Renamed object name 'compute_gcn_compute_gcn_stream_stream_stream_stream_stream_stream_float_0_w_buf_6_RAM_AUTO_1R1W' to 'compute_gcn_compute_gcn_stream_stream_stream_stream_stream_stream_float_0_w_budo' due to the length limit 80
INFO: [SYN 201-210] Renamed object name 'compute_gcn_compute_gcn_stream_stream_stream_stream_stream_stream_float_0_w_buf_5_RAM_AUTO_1R1W' to 'compute_gcn_compute_gcn_stream_stream_stream_stream_stream_stream_float_0_w_bvdy' due to the length limit 80
INFO: [SYN 201-210] Renamed object name 'compute_gcn_compute_gcn_stream_stream_stream_stream_stream_stream_float_0_w_buf_4_RAM_AUTO_1R1W' to 'compute_gcn_compute_gcn_stream_stream_stream_stream_stream_stream_float_0_w_bwdI' due to the length limit 80
INFO: [SYN 201-210] Renamed object name 'compute_gcn_compute_gcn_stream_stream_stream_stream_stream_stream_float_0_w_buf_3_RAM_AUTO_1R1W' to 'compute_gcn_compute_gcn_stream_stream_stream_stream_stream_stream_float_0_w_bxdS' due to the length limit 80
INFO: [SYN 201-210] Renamed object name 'compute_gcn_compute_gcn_stream_stream_stream_stream_stream_stream_float_0_w_buf_2_RAM_AUTO_1R1W' to 'compute_gcn_compute_gcn_stream_stream_stream_stream_stream_stream_float_0_w_byd2' due to the length limit 80
INFO: [SYN 201-210] Renamed object name 'compute_gcn_compute_gcn_stream_stream_stream_stream_stream_stream_float_0_w_buf_1_RAM_AUTO_1R1W' to 'compute_gcn_compute_gcn_stream_stream_stream_stream_stream_stream_float_0_w_bzec' due to the length limit 80
INFO: [SYN 201-210] Renamed object name 'compute_gcn_compute_gcn_stream_stream_stream_stream_stream_stream_float_0_w_buf_RAM_AUTO_1R1W' to 'compute_gcn_compute_gcn_stream_stream_stream_stream_stream_stream_float_0_w_bAem' due to the length limit 80
INFO: [SYN 201-210] Renamed object name 'compute_gcn_p_ZZL11compute_gcnRN3hls6streamIfLi0EEES2_S2_RNS0_IiLi0EEES4_S2_E5w_buf_10_RAM_AUTO_1R1W' to 'compute_gcn_p_ZZL11compute_gcnRN3hls6streamIfLi0EEES2_S2_RNS0_IiLi0EEES4_S2_EBew' due to the length limit 80
INFO: [SYN 201-210] Renamed object name 'compute_gcn_p_ZZL11compute_gcnRN3hls6streamIfLi0EEES2_S2_RNS0_IiLi0EEES4_S2_E5w_buf_11_RAM_AUTO_1R1W' to 'compute_gcn_p_ZZL11compute_gcnRN3hls6streamIfLi0EEES2_S2_RNS0_IiLi0EEES4_S2_ECeG' due to the length limit 80
INFO: [SYN 201-210] Renamed object name 'compute_gcn_p_ZZL11compute_gcnRN3hls6streamIfLi0EEES2_S2_RNS0_IiLi0EEES4_S2_E5w_buf_12_RAM_AUTO_1R1W' to 'compute_gcn_p_ZZL11compute_gcnRN3hls6streamIfLi0EEES2_S2_RNS0_IiLi0EEES4_S2_EDeQ' due to the length limit 80
INFO: [SYN 201-210] Renamed object name 'compute_gcn_p_ZZL11compute_gcnRN3hls6streamIfLi0EEES2_S2_RNS0_IiLi0EEES4_S2_E5w_buf_13_RAM_AUTO_1R1W' to 'compute_gcn_p_ZZL11compute_gcnRN3hls6streamIfLi0EEES2_S2_RNS0_IiLi0EEES4_S2_EEe0' due to the length limit 80
INFO: [SYN 201-210] Renamed object name 'compute_gcn_p_ZZL11compute_gcnRN3hls6streamIfLi0EEES2_S2_RNS0_IiLi0EEES4_S2_E5w_buf_14_RAM_AUTO_1R1W' to 'compute_gcn_p_ZZL11compute_gcnRN3hls6streamIfLi0EEES2_S2_RNS0_IiLi0EEES4_S2_EFfa' due to the length limit 80
INFO: [SYN 201-210] Renamed object name 'compute_gcn_p_ZZL11compute_gcnRN3hls6streamIfLi0EEES2_S2_RNS0_IiLi0EEES4_S2_E5w_buf_15_RAM_AUTO_1R1W' to 'compute_gcn_p_ZZL11compute_gcnRN3hls6streamIfLi0EEES2_S2_RNS0_IiLi0EEES4_S2_EGfk' due to the length limit 80
INFO: [SYN 201-210] Renamed object name 'compute_gcn_compute_gcn_stream_stream_stream_stream_stream_stream_aggregated_features_9_RAM_AUTO_1R1W' to 'compute_gcn_compute_gcn_stream_stream_stream_stream_stream_stream_aggregated_Hfu' due to the length limit 80
INFO: [SYN 201-210] Renamed object name 'compute_gcn_compute_gcn_stream_stream_stream_stream_stream_stream_aggregated_features_8_RAM_AUTO_1R1W' to 'compute_gcn_compute_gcn_stream_stream_stream_stream_stream_stream_aggregated_IfE' due to the length limit 80
INFO: [SYN 201-210] Renamed object name 'compute_gcn_compute_gcn_stream_stream_stream_stream_stream_stream_aggregated_features_7_RAM_AUTO_1R1W' to 'compute_gcn_compute_gcn_stream_stream_stream_stream_stream_stream_aggregated_JfO' due to the length limit 80
INFO: [SYN 201-210] Renamed object name 'compute_gcn_compute_gcn_stream_stream_stream_stream_stream_stream_aggregated_features_6_RAM_AUTO_1R1W' to 'compute_gcn_compute_gcn_stream_stream_stream_stream_stream_stream_aggregated_KfY' due to the length limit 80
INFO: [SYN 201-210] Renamed object name 'compute_gcn_compute_gcn_stream_stream_stream_stream_stream_stream_aggregated_features_5_RAM_AUTO_1R1W' to 'compute_gcn_compute_gcn_stream_stream_stream_stream_stream_stream_aggregated_Lf8' due to the length limit 80
INFO: [SYN 201-210] Renamed object name 'compute_gcn_compute_gcn_stream_stream_stream_stream_stream_stream_aggregated_features_4_RAM_AUTO_1R1W' to 'compute_gcn_compute_gcn_stream_stream_stream_stream_stream_stream_aggregated_Mgi' due to the length limit 80
INFO: [SYN 201-210] Renamed object name 'compute_gcn_compute_gcn_stream_stream_stream_stream_stream_stream_aggregated_features_3_RAM_AUTO_1R1W' to 'compute_gcn_compute_gcn_stream_stream_stream_stream_stream_stream_aggregated_Ngs' due to the length limit 80
INFO: [SYN 201-210] Renamed object name 'compute_gcn_compute_gcn_stream_stream_stream_stream_stream_stream_aggregated_features_2_RAM_AUTO_1R1W' to 'compute_gcn_compute_gcn_stream_stream_stream_stream_stream_stream_aggregated_OgC' due to the length limit 80
INFO: [SYN 201-210] Renamed object name 'compute_gcn_compute_gcn_stream_stream_stream_stream_stream_stream_aggregated_features_1_RAM_AUTO_1R1W' to 'compute_gcn_compute_gcn_stream_stream_stream_stream_stream_stream_aggregated_PgM' due to the length limit 80
INFO: [SYN 201-210] Renamed object name 'compute_gcn_compute_gcn_stream_stream_stream_stream_stream_stream_aggregated_features_RAM_AUTO_1R1W' to 'compute_gcn_compute_gcn_stream_stream_stream_stream_stream_stream_aggregated_QgW' due to the length limit 80
INFO: [SYN 201-210] Renamed object name 'compute_gcn_p_ZZL11compute_gcnRN3hls6streamIfLi0EEES2_S2_RNS0_IiLi0EEES4_S2_E19aggregated_fea_5_RAM_AUTO_1R1W' to 'compute_gcn_p_ZZL11compute_gcnRN3hls6streamIfLi0EEES2_S2_RNS0_IiLi0EEES4_S2_ERg6' due to the length limit 80
INFO: [SYN 201-210] Renamed object name 'compute_gcn_p_ZZL11compute_gcnRN3hls6streamIfLi0EEES2_S2_RNS0_IiLi0EEES4_S2_E19aggregated_fea_4_RAM_AUTO_1R1W' to 'compute_gcn_p_ZZL11compute_gcnRN3hls6streamIfLi0EEES2_S2_RNS0_IiLi0EEES4_S2_EShg' due to the length limit 80
INFO: [SYN 201-210] Renamed object name 'compute_gcn_p_ZZL11compute_gcnRN3hls6streamIfLi0EEES2_S2_RNS0_IiLi0EEES4_S2_E19aggregated_fea_3_RAM_AUTO_1R1W' to 'compute_gcn_p_ZZL11compute_gcnRN3hls6streamIfLi0EEES2_S2_RNS0_IiLi0EEES4_S2_EThq' due to the length limit 80
INFO: [SYN 201-210] Renamed object name 'compute_gcn_p_ZZL11compute_gcnRN3hls6streamIfLi0EEES2_S2_RNS0_IiLi0EEES4_S2_E19aggregated_fea_2_RAM_AUTO_1R1W' to 'compute_gcn_p_ZZL11compute_gcnRN3hls6streamIfLi0EEES2_S2_RNS0_IiLi0EEES4_S2_EUhA' due to the length limit 80
INFO: [SYN 201-210] Renamed object name 'compute_gcn_p_ZZL11compute_gcnRN3hls6streamIfLi0EEES2_S2_RNS0_IiLi0EEES4_S2_E19aggregated_fea_1_RAM_AUTO_1R1W' to 'compute_gcn_p_ZZL11compute_gcnRN3hls6streamIfLi0EEES2_S2_RNS0_IiLi0EEES4_S2_EVhK' due to the length limit 80
INFO: [SYN 201-210] Renamed object name 'compute_gcn_p_ZZL11compute_gcnRN3hls6streamIfLi0EEES2_S2_RNS0_IiLi0EEES4_S2_E19aggregated_fea_RAM_AUTO_1R1W' to 'compute_gcn_p_ZZL11compute_gcnRN3hls6streamIfLi0EEES2_S2_RNS0_IiLi0EEES4_S2_EWhU' due to the length limit 80
INFO: [RTGEN 206-104] Estimated max fanout for 'compute_gcn' is 6028 from HDL expression: (1'b1 == ap_CS_fsm_state10)
INFO: [RTGEN 206-100] Generating core module 'fadd_32ns_32ns_32_5_full_dsp_1': 32 instance(s).
INFO: [RTGEN 206-100] Generating core module 'fmul_32ns_32ns_32_4_max_dsp_1': 32 instance(s).
INFO: [RTGEN 206-100] Finished creating RTL model for 'compute_gcn'.
INFO: [RTMG 210-278] Implementing memory 'gnn_compute_gcn_compute_gcn_stream_stream_stream_stream_stream_stream_h_in_buf_9_bkb' using auto RAMs.
INFO: [RTMG 210-278] Implementing memory 'gnn_compute_gcn_compute_gcn_stream_stream_stream_stream_stream_stream_float_0_w_brcU' using auto RAMs.
INFO: [RTMG 210-278] Implementing memory 'gnn_compute_gcn_adj_val_buf_RAM_AUTO_1R1W' using auto RAMs.
INFO: [RTMG 210-278] Implementing memory 'gnn_compute_gcn_adj_col_buf_RAM_AUTO_1R1W' using auto RAMs.
INFO: [RTMG 210-278] Implementing memory 'gnn_compute_gcn_adj_row_buf_RAM_AUTO_1R1W' using auto RAMs.
INFO: [RTMG 210-278] Implementing memory 'gnn_compute_gcn_compute_gcn_stream_stream_stream_stream_stream_stream_aggregated_Hfu' using auto RAMs.
INFO: [HLS 200-111] Finished Creating RTL model: CPU user time: 138.13 seconds. CPU system time: 1.99 seconds. Elapsed time: 147.54 seconds; current allocated memory: 4.321 GB.
INFO: [HLS 200-10] ----------------------------------------------------------------
INFO: [HLS 200-10] -- Generating RTL for module 'store_result' 
INFO: [HLS 200-10] ----------------------------------------------------------------
INFO: [HLS 200-1030] Apply Unified Pipeline Control on module 'store_result' pipeline 'VITIS_LOOP_129_1_VITIS_LOOP_130_2' pipeline type 'loop pipeline'
INFO: [RTGEN 206-100] Finished creating RTL model for 'store_result'.
INFO: [HLS 200-111] Finished Creating RTL model: CPU user time: 13.2 seconds. CPU system time: 0.95 seconds. Elapsed time: 17.78 seconds; current allocated memory: 4.809 GB.
INFO: [HLS 200-10] ----------------------------------------------------------------
INFO: [HLS 200-10] -- Generating RTL for module 'gnn' 
INFO: [HLS 200-10] ----------------------------------------------------------------
WARNING: [RTGEN 206-101] Design contains AXI ports. Reset is fixed to synchronous and active low.
INFO: [RTGEN 206-500] Setting interface mode on port 'gnn/gmem0' to 'm_axi'.
INFO: [RTGEN 206-500] Setting interface mode on port 'gnn/gmem1' to 'm_axi'.
INFO: [RTGEN 206-500] Setting interface mode on port 'gnn/gmem2' to 'm_axi'.
INFO: [RTGEN 206-500] Setting interface mode on port 'gnn/gmem3' to 'm_axi'.
INFO: [RTGEN 206-500] Setting interface mode on port 'gnn/h_in' to 's_axilite & ap_none'.
INFO: [RTGEN 206-500] Setting interface mode on port 'gnn/w' to 's_axilite & ap_none'.
INFO: [RTGEN 206-500] Setting interface mode on port 'gnn/adj_values' to 's_axilite & ap_none'.
INFO: [RTGEN 206-500] Setting interface mode on port 'gnn/adj_col_indices' to 's_axilite & ap_none'.
INFO: [RTGEN 206-500] Setting interface mode on port 'gnn/adj_row_ptr' to 's_axilite & ap_none'.
INFO: [RTGEN 206-500] Setting interface mode on port 'gnn/h_out' to 's_axilite & ap_none'.
INFO: [RTGEN 206-500] Setting interface mode on function 'gnn' to 's_axilite & ap_ctrl_chain'.
INFO: [RTGEN 206-100] Bundling port 'h_in', 'w', 'adj_values', 'adj_col_indices', 'adj_row_ptr', 'h_out' and 'return' to AXI-Lite port control.
INFO: [RTGEN 206-100] Finished creating RTL model for 'gnn'.
INFO: [RTMG 210-285] Implementing FIFO 'h_out_c_U(gnn_fifo_w64_d4_S)' using Shift Registers.
INFO: [RTMG 210-285] Implementing FIFO 'h_in_stream_U(gnn_fifo_w32_d2_S)' using Shift Registers.
INFO: [RTMG 210-285] Implementing FIFO 'w_stream_U(gnn_fifo_w32_d2_S)' using Shift Registers.
INFO: [RTMG 210-285] Implementing FIFO 'adj_val_stream_U(gnn_fifo_w32_d2_S)' using Shift Registers.
INFO: [RTMG 210-285] Implementing FIFO 'adj_col_stream_U(gnn_fifo_w32_d2_S)' using Shift Registers.
INFO: [RTMG 210-285] Implementing FIFO 'adj_row_stream_U(gnn_fifo_w32_d2_S)' using Shift Registers.
INFO: [RTMG 210-285] Implementing FIFO 'h_out_stream_U(gnn_fifo_w32_d2_S)' using Shift Registers.
INFO: [RTMG 210-285] Implementing FIFO 'start_for_store_result_U0_U(gnn_start_for_store_result_U0)' using Shift Registers.
INFO: [RTMG 210-285] Implementing FIFO 'start_for_compute_gcn_U0_U(gnn_start_for_compute_gcn_U0)' using Shift Registers.
INFO: [HLS 200-111] Finished Creating RTL model: CPU user time: 0.25 seconds. CPU system time: 0.03 seconds. Elapsed time: 0.37 seconds; current allocated memory: 4.809 GB.
INFO: [HLS 200-111] Finished Generating all RTL models: CPU user time: 6.47 seconds. CPU system time: 0.32 seconds. Elapsed time: 8.55 seconds; current allocated memory: 4.827 GB.
INFO: [HLS 200-1603] Design has inferred MAXI bursts and missed bursts, see Vitis HLS GUI synthesis summary report for detailed information.
INFO: [HLS 200-111] Finished Updating report files: CPU user time: 5.8 seconds. CPU system time: 0.13 seconds. Elapsed time: 6.09 seconds; current allocated memory: 4.929 GB.
INFO: [VHDL 208-304] Generating VHDL RTL for gnn.
INFO: [VLOG 209-307] Generating Verilog RTL for gnn.
INFO: [HLS 200-790] **** Loop Constraint Status: All loop constraints were satisfied.
INFO: [HLS 200-789] **** Estimated Fmax: 240.81 MHz
INFO: [IMPL 213-8] Exporting RTL as a Vivado IP.

****** Vivado v2025.1 (64-bit)
  **** SW Build 6140274 on Wed May 21 22:58:25 MDT 2025
  **** IP Build 6138677 on Thu May 22 03:10:11 MDT 2025
  **** SharedData Build 6139179 on Tue May 20 17:58:58 MDT 2025
  **** Start of session at: Tue Nov 18 11:34:00 2025
    ** Copyright 1986-2022 Xilinx, Inc. All Rights Reserved.
    ** Copyright 2022-2025 Advanced Micro Devices, Inc. All Rights Reserved.

source run_ippack.tcl -notrace
INFO: calling package_hls_ip ip_types=vitis sysgen json_file=/home/sumit.k/gnn-inference-on-alveo-u50/build/hls/hls/hls_data.json outdir=/home/sumit.k/gnn-inference-on-alveo-u50/build/hls/hls/impl/ip srcdir=/home/sumit.k/gnn-inference-on-alveo-u50/build/hls/hls ippack_options_dict= ippack_options_dict=
INFO: Copied 1 ipmisc file(s) to /home/sumit.k/gnn-inference-on-alveo-u50/build/hls/hls/impl/ip/misc
INFO: Copied 50 verilog file(s) to /home/sumit.k/gnn-inference-on-alveo-u50/build/hls/hls/impl/ip/hdl/verilog
INFO: Copied 41 vhdl file(s) to /home/sumit.k/gnn-inference-on-alveo-u50/build/hls/hls/impl/ip/hdl/vhdl
INFO: Copied 10 swdriver file(s) to /home/sumit.k/gnn-inference-on-alveo-u50/build/hls/hls/impl/ip/drivers
Generating 3 subcores in /home/sumit.k/gnn-inference-on-alveo-u50/build/hls/hls/impl/ip/subcore_prj:
impl/misc/gnn_fadd_32ns_32ns_32_5_full_dsp_1_ip.tcl
impl/misc/gnn_fcmp_32ns_32ns_1_2_no_dsp_1_ip.tcl
impl/misc/gnn_fmul_32ns_32ns_32_4_max_dsp_1_ip.tcl
INFO: Using COE_DIR=/home/sumit.k/gnn-inference-on-alveo-u50/build/hls/hls/impl/ip/hdl/verilog
INFO: Generating gnn_fadd_32ns_32ns_32_5_full_dsp_1_ip via file impl/misc/gnn_fadd_32ns_32ns_32_5_full_dsp_1_ip.tcl
INFO: [IP_Flow 19-234] Refreshing IP repositories
INFO: [IP_Flow 19-1704] No user IP repositories specified
INFO: [IP_Flow 19-2313] Loaded Vivado IP repository '/home/Xilinx/2025.1/Vivado/data/ip'.
INFO: [IP_Flow 19-1686] Generating 'Synthesis' target for IP 'gnn_fadd_32ns_32ns_32_5_full_dsp_1_ip'...
INFO: [IP_Flow 19-1686] Generating 'Simulation' target for IP 'gnn_fadd_32ns_32ns_32_5_full_dsp_1_ip'...
INFO: Done generating gnn_fadd_32ns_32ns_32_5_full_dsp_1_ip via file impl/misc/gnn_fadd_32ns_32ns_32_5_full_dsp_1_ip.tcl
INFO: Generating gnn_fcmp_32ns_32ns_1_2_no_dsp_1_ip via file impl/misc/gnn_fcmp_32ns_32ns_1_2_no_dsp_1_ip.tcl
INFO: [IP_Flow 19-1686] Generating 'Synthesis' target for IP 'gnn_fcmp_32ns_32ns_1_2_no_dsp_1_ip'...
INFO: [IP_Flow 19-1686] Generating 'Simulation' target for IP 'gnn_fcmp_32ns_32ns_1_2_no_dsp_1_ip'...
INFO: Done generating gnn_fcmp_32ns_32ns_1_2_no_dsp_1_ip via file impl/misc/gnn_fcmp_32ns_32ns_1_2_no_dsp_1_ip.tcl
INFO: Generating gnn_fmul_32ns_32ns_32_4_max_dsp_1_ip via file impl/misc/gnn_fmul_32ns_32ns_32_4_max_dsp_1_ip.tcl
INFO: [IP_Flow 19-1686] Generating 'Synthesis' target for IP 'gnn_fmul_32ns_32ns_32_4_max_dsp_1_ip'...
INFO: [IP_Flow 19-1686] Generating 'Simulation' target for IP 'gnn_fmul_32ns_32ns_32_4_max_dsp_1_ip'...
INFO: Done generating gnn_fmul_32ns_32ns_32_4_max_dsp_1_ip via file impl/misc/gnn_fmul_32ns_32ns_32_4_max_dsp_1_ip.tcl
INFO: Found 1 unique subcore IP: xilinx.com:ip:floating_point:7.1
INFO: Copied 3 subcore files: /home/sumit.k/gnn-inference-on-alveo-u50/build/hls/hls/impl/ip/hdl/ip/gnn_fcmp_32ns_32ns_1_2_no_dsp_1_ip/gnn_fcmp_32ns_32ns_1_2_no_dsp_1_ip.xci /home/sumit.k/gnn-inference-on-alveo-u50/build/hls/hls/impl/ip/hdl/ip/gnn_fadd_32ns_32ns_32_5_full_dsp_1_ip/gnn_fadd_32ns_32ns_32_5_full_dsp_1_ip.xci /home/sumit.k/gnn-inference-on-alveo-u50/build/hls/hls/impl/ip/hdl/ip/gnn_fmul_32ns_32ns_32_4_max_dsp_1_ip/gnn_fmul_32ns_32ns_32_4_max_dsp_1_ip.xci
INFO: Import ports from HDL: /home/sumit.k/gnn-inference-on-alveo-u50/build/hls/hls/impl/ip/hdl/vhdl/gnn.vhd (gnn)
INFO: Add axi4lite interface s_axi_control
INFO: Add clock interface ap_clk
INFO: Add reset interface ap_rst_n
INFO: Add interrupt interface interrupt
INFO: [IP_Flow 19-234] Refreshing IP repositories
INFO: [IP_Flow 19-1704] No user IP repositories specified
INFO: [IP_Flow 19-2313] Loaded Vivado IP repository '/home/Xilinx/2025.1/Vivado/data/ip'.
INFO: Add axi4full interface m_axi_gmem0
INFO: Add axi4full interface m_axi_gmem1
INFO: Add axi4full interface m_axi_gmem2
INFO: Add axi4full interface m_axi_gmem3
INFO: Calling post_process_vitis to specialize IP
INFO: Calling post_process_sysgen to specialize IP
Generating sysgen info xml from json file
INFO: Created IP /home/sumit.k/gnn-inference-on-alveo-u50/build/hls/hls/impl/ip/component.xml
INFO: Created IP archive /home/sumit.k/gnn-inference-on-alveo-u50/build/hls/hls/impl/ip/xilinx_com_hls_gnn_1_0.zip
INFO: [Common 17-206] Exiting Vivado at Tue Nov 18 11:34:19 2025...
INFO: [HLS 200-802] Generated output file hls/gnn.zip
INFO: [HLS 200-112] Total CPU user time: 5896.19 seconds. Total CPU system time: 19.29 seconds. Total elapsed time: 5966.22 seconds; peak allocated memory: 4.929 GB.
INFO: [v++ 60-791] Total elapsed time: 1h 39m 31s
=== HLS Co-simulation ===
vitis-run --mode hls --cosim --config hls_csim.cfg --work_dir build/hls
application-specific initialization failed: Can't find a usable init.tcl in the following directories: 
    /tmp/pabuild/tcl8.6.13/lib/tcl8.6 /usr/lib/tcl8.6 /lib/tcl8.6 /usr/library /library /tcl8.6.13/library /tcl8.6.13/library



This probably means that Tcl wasn't installed properly.

application-specific initialization failed: Can't find a usable init.tcl in the following directories: 
    /tmp/pabuild/tcl8.6.13/lib/tcl8.6 /usr/lib/tcl8.6 /lib/tcl8.6 /usr/library /library /tcl8.6.13/library /tcl8.6.13/library



This probably means that Tcl wasn't installed properly.


****** vitis-run v2025.1 (64-bit)
  **** SW Build 6137779 on 2025-05-21-18:10:03
  **** Start of session at: Tue Nov 18 11:34:46 2025
    ** Copyright 1986-2022 Xilinx, Inc. All Rights Reserved.
    ** Copyright 2022-2025 Advanced Micro Devices, Inc. All Rights Reserved.

  **** HLS Build v2025.1 6135595
INFO: [HLS 200-2005] Using work_dir /home/sumit.k/gnn-inference-on-alveo-u50/build/hls 
INFO: [HLS 200-2006] Changing directory to /home/sumit.k/gnn-inference-on-alveo-u50/build
INFO: [HLS 200-2176] Writing Vitis IDE component file /home/sumit.k/gnn-inference-on-alveo-u50/build/hls/vitis-comp.json
INFO: [HLS 200-10] Creating and opening component '/home/sumit.k/gnn-inference-on-alveo-u50/build/hls'.
INFO: [HLS 200-1611] Setting target device to 'xcvu35p-fsvh2104-2L-e'
INFO: [HLS 200-1505] Using default flow_target 'vivado'
Resolution: For help on HLS 200-1505 see docs.xilinx.com/access/sources/dita/topic?Doc_Version=2025.1%20English&url=ug1448-hls-guidance&resourceid=200-1505.html
INFO: [HLS 200-2174] Applying component config ini file /home/sumit.k/gnn-inference-on-alveo-u50/hls_csim.cfg
WARNING: [HLS 200-1921] Skipping unknown config ini [hls] entry 'csim.profile=true' from /home/sumit.k/gnn-inference-on-alveo-u50/hls_csim.cfg(16)
INFO: [HLS 200-1465] Applying config ini 'syn.file=kernel/gnn_hls.cpp' from /home/sumit.k/gnn-inference-on-alveo-u50/hls_csim.cfg(8)
INFO: [HLS 200-10] Adding design file '/home/sumit.k/gnn-inference-on-alveo-u50/kernel/gnn_hls.cpp' to the project
INFO: [HLS 200-1465] Applying config ini 'tb.file=tb/gnn_test.cpp' from /home/sumit.k/gnn-inference-on-alveo-u50/hls_csim.cfg(12)
INFO: [HLS 200-10] Adding test bench file '/home/sumit.k/gnn-inference-on-alveo-u50/tb/gnn_test.cpp' to the project
INFO: [HLS 200-1465] Applying config ini 'syn.top=gnn' from /home/sumit.k/gnn-inference-on-alveo-u50/hls_csim.cfg(9)
INFO: [HLS 200-1465] Applying config ini 'flow_target=vitis' from /home/sumit.k/gnn-inference-on-alveo-u50/hls_csim.cfg(4)
INFO: [HLS 200-1505] Using flow_target 'vitis'
Resolution: For help on HLS 200-1505 see docs.xilinx.com/access/sources/dita/topic?Doc_Version=2025.1%20English&url=ug1448-hls-guidance&resourceid=200-1505.html
INFO: [HLS 200-435] Setting 'open_solution -flow_target vitis' configuration: config_interface -m_axi_latency=64
INFO: [HLS 200-435] Setting 'open_solution -flow_target vitis' configuration: config_interface -m_axi_alignment_byte_size=64
INFO: [HLS 200-435] Setting 'open_solution -flow_target vitis' configuration: config_interface -m_axi_max_widen_bitwidth=512
INFO: [HLS 200-435] Setting 'open_solution -flow_target vitis' configuration: config_rtl -register_reset_num=3
INFO: [HLS 200-1465] Applying config ini 'part=xcvu35p-fsvh2104-2L-e' from /home/sumit.k/gnn-inference-on-alveo-u50/hls_csim.cfg(1)
INFO: [HLS 200-1465] Applying config ini 'clock=5' from /home/sumit.k/gnn-inference-on-alveo-u50/hls_csim.cfg(5)
INFO: [SYN 201-201] Setting up clock 'default' with a period of 5ns.
INFO: [HLS 200-1465] Applying config ini 'csim.O=true' from /home/sumit.k/gnn-inference-on-alveo-u50/hls_csim.cfg(14)
INFO: [HLS 200-1907] Replacing 'config_csim -O=1' with 'config_sim -O=1' in current solution file
INFO: [HLS 200-1465] Applying config ini 'csim.clean=true' from /home/sumit.k/gnn-inference-on-alveo-u50/hls_csim.cfg(15)
INFO: [HLS 200-1907] Replacing 'config_csim -O=1' with 'config_sim -O=1' in current solution file
INFO: [HLS 200-2176] Writing Vitis IDE component file /home/sumit.k/gnn-inference-on-alveo-u50/build/hls/vitis-comp.json
WARNING: [HLS 200-626] This design is unable to schedule all read ports in the first II cycle. The RTL testbench may treat the design as non-pipelined
INFO: [COSIM 212-47] Using XSIM for RTL simulation.
INFO: [COSIM 212-14] Instrumenting C test bench ...
make[1]: Entering directory '/home/sumit.k/gnn-inference-on-alveo-u50/build/hls/hls/sim/wrapc'
   Build using "/home/Xilinx/2025.1/Vitis/lnx64/tools/vcxx/libexec//clang++"
   Compiling apatb_gnn.cpp
   Compiling gnn_hls.cpp_pre.cpp.tb.cpp
   Compiling gnn_test.cpp_pre.cpp.tb.cpp
   Compiling apatb_gnn_ir.ll
   Generating cosim.tv.exe
make[1]: Leaving directory '/home/sumit.k/gnn-inference-on-alveo-u50/build/hls/hls/sim/wrapc'
INFO: [COSIM 212-302] Starting C TB testing ... 
Info: Starting HLS C-Simulation Testbench...
Info: TB attempting to load data from data/cora...
Info: TB attempting to load data from ../data/cora...
Info: TB attempting to load data from ../../data/cora...
Info: TB attempting to load data from ../../../data/cora...
Info: TB attempting to load data from ../../../../data/cora...
Info: TB attempting to load data from ../../../../../data/cora...
Info: TB successfully loaded data from ../../../../../data/cora
Info: TB computing golden result...
Info: TB golden result computed.
Info: Calling HLS kernel function 'gnn'...
Info: HLS kernel function finished.
Error: Mismatch at index 2640
  HLS Result:   0.0334371
  Golden Result: 0.00113177
Error: Mismatch at index 2642
  HLS Result:   0.00193247
  Golden Result: 0
Error: Mismatch at index 2643
  HLS Result:   0.019143
  Golden Result: 0.065914
Error: Mismatch at index 2645
  HLS Result:   0.089137
  Golden Result: 0.062124
Error: Mismatch at index 2646
  HLS Result:   0.063604
  Golden Result: 0.0374171
Error: Mismatch at index 2647
  HLS Result:   0.104434
  Golden Result: 0.0375716
Error: Mismatch at index 2648
  HLS Result:   0.0093671
  Golden Result: 0
Error: Mismatch at index 2649
  HLS Result:   0.0782436
  Golden Result: 0
Error: Mismatch at index 2650
  HLS Result:   0
  Golden Result: 0.00811433
TEST FAILED with 56 mismatches.
INFO [HLS SIM]: The maximum depth reached by any hls::stream() instance in the design is 3880564
ERROR: [COSIM 212-359] Aborting co-simulation: C TB simulation failed, nonzero return value '1'.
ERROR: [COSIM 212-320] C TB testing failed, stop generating test vectors. Please check C TB or re-run cosim.
ERROR: [COSIM 212-5] *** C/RTL co-simulation file generation failed. ***
ERROR: [COSIM 212-4] *** C/RTL co-simulation finished: FAIL ***
ERROR: 
INFO: [HLS 200-112] Total CPU user time: 21.73 seconds. Total CPU system time: 3.27 seconds. Total elapsed time: 29.11 seconds; peak allocated memory: 626.730 MB.
make: *** [Makefile:47: cosim] Error 1