# 
# Steps log generated by v++
# This log file contains a collection of steps that describe the kernel compilation flow
# Note: Some steps are tagged as internal, these steps are for debugging purposes and 
#       are not expected to be able to run independently.
# 

# The following environment variables are set when running v++
Environment variables :
------------------------------------------
SHELL=/bin/bash
RDI_APPROOT=/home/Xilinx/2025.1/Vitis
PLATFORM=xilinx_u50_gen3x16_xdma_5_202210_1
RDI_JAVA_PLATFORM=
LANGUAGE=en_US:en
MAKE_TERMOUT=/dev/pts/7
XIL_SUPPRESS_OVERRIDE_WARNINGS=1
RDI_BINROOT=/home/Xilinx/2025.1/Vitis/bin
XILINX_VIVADO=/home/Xilinx/2025.1/Vivado
RDI_OPT_EXT=.o
RDI_INSTALLVER=Vitis
RDI_INSTALLROOT=/home/Xilinx
RDI_PATCHROOT=
MATLABPATH=/home/Xilinx/2025.1/Vitis/functional_suite/lib/matlab/mex:/home/Xilinx/2025.1/Vitis/functional_suite/varray/matlab:/home/Xilinx/2025.1/Vitis/functional_suite/vfs/matlab:/home/Xilinx/2025.1/Vitis/functional_suite/vfs/matlab/src:/home/Xilinx/2025.1/Vitis/functional_suite/common/matlab:/home/Xilinx/2025.1/Vitis/functional_suite/hil/matlab
XILINX_XRT=/opt/xilinx/xrt
XIL_NO_OVERRIDE=0
ENV=/usr/share/modules/init/profile.sh
RDI_LIBDIR=/home/Xilinx/2025.1/Vitis/lib/lnx64.o/Ubuntu/20:/home/Xilinx/2025.1/Vitis/lib/lnx64.o/Ubuntu:/home/Xilinx/2025.1/Vitis/lib/lnx64.o
PWD=/home/yashas.b/gnn-inference-on-alveo-u50/kernel
LOGNAME=yashas.b
_RDI_DONT_SET_XILINX_AS_PATH=True
MODULESHOME=/usr/share/modules
MANPATH=:
MAKEOVERRIDES=${-*-command-variables-*-}
RDI_PREPEND_PATH=/home/Xilinx/2025.1/Vitis/bin
XILINX_DSP=
MOTD_SHOWN=pam
HOME=/home/yashas.b
SYNTH_COMMON=/home/Xilinx/2025.1/Vitis/scripts/rt/data
LANG=en_US.UTF-8
PLATFORM_REPO_PATHS=/opt/xilinx/platforms
XILINX_HLS=/home/Xilinx/2025.1/Vitis
HDI_PROCESSOR=x86_64
RDI_BUILD=yes
RDI_PROG=/home/Xilinx/2025.1/Vitis/bin/unwrapped/lnx64.o/v++
SSH_CONNECTION=172.16.0.10 47382 172.16.0.18 22
RDI_SESSION_INFO=/home/yashas.b/gnn-inference-on-alveo-u50/kernel:node08_1763620485_1093769
RT_TCL_PATH=/home/Xilinx/2025.1/Vitis/scripts/rt/base_tcl/tcl
MFLAGS=-w
XILINX_SDK=/home/Xilinx/2025.1/Vitis
RDI_SHARED_DATA=/home/Xilinx/2025.1/SharedData/data
MODULEPATH_modshare=/etc/environment-modules/modules:1:/usr/share/modules/$MODULE_VERSION/modulefiles:1:/usr/share/modules/modulefiles:1:/usr/share/modules/versions:1
MAKEFLAGS=w -- EXTRA_FLAGS=-DTEST_MODE PLATFORM=xilinx_u50_gen3x16_xdma_5_202210_1 TARGET=hw_emu
EXTRA_FLAGS=-DTEST_MODE
PYTHONPATH=/home/Xilinx/2025.1/Vitis/functional_suite/vfs/python:/home/Xilinx/2025.1/Vitis/functional_suite/varray/python:/home/Xilinx/2025.1/Vitis/functional_suite/lib/python:/opt/xilinx/xrt/python
TERM=xterm-256color
USER=yashas.b
LIBRARY_PATH=/usr/lib/x86_64-linux-gnu
MAKE_TERMERR=/dev/pts/7
XILINX_PLANAHEAD=/home/Xilinx/2025.1/Vitis
RDI_BASEROOT=/home/Xilinx/2025.1
RDI_TPS_ROOT=/home/Xilinx/2025.1/Vivado/tps/lnx64
RDI_JAVA_VERSION=21.0.1_12
LOADEDMODULES=
RDI_DATADIR=/home/Xilinx/2025.1/SharedData/data:/home/Xilinx/2025.1/Vitis/data
SHLVL=3
BASH_ENV=/usr/share/modules/init/bash
MAKELEVEL=2
XIL_CHECK_TCL_DEBUG=False
SYSTEMPLATFORM=Ubuntu
LM_LICENSE_FILE=2100@rce.iiit.ac.in
LD_LIBRARY_PATH=/home/Xilinx/2025.1/Vitis/tps/lnx64/java-cef-95.0.4638.69/bin/lib/linux64:/home/Xilinx/2025.1/Vitis/lib/lnx64.o/Ubuntu/20:/home/Xilinx/2025.1/Vitis/lib/lnx64.o/Ubuntu:/home/Xilinx/2025.1/Vitis/lib/lnx64.o:/home/Xilinx/2025.1/Vitis/tps/lnx64/jre21.0.1_12/lib/:/home/Xilinx/2025.1/Vitis/tps/lnx64/jre21.0.1_12/lib//server:/home/Xilinx/2025.1/Vitis/lib/lnx64.o/Ubuntu/20:/home/Xilinx/2025.1/Vitis/lib/lnx64.o/Ubuntu:/home/Xilinx/2025.1/Vitis/lib/lnx64.o:/opt/xilinx/xrt/lib:/opt/xilinx/xrt/lib:
HDIPRELDPATH=/home/Xilinx/2025.1/Vitis/lib/lnx64.o/Ubuntu/20:/home/Xilinx/2025.1/Vitis/lib/lnx64.o/Ubuntu:/home/Xilinx/2025.1/Vitis/lib/lnx64.o:/opt/xilinx/xrt/lib:/opt/xilinx/xrt/lib:
TCMALLOC_LARGE_ALLOC_REPORT_THRESHOLD=4294967296
SSH_CLIENT=172.16.0.10 47382 22
TCL_LIBRARY=/home/Xilinx/2025.1/Vitis/tps/tcl/tcl8.6
LC_ALL=en_US.UTF-8
XDG_DATA_DIRS=/usr/local/share:/usr/share:/var/lib/snapd/desktop
PATH=/home/Xilinx/2025.1/Vivado/tps/lnx64/binutils-2.26/bin:/home/Xilinx/2025.1/Vitis/bin/../gnu/aarch64/lin/aarch64-linux/bin:/home/Xilinx/2025.1/Vitis/bin/../gnu/ppc64le/4.9.3/lnx64/bin:/home/Xilinx/2025.1/Vitis/bin/../gnu/aarch32/lin/gcc-arm-linux-gnueabi/bin:/home/Xilinx/2025.1/Vivado/tps/lnx64/gcc-8.3.0/bin:/home/Xilinx/2025.1/Vivado/gnu/microblaze/lin/bin:/home/Xilinx/2025.1/Vitis/bin:/home/Xilinx/2025.1/Vitis/tps/lnx64/jre21.0.1_12/bin:/home/Xilinx/2025.1/Model_Composer/bin:/home/Xilinx/DocNav:/home/Xilinx/2025.1/Vitis/gnu/microblaze/lin/bin:/home/Xilinx/2025.1/Vitis/gnu/microblaze/linux_toolchain/lin64_le/bin:/home/Xilinx/2025.1/Vitis/gnu/aarch32/lin/gcc-arm-linux-gnueabi/bin:/home/Xilinx/2025.1/Vitis/gnu/aarch32/lin/gcc-arm-none-eabi/bin:/home/Xilinx/2025.1/Vitis/gnu/aarch64/lin/aarch64-linux/bin:/home/Xilinx/2025.1/Vitis/gnu/aarch64/lin/aarch64-none/bin:/home/Xilinx/2025.1/Vitis/gnu/armr5/lin/gcc-arm-none-eabi/bin:/home/Xilinx/2025.1/Vitis/aietools/bin:/home/Xilinx/2025.1/Vitis/gnu/riscv/lin/riscv64-unknown-elf/bin:/home/Xilinx/2025.1/Vitis/functional_suite/hil:/home/Xilinx/2025.1/Vivado/bin:/opt/xilinx/xrt/bin:/home/yashas.b/.local/bin:/home/yashas.b/bin:/usr/local/sbin:/usr/local/bin:/usr/sbin:/usr/bin:/sbin:/bin:/usr/games:/usr/local/games:/snap/bin
RT_LIBPATH=/home/Xilinx/2025.1/Vitis/scripts/rt/data
MODULEPATH=/etc/environment-modules/modules:/usr/share/modules/versions:/usr/share/modules/$MODULE_VERSION/modulefiles:/usr/share/modules/modulefiles
HDI_APPROOT=/home/Xilinx/2025.1/Vitis
RDI_PLATFORM=lnx64
MYVIVADO=
SSH_TTY=/dev/pts/7
ISL_IOSTREAMS_RSA=/home/Xilinx/2025.1/Vitis/tps/isl
XILINX_VITIS=/home/Xilinx/2025.1/Vitis
OLDPWD=/home/Xilinx/2025.1/SharedData/data
TARGET=hw_emu
MODULES_CMD=/usr/lib/x86_64-linux-gnu/modulecmd.tcl
BASH_FUNC_switchml%%=() {  typeset swfound=1;
 if [ "${MODULES_USE_COMPAT_VERSION:-0}" = '1' ]; then
 typeset swname='main';
 if [ -e /usr/lib/x86_64-linux-gnu/modulecmd.tcl ]; then
 typeset swfound=0;
 unset MODULES_USE_COMPAT_VERSION;
 fi;
 else
 typeset swname='compatibility';
 if [ -e /usr/lib/x86_64-linux-gnu/modulecmd-compat ]; then
 typeset swfound=0;
 MODULES_USE_COMPAT_VERSION=1;
 export MODULES_USE_COMPAT_VERSION;
 fi;
 fi;
 if [ $swfound -eq 0 ]; then
 echo "Switching to Modules $swname version";
 source /usr/share/modules/init/bash;
 else
 echo "Cannot switch to Modules $swname version, command not found";
 return 1;
 fi
}
BASH_FUNC_module%%=() {  _module_raw "$@" 2>&1
}
BASH_FUNC__module_raw%%=() {  unset _mlshdbg;
 if [ "${MODULES_SILENT_SHELL_DEBUG:-0}" = '1' ]; then
 case "$-" in 
 *v*x*)
 set +vx;
 _mlshdbg='vx'
 ;;
 *v*)
 set +v;
 _mlshdbg='v'
 ;;
 *x*)
 set +x;
 _mlshdbg='x'
 ;;
 *)
 _mlshdbg=''
 ;;
 esac;
 fi;
 unset _mlre _mlIFS;
 if [ -n "${IFS+x}" ]; then
 _mlIFS=$IFS;
 fi;
 IFS=' ';
 for _mlv in ${MODULES_RUN_QUARANTINE:-};
 do
 if [ "${_mlv}" = "${_mlv##*[!A-Za-z0-9_]}" -a "${_mlv}" = "${_mlv#[0-9]}" ]; then
 if [ -n "`eval 'echo ${'$_mlv'+x}'`" ]; then
 _mlre="${_mlre:-}${_mlv}_modquar='`eval 'echo ${'$_mlv'}'`' ";
 fi;
 _mlrv="MODULES_RUNENV_${_mlv}";
 _mlre="${_mlre:-}${_mlv}='`eval 'echo ${'$_mlrv':-}'`' ";
 fi;
 done;
 if [ -n "${_mlre:-}" ]; then
 eval `eval ${_mlre}/usr/bin/tclsh8.6 /usr/lib/x86_64-linux-gnu/modulecmd.tcl bash '"$@"'`;
 else
 eval `/usr/bin/tclsh8.6 /usr/lib/x86_64-linux-gnu/modulecmd.tcl bash "$@"`;
 fi;
 _mlstatus=$?;
 if [ -n "${_mlIFS+x}" ]; then
 IFS=$_mlIFS;
 else
 unset IFS;
 fi;
 unset _mlre _mlv _mlrv _mlIFS;
 if [ -n "${_mlshdbg:-}" ]; then
 set -$_mlshdbg;
 fi;
 unset _mlshdbg;
 return $_mlstatus
}
_=/home/Xilinx/2025.1/Vitis/bin/unwrapped/lnx64.o/v++
XILINX_CD_CONNECT_ID=41325
XILINX_CD_SESSION=eb805ce8-603b-4833-9f34-8561831935d6


V++ command line:
------------------------------------------
/home/Xilinx/2025.1/Vitis/bin/unwrapped/lnx64.o/v++ -l -t hw_emu --platform xilinx_u50_gen3x16_xdma_5_202210_1 --config link.cfg -o build/gcn_layer_hls.hw_emu.xclbin build/gcn_layer_hls.hw_emu.xo 

FINAL PROGRAM OPTIONS
--advanced.param compiler.fallbackDdrRead=true
--config link.cfg
--connectivity.nk gnn:1:gnn_1
--connectivity.sp gnn_1.h_in:HBM[0]
--connectivity.sp gnn_1.h_out:HBM[0]
--connectivity.sp gnn_1.w:HBM[1]
--connectivity.sp gnn_1.adj_values:HBM[2]
--connectivity.sp gnn_1.adj_col_indices:HBM[3]
--connectivity.sp gnn_1.adj_row_ptr:HBM[3]
--input_files build/gcn_layer_hls.hw_emu.xo
--link
--optimize 0
--output build/gcn_layer_hls.hw_emu.xclbin
--platform xilinx_u50_gen3x16_xdma_5_202210_1
--report_level 0
--target hw_emu

PARSED COMMAND LINE OPTIONS
-l 
-t hw_emu 
--platform xilinx_u50_gen3x16_xdma_5_202210_1 
--config link.cfg 
-o build/gcn_layer_hls.hw_emu.xclbin 
build/gcn_layer_hls.hw_emu.xo 

PARSED CONFIG FILE (1) OPTIONS
file: link.cfg
connectivity.nk gnn:1:gnn_1 
connectivity.sp gnn_1.h_in:HBM[0] 
connectivity.sp gnn_1.h_out:HBM[0] 
connectivity.sp gnn_1.w:HBM[1] 
connectivity.sp gnn_1.adj_values:HBM[2] 
connectivity.sp gnn_1.adj_col_indices:HBM[3] 
connectivity.sp gnn_1.adj_row_ptr:HBM[3] 
advanced.param compiler.fallbackDdrRead=true 

EXPANDED PARAMETERS
From application of optMap.xml: 
 --vivado.prop "run.__KERNEL__.{STEPS.SYNTH_DESIGN.ARGS.MORE OPTIONS}={-directive sdx_optimization_effort_high}" --advanced.misc "report=type report_timing_summary name impl_report_timing_summary_route_design_summary steps {route_design} runs {impl_1} options {-max_paths 10}" --advanced.misc "report=type report_timing_summary name impl_report_timing_summary_post_route_phys_opt_design_summary steps {post_route_phys_opt_design} runs {impl_1} options {-max_paths 10}"


FINAL PLATFORM PATH
/opt/xilinx/platforms/xilinx_u50_gen3x16_xdma_5_202210_1/xilinx_u50_gen3x16_xdma_5_202210_1.xpfm

==========================================
new:  steps log generated by v++ for new launch 
timestamp: 20 Nov 2025 06:34:55
------------------------------------------
V++ internal step: generating xclbin xml file
timestamp: 20 Nov 2025 06:34:56
output: /home/yashas.b/gnn-inference-on-alveo-u50/kernel/_x/link/int/gcn_layer_hls.hw_emu.xml
------------------------------------------
step: running system_link
timestamp: 20 Nov 2025 06:34:56
cmd: /home/Xilinx/2025.1/Vitis/bin/system_link --xo /home/yashas.b/gnn-inference-on-alveo-u50/kernel/build/gcn_layer_hls.hw_emu.xo --config /home/yashas.b/gnn-inference-on-alveo-u50/kernel/_x/link/int/syslinkConfig.ini --xpfm /opt/xilinx/platforms/xilinx_u50_gen3x16_xdma_5_202210_1/xilinx_u50_gen3x16_xdma_5_202210_1.xpfm --target emu --output_dir /home/yashas.b/gnn-inference-on-alveo-u50/kernel/_x/link/int --temp_dir /home/yashas.b/gnn-inference-on-alveo-u50/kernel/_x/link/sys_link
system_link status: success
------------------------------------------
step: running cf2sw
timestamp: 20 Nov 2025 06:35:10
cmd: /home/Xilinx/2025.1/Vitis/bin/cf2sw -sdsl /home/yashas.b/gnn-inference-on-alveo-u50/kernel/_x/link/int/sdsl.dat -rtd /home/yashas.b/gnn-inference-on-alveo-u50/kernel/_x/link/int/cf2sw.rtd -nofilter /home/yashas.b/gnn-inference-on-alveo-u50/kernel/_x/link/int/cf2sw_full.rtd -xclbin /home/yashas.b/gnn-inference-on-alveo-u50/kernel/_x/link/int/xclbin_orig.xml -o /home/yashas.b/gnn-inference-on-alveo-u50/kernel/_x/link/int/xclbin_orig.1.xml
cf2sw status: success
------------------------------------------
step: running rtd2_system_diagram
timestamp: 20 Nov 2025 06:35:13
cmd: rtd2SystemDiagram
rtd2_system_diagram status: success
------------------------------------------
step: running vpl
timestamp: 20 Nov 2025 06:35:14
cmd: /home/Xilinx/2025.1/Vitis/bin/vpl -t hw_emu -f xilinx_u50_gen3x16_xdma_5_202210_1 --remote_ip_cache /home/yashas.b/gnn-inference-on-alveo-u50/kernel/.ipcache --output_dir /home/yashas.b/gnn-inference-on-alveo-u50/kernel/_x/link/int --log_dir /home/yashas.b/gnn-inference-on-alveo-u50/kernel/_x/logs/link --report_dir /home/yashas.b/gnn-inference-on-alveo-u50/kernel/_x/reports/link --config /home/yashas.b/gnn-inference-on-alveo-u50/kernel/_x/link/int/vplConfig.ini -k /home/yashas.b/gnn-inference-on-alveo-u50/kernel/_x/link/int/kernel_info.dat --webtalk_flag Vitis --temp_dir /home/yashas.b/gnn-inference-on-alveo-u50/kernel/_x/link --emulation_mode debug_waveform --no-info --iprepo /home/yashas.b/gnn-inference-on-alveo-u50/kernel/_x/link/int/xo/ip_repo/xilinx_com_hls_gnn_1_0 --messageDb /home/yashas.b/gnn-inference-on-alveo-u50/kernel/_x/link/run_link/vpl.pb /home/yashas.b/gnn-inference-on-alveo-u50/kernel/_x/link/int/dr.bd.tcl
Vivado Log File: /home/yashas.b/gnn-inference-on-alveo-u50/kernel/_x/link/run_link/../vivado/vpl/vivado.log
file: vplConfig.ini
[advanced]
misc=report=type report_timing_summary name impl_report_timing_summary_route_design_summary steps {route_design} runs {impl_1} options {-max_paths 10}
misc=report=type report_timing_summary name impl_report_timing_summary_post_route_phys_opt_design_summary steps {post_route_phys_opt_design} runs {impl_1} options {-max_paths 10}
param=compiler.enablePerformanceTrace=1
param=compiler.fallbackDdrRead=true
param=compiler.vppCurrentWorkingDir=/home/yashas.b/gnn-inference-on-alveo-u50/kernel
misc=BinaryName=gcn_layer_hls.hw_emu
[connectivity]
nk=gnn:1:gnn_1
[vivado]
prop=run.__KERNEL__.{STEPS.SYNTH_DESIGN.ARGS.MORE OPTIONS}={-directive sdx_optimization_effort_high}

FINAL PROGRAM OPTIONS
--advanced.misc report=type report_timing_summary name impl_report_timing_summary_route_design_summary steps {route_design} runs {impl_1} options {-max_paths 10}
--advanced.misc report=type report_timing_summary name impl_report_timing_summary_post_route_phys_opt_design_summary steps {post_route_phys_opt_design} runs {impl_1} options {-max_paths 10}
--advanced.misc BinaryName=gcn_layer_hls.hw_emu
--advanced.param compiler.enablePerformanceTrace=1
--advanced.param compiler.fallbackDdrRead=true
--advanced.param compiler.vppCurrentWorkingDir=/home/yashas.b/gnn-inference-on-alveo-u50/kernel
--config /home/yashas.b/gnn-inference-on-alveo-u50/kernel/_x/link/int/vplConfig.ini
--connectivity.nk gnn:1:gnn_1
--emulation_mode debug_waveform
--input_file /home/yashas.b/gnn-inference-on-alveo-u50/kernel/_x/link/int/dr.bd.tcl
--iprepo /home/yashas.b/gnn-inference-on-alveo-u50/kernel/_x/link/int/xo/ip_repo/xilinx_com_hls_gnn_1_0
--kernels /home/yashas.b/gnn-inference-on-alveo-u50/kernel/_x/link/int/kernel_info.dat
--log_dir /home/yashas.b/gnn-inference-on-alveo-u50/kernel/_x/logs/link
--messageDb /home/yashas.b/gnn-inference-on-alveo-u50/kernel/_x/link/run_link/vpl.pb
--no-info
--output_dir /home/yashas.b/gnn-inference-on-alveo-u50/kernel/_x/link/int
--platform xilinx_u50_gen3x16_xdma_5_202210_1
--remote_ip_cache /home/yashas.b/gnn-inference-on-alveo-u50/kernel/.ipcache
--report_dir /home/yashas.b/gnn-inference-on-alveo-u50/kernel/_x/reports/link
--target hw_emu
--temp_dir /home/yashas.b/gnn-inference-on-alveo-u50/kernel/_x/link
--vivado.prop run.__KERNEL__.{STEPS.SYNTH_DESIGN.ARGS.MORE OPTIONS}={-directive sdx_optimization_effort_high}
--webtalk_flag Vitis

PARSED COMMAND LINE OPTIONS
-t hw_emu 
-f xilinx_u50_gen3x16_xdma_5_202210_1 
--remote_ip_cache /home/yashas.b/gnn-inference-on-alveo-u50/kernel/.ipcache 
--output_dir /home/yashas.b/gnn-inference-on-alveo-u50/kernel/_x/link/int 
--log_dir /home/yashas.b/gnn-inference-on-alveo-u50/kernel/_x/logs/link 
--report_dir /home/yashas.b/gnn-inference-on-alveo-u50/kernel/_x/reports/link 
--config /home/yashas.b/gnn-inference-on-alveo-u50/kernel/_x/link/int/vplConfig.ini 
-k /home/yashas.b/gnn-inference-on-alveo-u50/kernel/_x/link/int/kernel_info.dat 
--webtalk_flag Vitis 
--temp_dir /home/yashas.b/gnn-inference-on-alveo-u50/kernel/_x/link 
--emulation_mode debug_waveform 
--no-info 
--iprepo /home/yashas.b/gnn-inference-on-alveo-u50/kernel/_x/link/int/xo/ip_repo/xilinx_com_hls_gnn_1_0 
--messageDb /home/yashas.b/gnn-inference-on-alveo-u50/kernel/_x/link/run_link/vpl.pb 
/home/yashas.b/gnn-inference-on-alveo-u50/kernel/_x/link/int/dr.bd.tcl 

PARSED CONFIG FILE (1) OPTIONS
file: /home/yashas.b/gnn-inference-on-alveo-u50/kernel/_x/link/int/vplConfig.ini
advanced.misc report=type report_timing_summary name impl_report_timing_summary_route_design_summary steps {route_design} runs {impl_1} options {-max_paths 10} 
advanced.misc report=type report_timing_summary name impl_report_timing_summary_post_route_phys_opt_design_summary steps {post_route_phys_opt_design} runs {impl_1} options {-max_paths 10} 
advanced.param compiler.enablePerformanceTrace=1 
advanced.param compiler.fallbackDdrRead=true 
advanced.param compiler.vppCurrentWorkingDir=/home/yashas.b/gnn-inference-on-alveo-u50/kernel 
advanced.misc BinaryName=gcn_layer_hls.hw_emu 
connectivity.nk gnn:1:gnn_1 
vivado.prop run.__KERNEL__.{STEPS.SYNTH_DESIGN.ARGS.MORE OPTIONS}={-directive sdx_optimization_effort_high} 


   ------------------------------------------
   VPL internal step: generating ipirun.tcl for vivado
   timestamp: 20 Nov 2025 06:35:30
   -----------------------
   VPL internal step: source -notrace ./ipirun.tcl
   File: vpl.tcl:125
   Line computed from base: 122 offset: 3
   timestamp: 20 November 2025 06:35:39
   -----------------------
   VPL internal step: source scripts/_vivado_params.tcl
   File: vpl.tcl:140
   Line computed from base: 122 offset: 18
   timestamp: 20 November 2025 06:35:39
   -----------------------
  current step: vpl.create_project
   -----------------------
   VPL internal step: create_vivado_project
   Proc: ::ocl_util::create_vivado_project
   File: ocl_util.tcl:503
   timestamp: 20 November 2025 06:35:39
   -----------------------
   VPL internal step: source .local/hw_platform/tcl_hooks/dynamic_prelink.tcl
   File: vpl.tcl:1246
   timestamp: 20 November 2025 06:35:39
   -----------------------
   VPL internal step: source .local/hw_platform/prj/rebuild.tcl to create prj project
   File: /home/yashas.b/gnn-inference-on-alveo-u50/kernel/_x/link/vivado/vpl/.local/ocl_util.tcl:545
   timestamp: 20 November 2025 06:35:39
   -----------------------
  current step: vpl.create_bd
   -----------------------
   VPL internal step: update_ip_catalog
   File: /home/yashas.b/gnn-inference-on-alveo-u50/kernel/_x/link/vivado/vpl/.local/ocl_util.tcl:2426
   timestamp: 20 November 2025 06:36:42
   -----------------------
   VPL internal step: config_ip_cache -disable_cache
   File: /home/yashas.b/gnn-inference-on-alveo-u50/kernel/_x/link/vivado/vpl/.local/ocl_util.tcl:2432
   timestamp: 20 November 2025 06:36:45
   -----------------------
   VPL internal step: open_bd_design -auto_upgrade [get_files pfm_dynamic.bd]
   File: vpl.tcl:199
   timestamp: 20 November 2025 06:36:46
   -----------------------
   VPL internal step: report locked IPs
   File: /home/yashas.b/gnn-inference-on-alveo-u50/kernel/_x/link/vivado/vpl/.local/ocl_util.tcl:3143
   timestamp: 20 November 2025 06:36:55
   -----------------------
   VPL internal step: source .local/dr.bd.tcl
   File: vpl.tcl:224
   timestamp: 20 November 2025 06:37:00
   -----------------------
   VPL internal step: save_bd_design
   File: vpl.tcl:241
   timestamp: 20 November 2025 06:37:02
   -----------------------
   VPL internal step: updating kernel clocks
   File: vpl.tcl:263
   timestamp: 20 November 2025 06:37:02
   -----------------------
  current step: vpl.update_bd
   -----------------------
   VPL internal step: inserting profiling and debug cores
   File: vpl.tcl:292
   timestamp: 20 November 2025 06:37:02
   -----------------------
   VPL internal step: assign_bd_address
   File: vpl.tcl:304
   timestamp: 20 November 2025 06:37:02
   -----------------------
   VPL internal step: source .local/hw_platform/tcl_hooks/dynamic_postlink.tcl
   File: vpl.tcl:2243
   timestamp: 20 November 2025 06:37:02
   -----------------------
   VPL internal step: writing address_map.xml
   File: vpl.tcl:314
   timestamp: 20 November 2025 06:37:02
   -----------------------
   VPL internal step: collect BD interface connectivity and update compute units
   File: vpl.tcl:318
   timestamp: 20 November 2025 06:37:02
   -----------------------
   VPL internal step: save_bd_design
   File: vpl.tcl:321
   timestamp: 20 November 2025 06:37:02
   -----------------------
  current step: vpl.generate_target
   -----------------------
   VPL internal step: open_bd_design -auto_upgrade [get_files pfm_top.bd]
   File: vpl.tcl:350
   timestamp: 20 November 2025 06:37:02
   -----------------------
   VPL internal step: generate_target all [get_files pfm_top.bd]
   File: vpl.tcl:423
   timestamp: 20 November 2025 06:37:06
   -----------------------
   VPL internal step: collect clock information and write automation summary report
   File: vpl.tcl:437
   timestamp: 20 November 2025 06:38:06
   -----------------------
  current step: vpl.config_hw_emu.gen_scripts
   -----------------------
   VPL internal step: hw_emu_common_util::generate_simulation_scripts_only
   File: vpl.tcl:485
   timestamp: 20 November 2025 06:38:06
   -----------------------
   VPL internal step: creating /home/yashas.b/gnn-inference-on-alveo-u50/kernel/_x/link/int/_kernel_inst_paths.dat
   File: /home/yashas.b/gnn-inference-on-alveo-u50/kernel/_x/link/vivado/vpl/.local/ocl_util.tcl:2840
   timestamp: 20 November 2025 06:39:07
   -----------------------
  current step: vpl.config_hw_emu.compile
   -----------------------
   VPL internal step: hw_emu_common_util::compile_scripts_step
   File: vpl.tcl:514
   timestamp: 20 November 2025 06:39:08
   -----------------------
  current step: vpl.config_hw_emu.elaborate
   -----------------------
   VPL internal step: hw_emu_common_util::elaborate_scripts_step
   File: vpl.tcl:542
   timestamp: 20 November 2025 06:40:18
   VPL internal step status: success
vpl status: success
------------------------------------------
step: running rtdgen
timestamp: 20 Nov 2025 06:41:20
cmd: rtdgen
------------------------------------------
step: running cf2sw to update xclbin xml and generate rtd file (runtime data)
timestamp: 20 Nov 2025 06:41:20
cmd: cf2sw -a /home/yashas.b/gnn-inference-on-alveo-u50/kernel/_x/link/int/address_map.xml -sdsl /home/yashas.b/gnn-inference-on-alveo-u50/kernel/_x/link/int/sdsl.dat -xclbin /home/yashas.b/gnn-inference-on-alveo-u50/kernel/_x/link/int/xclbin_orig.xml -rtd /home/yashas.b/gnn-inference-on-alveo-u50/kernel/_x/link/int/gcn_layer_hls.hw_emu.rtd -o /home/yashas.b/gnn-inference-on-alveo-u50/kernel/_x/link/int/gcn_layer_hls.hw_emu.xml
V++ internal step status: success
------------------------------------------
V++ internal step: generating waveform config (wcfg) file
timestamp: 20 Nov 2025 06:41:23
------------------------------------------
V++ internal step: generating data mining script
timestamp: 20 Nov 2025 06:41:23
------------------------------------------
V++ internal step: appending waveform simulation directory to system emulation file
timestamp: 20 Nov 2025 06:41:23
------------------------------------------
step: running writeSystemDiagram to update system diagram with slr and base address info.
timestamp: 20 Nov 2025 06:41:27
cmd: writeSystemDiagram
V++ internal step status: success
------------------------------------------
step: running writeAutomationSummary to write automation summary report
timestamp: 20 Nov 2025 06:41:27
cmd: writeAutomationSummary
V++ internal step status: success
rtdgen status: success
------------------------------------------
step: running xclbinutil
timestamp: 20 Nov 2025 06:41:27
cmd: /home/Xilinx/2025.1/Vitis/bin/xclbinutil --add-section BITSTREAM:RAW:/home/yashas.b/gnn-inference-on-alveo-u50/kernel/_x/link/int/behav.xse --force --target hw_emu --key-value SYS:dfx_enable:false --add-section :JSON:/home/yashas.b/gnn-inference-on-alveo-u50/kernel/_x/link/int/gcn_layer_hls.hw_emu.rtd --add-section CLOCK_FREQ_TOPOLOGY:JSON:/home/yashas.b/gnn-inference-on-alveo-u50/kernel/_x/link/int/gcn_layer_hls.hw_emu_xml.rtd --add-section BUILD_METADATA:JSON:/home/yashas.b/gnn-inference-on-alveo-u50/kernel/_x/link/int/gcn_layer_hls.hw_emu_build.rtd --add-section EMBEDDED_METADATA:RAW:/home/yashas.b/gnn-inference-on-alveo-u50/kernel/_x/link/int/gcn_layer_hls.hw_emu.xml --add-section SYSTEM_METADATA:RAW:/home/yashas.b/gnn-inference-on-alveo-u50/kernel/_x/link/int/systemDiagramModelSlrBaseAddress.json --key-value SYS:PlatformVBNV:xilinx_u50_gen3x16_xdma_5_202210_1 --output /home/yashas.b/gnn-inference-on-alveo-u50/kernel/build/gcn_layer_hls.hw_emu.xclbin
xclbinutil status: success
------------------------------------------
step: running xclbinutilinfo
timestamp: 20 Nov 2025 06:41:28
cmd: /home/Xilinx/2025.1/Vitis/bin/xclbinutil --quiet --force --info /home/yashas.b/gnn-inference-on-alveo-u50/kernel/build/gcn_layer_hls.hw_emu.xclbin.info --input /home/yashas.b/gnn-inference-on-alveo-u50/kernel/build/gcn_layer_hls.hw_emu.xclbin
xclbinutilinfo status: success
------------------------------------------
hw emulation completed
timestamp: 20 Nov 2025 06:41:29
------------------------------------------
V++ internal step: generating system estimate report file
timestamp: 20 Nov 2025 06:41:29
output: /home/yashas.b/gnn-inference-on-alveo-u50/kernel/_x/reports/link/system_estimate_gcn_layer_hls.hw_emu.xtxt
V++ internal step status: success
------------------------------------------
system estimate report task completed
timestamp: 20 Nov 2025 06:41:29
