INFO: [v++ 60-1306] Additional information associated with this v++ compile can be found at:
	Reports: /home/sumit.k/gnn-inference-on-alveo-u50/kernel/_x/reports/gcn_layer_hls.hw_emu
	Log files: /home/sumit.k/gnn-inference-on-alveo-u50/kernel/_x/logs/gcn_layer_hls.hw_emu
INFO: [v++ 60-1548] Creating build summary session with primary output /home/sumit.k/gnn-inference-on-alveo-u50/kernel/build/gcn_layer_hls.hw_emu.xo.compile_summary, at Thu Nov 20 10:54:56 2025
INFO: [v++ 60-1315] Creating rulecheck session with output '/home/sumit.k/gnn-inference-on-alveo-u50/kernel/_x/reports/gcn_layer_hls.hw_emu/v++_compile_gcn_layer_hls.hw_emu_guidance.html', at Thu Nov 20 10:54:56 2025
INFO: [v++ 60-895]   Target platform: /opt/xilinx/platforms/xilinx_u50_gen3x16_xdma_5_202210_1/xilinx_u50_gen3x16_xdma_5_202210_1.xpfm
INFO: [v++ 60-1578]   This platform contains Xilinx Shell Archive '/opt/xilinx/platforms/xilinx_u50_gen3x16_xdma_5_202210_1/hw/hw.xsa'
INFO: [v++ 74-78] Compiler Version string: 2025.1
INFO: [v++ 60-1302] Platform 'xilinx_u50_gen3x16_xdma_5_202210_1.xpfm' has been explicitly enabled for this release.
INFO: [v++ 60-585] Compiling for hardware emulation target
INFO: [v++ 60-423]   Target device: xilinx_u50_gen3x16_xdma_5_202210_1
INFO: [v++ 60-242] Creating kernel: 'gnn'

===>The following messages were generated while  performing high-level synthesis for kernel: gnn Log file: /home/sumit.k/gnn-inference-on-alveo-u50/kernel/_x/gcn_layer_hls.hw_emu/gnn/vitis_hls.log :
INFO: [v++ 204-61] Pipelining loop 'load_h_in'.
INFO: [v++ 200-1470] Pipelining result : Target II = 1, Final II = 1, Depth = 3, loop 'load_h_in'
INFO: [v++ 204-61] Pipelining loop 'load_w'.
INFO: [v++ 200-1470] Pipelining result : Target II = 1, Final II = 1, Depth = 3, loop 'load_w'
INFO: [v++ 204-61] Pipelining loop 'load_adj'.
INFO: [v++ 200-1470] Pipelining result : Target II = 1, Final II = 1, Depth = 3, loop 'load_adj'
INFO: [v++ 204-61] Pipelining loop 'load_row'.
INFO: [v++ 200-1470] Pipelining result : Target II = 1, Final II = 1, Depth = 75, loop 'load_row'
INFO: [v++ 204-61] Pipelining loop 'read_h_in_VITIS_LOOP_82_1'.
INFO: [v++ 200-1470] Pipelining result : Target II = NA, Final II = 1, Depth = 3, loop 'read_h_in_VITIS_LOOP_82_1'
INFO: [v++ 204-61] Pipelining loop 'read_w_VITIS_LOOP_91_2'.
INFO: [v++ 200-1470] Pipelining result : Target II = NA, Final II = 1, Depth = 3, loop 'read_w_VITIS_LOOP_91_2'
INFO: [v++ 204-61] Pipelining loop 'read_adj'.
INFO: [v++ 200-1470] Pipelining result : Target II = NA, Final II = 1, Depth = 2, loop 'read_adj'
INFO: [v++ 204-61] Pipelining loop 'read_row'.
INFO: [v++ 200-1470] Pipelining result : Target II = NA, Final II = 1, Depth = 2, loop 'read_row'
INFO: [v++ 204-61] Pipelining loop 'init_agg_VITIS_LOOP_120_3'.
INFO: [v++ 200-1470] Pipelining result : Target II = NA, Final II = 1, Depth = 3, loop 'init_agg_VITIS_LOOP_120_3'
INFO: [v++ 204-61] Pipelining loop 'VITIS_LOOP_134_4'.
INFO: [v++ 200-1470] Pipelining result : Target II = NA, Final II = 1, Depth = 3, loop 'VITIS_LOOP_134_4'
INFO: [v++ 204-61] Pipelining loop 'spmm_neighbors_pe'.
WARNING: [v++ 200-885] The II Violation in module 'compute_gcn_Pipeline_spmm_neighbors_pe' (loop 'spmm_neighbors_pe'): Unable to schedule 'load' operation 16 bit ('feat', /home/sumit.k/gnn-inference-on-alveo-u50/kernel/gnn_hls.cpp:168) on array 'h_in_buf' due to limited memory ports (II = 2). Please consider using a memory core with more ports or partitioning the array 'h_in_buf'.
Resolution: For help on HLS 200-885 see docs.xilinx.com/access/sources/dita/topic?Doc_Version=2025.1%20English&url=ug1448-hls-guidance&resourceid=200-885.html
WARNING: [v++ 200-885] The II Violation in module 'compute_gcn_Pipeline_spmm_neighbors_pe' (loop 'spmm_neighbors_pe'): Unable to schedule 'load' operation 16 bit ('feat', /home/sumit.k/gnn-inference-on-alveo-u50/kernel/gnn_hls.cpp:168) on array 'h_in_buf' due to limited memory ports (II = 3). Please consider using a memory core with more ports or partitioning the array 'h_in_buf'.
Resolution: For help on HLS 200-885 see docs.xilinx.com/access/sources/dita/topic?Doc_Version=2025.1%20English&url=ug1448-hls-guidance&resourceid=200-885.html
WARNING: [v++ 200-885] The II Violation in module 'compute_gcn_Pipeline_spmm_neighbors_pe' (loop 'spmm_neighbors_pe'): Unable to schedule 'load' operation 16 bit ('feat', /home/sumit.k/gnn-inference-on-alveo-u50/kernel/gnn_hls.cpp:168) on array 'h_in_buf' due to limited memory ports (II = 4). Please consider using a memory core with more ports or partitioning the array 'h_in_buf'.
Resolution: For help on HLS 200-885 see docs.xilinx.com/access/sources/dita/topic?Doc_Version=2025.1%20English&url=ug1448-hls-guidance&resourceid=200-885.html
WARNING: [v++ 200-885] The II Violation in module 'compute_gcn_Pipeline_spmm_neighbors_pe' (loop 'spmm_neighbors_pe'): Unable to schedule 'load' operation 16 bit ('feat', /home/sumit.k/gnn-inference-on-alveo-u50/kernel/gnn_hls.cpp:168) on array 'h_in_buf' due to limited memory ports (II = 11). Please consider using a memory core with more ports or partitioning the array 'h_in_buf'.
Resolution: For help on HLS 200-885 see docs.xilinx.com/access/sources/dita/topic?Doc_Version=2025.1%20English&url=ug1448-hls-guidance&resourceid=200-885.html
WARNING: [v++ 200-885] The II Violation in module 'compute_gcn_Pipeline_spmm_neighbors_pe' (loop 'spmm_neighbors_pe'): Unable to schedule 'load' operation 16 bit ('feat', /home/sumit.k/gnn-inference-on-alveo-u50/kernel/gnn_hls.cpp:168) on array 'h_in_buf' due to limited memory ports (II = 15). Please consider using a memory core with more ports or partitioning the array 'h_in_buf'.
Resolution: For help on HLS 200-885 see docs.xilinx.com/access/sources/dita/topic?Doc_Version=2025.1%20English&url=ug1448-hls-guidance&resourceid=200-885.html
INFO: [v++ 200-1470] Pipelining result : Target II = NA, Final II = 16, Depth = 22, loop 'spmm_neighbors_pe'
INFO: [v++ 204-61] Pipelining loop 'init_acc'.
INFO: [v++ 200-1470] Pipelining result : Target II = NA, Final II = 1, Depth = 1, loop 'init_acc'
INFO: [v++ 204-61] Pipelining loop 'VITIS_LOOP_209_6_VITIS_LOOP_211_7'.
WARNING: [v++ 200-885] The II Violation in module 'compute_gcn_Pipeline_VITIS_LOOP_209_6_VITIS_LOOP_211_7' (loop 'VITIS_LOOP_209_6_VITIS_LOOP_211_7'): Unable to schedule 'load' operation 16 bit ('w_buf_load_3', /home/sumit.k/gnn-inference-on-alveo-u50/kernel/gnn_hls.cpp:222) on array 'w_buf' due to limited memory ports (II = 2). Please consider using a memory core with more ports or partitioning the array 'w_buf'.
Resolution: For help on HLS 200-885 see docs.xilinx.com/access/sources/dita/topic?Doc_Version=2025.1%20English&url=ug1448-hls-guidance&resourceid=200-885.html
WARNING: [v++ 200-885] The II Violation in module 'compute_gcn_Pipeline_VITIS_LOOP_209_6_VITIS_LOOP_211_7' (loop 'VITIS_LOOP_209_6_VITIS_LOOP_211_7'): Unable to schedule 'load' operation 16 bit ('w_buf_load_5', /home/sumit.k/gnn-inference-on-alveo-u50/kernel/gnn_hls.cpp:222) on array 'w_buf' due to limited memory ports (II = 3). Please consider using a memory core with more ports or partitioning the array 'w_buf'.
Resolution: For help on HLS 200-885 see docs.xilinx.com/access/sources/dita/topic?Doc_Version=2025.1%20English&url=ug1448-hls-guidance&resourceid=200-885.html
WARNING: [v++ 200-885] The II Violation in module 'compute_gcn_Pipeline_VITIS_LOOP_209_6_VITIS_LOOP_211_7' (loop 'VITIS_LOOP_209_6_VITIS_LOOP_211_7'): Unable to schedule 'load' operation 16 bit ('w_buf_load_7', /home/sumit.k/gnn-inference-on-alveo-u50/kernel/gnn_hls.cpp:222) on array 'w_buf' due to limited memory ports (II = 4). Please consider using a memory core with more ports or partitioning the array 'w_buf'.
Resolution: For help on HLS 200-885 see docs.xilinx.com/access/sources/dita/topic?Doc_Version=2025.1%20English&url=ug1448-hls-guidance&resourceid=200-885.html
WARNING: [v++ 200-885] The II Violation in module 'compute_gcn_Pipeline_VITIS_LOOP_209_6_VITIS_LOOP_211_7' (loop 'VITIS_LOOP_209_6_VITIS_LOOP_211_7'): Unable to schedule 'load' operation 16 bit ('w_buf_load_13', /home/sumit.k/gnn-inference-on-alveo-u50/kernel/gnn_hls.cpp:222) on array 'w_buf' due to limited memory ports (II = 7). Please consider using a memory core with more ports or partitioning the array 'w_buf'.
Resolution: For help on HLS 200-885 see docs.xilinx.com/access/sources/dita/topic?Doc_Version=2025.1%20English&url=ug1448-hls-guidance&resourceid=200-885.html
INFO: [v++ 200-1470] Pipelining result : Target II = NA, Final II = 8, Depth = 13, loop 'VITIS_LOOP_209_6_VITIS_LOOP_211_7'
INFO: [v++ 204-61] Pipelining loop 'gemm_write'.
INFO: [v++ 200-1470] Pipelining result : Target II = NA, Final II = 1, Depth = 6, loop 'gemm_write'
INFO: [v++ 204-61] Pipelining loop 'VITIS_LOOP_269_1_VITIS_LOOP_271_2'.
INFO: [v++ 200-1470] Pipelining result : Target II = 1, Final II = 1, Depth = 72, loop 'VITIS_LOOP_269_1_VITIS_LOOP_271_2'
INFO: [v++ 200-790] **** Loop Constraint Status: All loop constraints were NOT satisfied.
INFO: [v++ 200-789] **** Estimated Fmax: 411.00 MHz
INFO: [v++ 60-594] Finished kernel compilation
INFO: [v++ 60-244] Generating system estimate report...
INFO: [v++ 60-1092] Generated system estimate report: /home/sumit.k/gnn-inference-on-alveo-u50/kernel/_x/reports/gcn_layer_hls.hw_emu/system_estimate_gcn_layer_hls.hw_emu.xtxt
INFO: [v++ 60-586] Created build/gcn_layer_hls.hw_emu.xo
INFO: [v++ 60-2343] Use the Vitis Unified IDE to visualize and navigate the reports. Run the following command. 
    vitis --analyze /home/sumit.k/gnn-inference-on-alveo-u50/kernel/build/gcn_layer_hls.hw_emu.xo.compile_summary 
INFO: [v++ 60-791] Total elapsed time: 0h 1m 24s
INFO: [v++ 60-1653] Closing dispatch client.
