Thu Nov 20 10:54:55 2025: Running xcd server. This server was built by gradle.
Thu Nov 20 10:54:55 2025: Server was asked to start on port: '44235'
Thu Nov 20 10:54:55 2025: Server is using token UUID: '0ddebc47-431a-43a8-a322-9e8e3c6178bb'
Thu Nov 20 10:54:55 2025: SESSION_MGR: creating session with session uuid: '6d04a3e9-ade5-4ab9-8d63-1f78fcd2ec76' and name 'default'
Thu Nov 20 10:54:55 2025: Attempting to start server on port '44235'
Thu Nov 20 10:54:55 2025: XCD main fifo: created main fifo '/tmp/xcdmain0ddebc47-431a-43a8-a322-9e8e3c6178bb', fd read = 12
Thu Nov 20 10:54:55 2025: Running Dispatch Server
Thu Nov 20 10:54:55 2025: Version 2.2.0
Thu Nov 20 10:54:56 2025: Dispatch Server: Accepted socket connection from client
Thu Nov 20 10:54:56 2025: Starting Socket connection
Thu Nov 20 10:54:56 2025: EXCHANGE_TOKEN received, server token: 0ddebc47-431a-43a8-a322-9e8e3c6178bb, passed token: 0ddebc47-431a-43a8-a322-9e8e3c6178bb
Thu Nov 20 10:54:56 2025: DISPATCH_HANDLER: Adding handler from function makeHandler in library libxv_system_diagram
Thu Nov 20 10:54:56 2025: SESSION_MGR: creating session with session uuid: '01338105-bde5-4b0e-a6f1-46077ef300f0' and name 'v++_compile_gcn_layer_hls.hw_emu'
Thu Nov 20 10:54:56 2025: KERNEL_SVC: creating session with uuid: '01338105-bde5-4b0e-a6f1-46077ef300f0' and name 'v++_compile_gcn_layer_hls.hw_emu'
Thu Nov 20 10:54:56 2025: GUIDANCE_SMGR: creating guidance session with uuid: '01338105-bde5-4b0e-a6f1-46077ef300f0' and name 'v++_compile_gcn_layer_hls.hw_emu'
Thu Nov 20 10:54:56 2025: SYSTEM_DIAGRAM: creating session with uuid: '01338105-bde5-4b0e-a6f1-46077ef300f0' and name 'v++_compile_gcn_layer_hls.hw_emu'
Thu Nov 20 10:56:17 2025: SESSION_MGR: closing session for UUID '01338105-bde5-4b0e-a6f1-46077ef300f0' with name 'v++_compile_gcn_layer_hls.hw_emu'
Thu Nov 20 10:56:17 2025: KERNEL_SVC: closing session for UUID '01338105-bde5-4b0e-a6f1-46077ef300f0' with name 'v++_compile_gcn_layer_hls.hw_emu'
Thu Nov 20 10:56:17 2025: GUIDANCE_SMGR: closing session for UUID '01338105-bde5-4b0e-a6f1-46077ef300f0' with name 'v++_compile_gcn_layer_hls.hw_emu'
Thu Nov 20 10:56:17 2025: SYSTEM_DIAGRAM: closing session for UUID '01338105-bde5-4b0e-a6f1-46077ef300f0' with name 'v++_compile_gcn_layer_hls.hw_emu'
Thu Nov 20 10:56:17 2025: STOP_SERVER received, server token: 0ddebc47-431a-43a8-a322-9e8e3c6178bb, passed token: 0ddebc47-431a-43a8-a322-9e8e3c6178bb
Thu Nov 20 10:56:17 2025: Socket received request to stop server.
Thu Nov 20 10:56:17 2025: Dispatch Server: do_await_stop
Thu Nov 20 10:56:17 2025: Dispatch Server: stopping mainFifo_
Thu Nov 20 10:56:17 2025: XCD main fifo: Stopping
Thu Nov 20 10:56:17 2025: XCD main fifo: do_read error code: Operation canceled
Thu Nov 20 10:56:17 2025: XCD main fifo: bytes_transferred: 0
Thu Nov 20 10:56:17 2025: SERVER: destructor for server bound to port 44235
Thu Nov 20 10:56:17 2025: XCD main fifo: Good unlink of /tmp/xcdmain0ddebc47-431a-43a8-a322-9e8e3c6178bb
Thu Nov 20 10:56:17 2025: Server exiting with status 0.
Thu Nov 20 10:56:17 2025: Closing log file.
Thu Nov 20 10:56:21 2025: Running xcd server. This server was built by gradle.
Thu Nov 20 10:56:21 2025: Server was asked to start on port: '35353'
Thu Nov 20 10:56:21 2025: Server is using token UUID: '0fcac57b-3e42-412e-a22c-80c7a0a9d6a5'
Thu Nov 20 10:56:21 2025: SESSION_MGR: creating session with session uuid: '6d04a3e9-ade5-4ab9-8d63-1f78fcd2ec76' and name 'default'
Thu Nov 20 10:56:21 2025: Attempting to start server on port '35353'
Thu Nov 20 10:56:21 2025: XCD main fifo: created main fifo '/tmp/xcdmain0fcac57b-3e42-412e-a22c-80c7a0a9d6a5', fd read = 13
Thu Nov 20 10:56:21 2025: Running Dispatch Server
Thu Nov 20 10:56:21 2025: Version 2.2.0
Thu Nov 20 10:56:22 2025: Dispatch Server: Accepted socket connection from client
Thu Nov 20 10:56:22 2025: Starting Socket connection
Thu Nov 20 10:56:22 2025: EXCHANGE_TOKEN received, server token: 0fcac57b-3e42-412e-a22c-80c7a0a9d6a5, passed token: 0fcac57b-3e42-412e-a22c-80c7a0a9d6a5
Thu Nov 20 10:56:22 2025: DISPATCH_HANDLER: Adding handler from function makeHandler in library libxv_system_diagram
Thu Nov 20 10:56:22 2025: SESSION_MGR: creating session with session uuid: 'f7202895-9e7e-4cad-b85d-312eff278d1b' and name 'v++_link_gcn_layer_hls.hw_emu'
Thu Nov 20 10:56:22 2025: KERNEL_SVC: creating session with uuid: 'f7202895-9e7e-4cad-b85d-312eff278d1b' and name 'v++_link_gcn_layer_hls.hw_emu'
Thu Nov 20 10:56:22 2025: GUIDANCE_SMGR: creating guidance session with uuid: 'f7202895-9e7e-4cad-b85d-312eff278d1b' and name 'v++_link_gcn_layer_hls.hw_emu'
Thu Nov 20 10:56:22 2025: SYSTEM_DIAGRAM: creating session with uuid: 'f7202895-9e7e-4cad-b85d-312eff278d1b' and name 'v++_link_gcn_layer_hls.hw_emu'
Thu Nov 20 10:56:48 2025: Dispatch Server: Accepted socket connection from client
Thu Nov 20 10:56:48 2025: Starting Socket connection
Thu Nov 20 10:57:11 2025: Dispatch Server: Accepted socket connection from client
Thu Nov 20 10:57:11 2025: Starting Socket connection
Thu Nov 20 11:03:02 2025: SESSION_MGR: closing session for UUID 'f7202895-9e7e-4cad-b85d-312eff278d1b' with name 'v++_link_gcn_layer_hls.hw_emu'
Thu Nov 20 11:03:02 2025: KERNEL_SVC: closing session for UUID 'f7202895-9e7e-4cad-b85d-312eff278d1b' with name 'v++_link_gcn_layer_hls.hw_emu'
Thu Nov 20 11:03:02 2025: GUIDANCE_SMGR: closing session for UUID 'f7202895-9e7e-4cad-b85d-312eff278d1b' with name 'v++_link_gcn_layer_hls.hw_emu'
Thu Nov 20 11:03:02 2025: SYSTEM_DIAGRAM: closing session for UUID 'f7202895-9e7e-4cad-b85d-312eff278d1b' with name 'v++_link_gcn_layer_hls.hw_emu'
Thu Nov 20 11:03:02 2025: STOP_SERVER received, server token: 0fcac57b-3e42-412e-a22c-80c7a0a9d6a5, passed token: 0fcac57b-3e42-412e-a22c-80c7a0a9d6a5
Thu Nov 20 11:03:02 2025: Socket received request to stop server.
Thu Nov 20 11:03:02 2025: Dispatch Server: do_await_stop
Thu Nov 20 11:03:02 2025: Dispatch Server: stopping mainFifo_
Thu Nov 20 11:03:02 2025: XCD main fifo: Stopping
Thu Nov 20 11:03:02 2025: XCD main fifo: do_read error code: Operation canceled
Thu Nov 20 11:03:02 2025: XCD main fifo: bytes_transferred: 0
Thu Nov 20 11:03:02 2025: SERVER: destructor for server bound to port 35353
Thu Nov 20 11:03:02 2025: XCD main fifo: Good unlink of /tmp/xcdmain0fcac57b-3e42-412e-a22c-80c7a0a9d6a5
Thu Nov 20 11:03:02 2025: Server exiting with status 0.
Thu Nov 20 11:03:02 2025: Closing log file.
