================================================================
== Design Size Report
================================================================

* C-Synthesis has not completed!

* Total Instructions per Compilation Phase
+---------------+--------------------+--------------+----------------------------------------------------------------------------------+
| Phase         | Step               | Instructions | Description                                                                      |
+---------------+--------------------+--------------+----------------------------------------------------------------------------------+
| Compile/Link  |                    |     3,343    | After all functions are compiled and linked into a single design                 |
|               |                    |              |                                                                                  |
| Unroll/Inline |                    |              | After user unroll and inline pragmas are applied                                 |
|               | (1) unroll         | 2,467,976 *  | user unroll pragmas are applied                                                  |
|               | (2) simplification | 1,399,849 *  | simplification of applied user unroll pragmas                                    |
|               | (3) inline         | 1,363,950 *  | user inline pragmas are applied                                                  |
|               | (4) simplification | 1,290,753 *  | simplification of applied user inline pragmas                                    |
|               |                    |              |                                                                                  |
| Array/Struct  |                    | pending      | After user array partition and struct aggregate/disaggregate pragmas are applied |
| Performance   |                    |              | After transformations are applied to meet performance pragma targets             |
| HW Transforms |                    |              | After hardware transfomations                                                    |
+---------------+--------------------+--------------+----------------------------------------------------------------------------------+
    * - Exceeded design size warning message threshold

* Instructions per Function for each Compilation Phase
+-----------------+-----------------+--------------+---------------+
| Function        | Location        | Compile/Link | Unroll/Inline |
+-----------------+-----------------+--------------+---------------+
| + gnn           | gnn_hls.cpp:165 | 3,343        | 1,290,753 *   |
|    load_inputs  | gnn_hls.cpp:4   |   82         |      36       |
|    compute_gcn  | gnn_hls.cpp:37  | 3,159        | 1,290,671     |
|    store_result | gnn_hls.cpp:152 |   37         |      16       |
+-----------------+-----------------+--------------+---------------+
    * - Exceeded design size warning message threshold

* Design Size Message Settings
+---------------------------------------------+--------+------------------------------------------------------------------+
| Message Setting                             | Value  | Description                                                      |
+---------------------------------------------+--------+------------------------------------------------------------------+
| config_compile -design_size_maximum_warning | 100000 | Show a warning when total design instructions exceeds this value |
+---------------------------------------------+--------+------------------------------------------------------------------+


